C:\Users\KC\Documents\MCUXpressoIDE_11.9.0_2144\workspace\MKL25Z4_Project_LockdoorSingleServo\CMSIS/core_cm0plus.h:745:22:NVIC_EnableIRQ	16	static
C:\Users\KC\Documents\MCUXpressoIDE_11.9.0_2144\workspace\MKL25Z4_Project_LockdoorSingleServo\drivers/fsl_gpio.h:157:20:GPIO_WritePinOutput	24	static
C:\Users\KC\Documents\MCUXpressoIDE_11.9.0_2144\workspace\MKL25Z4_Project_LockdoorSingleServo\drivers/fsl_gpio.h:175:20:GPIO_SetPinsOutput	16	static
C:\Users\KC\Documents\MCUXpressoIDE_11.9.0_2144\workspace\MKL25Z4_Project_LockdoorSingleServo\drivers/fsl_gpio.h:186:20:GPIO_ClearPinsOutput	16	static
C:\Users\KC\Documents\MCUXpressoIDE_11.9.0_2144\workspace\MKL25Z4_Project_LockdoorSingleServo\drivers/fsl_tsi_v4.h:442:20:TSI_EnableModule	16	static
C:\Users\KC\Documents\MCUXpressoIDE_11.9.0_2144\workspace\MKL25Z4_Project_LockdoorSingleServo\drivers/fsl_tsi_v4.h:485:20:TSI_EnableHardwareTriggerScan	16	static
C:\Users\KC\Documents\MCUXpressoIDE_11.9.0_2144\workspace\MKL25Z4_Project_LockdoorSingleServo\drivers/fsl_tsi_v4.h:515:20:TSI_SetMeasuredChannelNumber	16	static
C:\Users\KC\Documents\MCUXpressoIDE_11.9.0_2144\workspace\MKL25Z4_Project_LockdoorSingleServo\drivers/fsl_tsi_v4.h:528:23:TSI_GetMeasuredChannelNumber	16	static
C:\Users\KC\Documents\MCUXpressoIDE_11.9.0_2144\workspace\MKL25Z4_Project_LockdoorSingleServo\drivers/fsl_tsi_v4.h:584:24:TSI_GetCounter	16	static
C:\Users\KC\Documents\MCUXpressoIDE_11.9.0_2144\workspace\MKL25Z4_Project_LockdoorSingleServo\drivers/fsl_lptmr.h:291:20:LPTMR_SetTimerPeriod	16	static
C:\Users\KC\Documents\MCUXpressoIDE_11.9.0_2144\workspace\MKL25Z4_Project_LockdoorSingleServo\drivers/fsl_lptmr.h:335:20:LPTMR_StartTimer	24	static
../source/MKL25Z4_Project_LockdoorSingleServo.c:148:13:delay_us	24	static
../source/MKL25Z4_Project_LockdoorSingleServo.c:165:17:pca9685_memWrite	56	static
../source/MKL25Z4_Project_LockdoorSingleServo.c:187:17:pca9685_memRead	56	static
../source/MKL25Z4_Project_LockdoorSingleServo.c:209:17:pca9685_write8	16	static
../source/MKL25Z4_Project_LockdoorSingleServo.c:219:17:pca9685_read8	16	static
../source/MKL25Z4_Project_LockdoorSingleServo.c:229:17:pca9685_init	24	static
../source/MKL25Z4_Project_LockdoorSingleServo.c:264:17:pca9685_setPWMFreq	40	static
../source/MKL25Z4_Project_LockdoorSingleServo.c:357:17:pca9685_setPWM	32	static
../source/MKL25Z4_Project_LockdoorSingleServo.c:399:17:setAllServos	24	static
../source/MKL25Z4_Project_LockdoorSingleServo.c:435:17:lockAllServos	8	static
../source/MKL25Z4_Project_LockdoorSingleServo.c:447:17:unlockAllServos	8	static
../source/MKL25Z4_Project_LockdoorSingleServo.c:459:6:TSI0_IRQHandler	24	static
../source/MKL25Z4_Project_LockdoorSingleServo.c:543:5:main	64	static
