../source/compass.c:32:13:COMPASS_DelayUs	64	static
../source/compass.c:94:13:COMPASS_WriteRegister	40	static
../source/compass.c:119:13:COMPASS_ReadRegisters	48	static
../source/compass.c:148:13:COMPASS_ReadRegister	24	static
../source/compass.c:159:16:COMPASS_Unsigned18ToSigned	16	static
../source/compass.c:164:13:COMPASS_DecodeMeasurement	40	static
../source/compass.c:235:6:COMPASS_Init	16	static
../source/compass.c:253:6:COMPASS_Begin	24	static
../source/compass.c:312:6:COMPASS_ReadProductId	16	static
../source/compass.c:324:6:COMPASS_SoftwareReset	16	static
../source/compass.c:338:6:COMPASS_SetBandwidth	24	static
../source/compass.c:355:6:COMPASS_Set	16	static
../source/compass.c:369:6:COMPASS_Reset	16	static
../source/compass.c:383:6:COMPASS_WaitForMagneticMeasurement	24	static
../source/compass.c:416:6:COMPASS_ReadData	24	static
../source/compass.c:438:6:COMPASS_Measure	16	static
../source/compass.c:468:6:COMPASS_CalibrateBridgeOffset	112	static
../source/compass.c:544:6:COMPASS_ClearBridgeOffset	16	static
../source/compass.c:558:10:COMPASS_LastI2CStatus	16	static
