C:\Users\KC\Documents\MCUXpressoIDE_11.9.0_2144\workspace\MKL25Z4_Project_SparkfunTFTHyperDisplayConfigure\drivers/fsl_gpio.h:157:20:GPIO_WritePinOutput	24	static
../source/HyperDisplay_ILI9163C.c:25:20:ILI9163C_fromHyperdisplay	16	static
../source/HyperDisplay_ILI9163C.c:34:26:ILI9163C_4WSPI_fromBase	16	static
../source/HyperDisplay_ILI9163C.c:43:26:ILI9163C_4WSPI_fromHyperdisplay	16	static
../source/HyperDisplay_ILI9163C.c:48:24:ILI9163C_callWritePacket	32	static
../source/HyperDisplay_ILI9163C.c:66:6:ILI9163C_init	32	static
../source/HyperDisplay_ILI9163C.c:99:21:ILI9163C_hsvTo18b	48	static
../source/HyperDisplay_ILI9163C.c:110:21:ILI9163C_hsvTo16b	48	static
../source/HyperDisplay_ILI9163C.c:121:21:ILI9163C_hsvTo12b	48	static
../source/HyperDisplay_ILI9163C.c:136:21:ILI9163C_rgbTo18b	32	static
../source/HyperDisplay_ILI9163C.c:147:21:ILI9163C_rgbTo16b	32	static
../source/HyperDisplay_ILI9163C.c:157:21:ILI9163C_rgbTo12b	32	static
../source/HyperDisplay_ILI9163C.c:183:9:ILI9163C_getBytesPerPixel	16	static
../source/HyperDisplay_ILI9163C.c:206:9:ILI9163C_getOffsetColor	32	static
../source/HyperDisplay_ILI9163C.c:234:6:ILI9163C_hwpixel	56	static
../source/HyperDisplay_ILI9163C.c:279:6:ILI9163C_swpixel	56	static
../source/HyperDisplay_ILI9163C.c:339:17:ILI9163C_swReset	24	static
../source/HyperDisplay_ILI9163C.c:345:17:ILI9163C_sleepIn	24	static
../source/HyperDisplay_ILI9163C.c:351:17:ILI9163C_sleepOut	24	static
../source/HyperDisplay_ILI9163C.c:357:17:ILI9163C_partialModeOn	24	static
../source/HyperDisplay_ILI9163C.c:363:17:ILI9163C_normalDisplayModeOn	24	static
../source/HyperDisplay_ILI9163C.c:373:17:ILI9163C_setInversion	24	static
../source/HyperDisplay_ILI9163C.c:379:17:ILI9163C_setPower	24	static
../source/HyperDisplay_ILI9163C.c:385:17:ILI9163C_setColumnAddress	24	static
../source/HyperDisplay_ILI9163C.c:402:17:ILI9163C_setRowAddress	24	static
../source/HyperDisplay_ILI9163C.c:419:17:ILI9163C_writeToRAM	32	static
../source/HyperDisplay_ILI9163C.c:438:17:ILI9163C_setMemoryAccessControl	32	static
../source/HyperDisplay_ILI9163C.c:460:17:ILI9163C_selectGammaCurve	24	static
../source/HyperDisplay_ILI9163C.c:470:17:ILI9163C_setPartialArea	24	static
../source/HyperDisplay_ILI9163C.c:487:17:ILI9163C_setVerticalScrolling	40	static
../source/HyperDisplay_ILI9163C.c:507:17:ILI9163C_setVerticalScrollingStartAddress	24	static
../source/HyperDisplay_ILI9163C.c:521:17:ILI9163C_setIdleMode	24	static
../source/HyperDisplay_ILI9163C.c:527:17:ILI9163C_setInterfacePixelFormat	32	static
../source/HyperDisplay_ILI9163C.c:565:17:ILI9163C_setTearingEffectLine	24	static
../source/HyperDisplay_ILI9163C.c:573:17:ILI9163C_setNormalFramerate	24	static
../source/HyperDisplay_ILI9163C.c:583:17:ILI9163C_setIdleFramerate	24	static
../source/HyperDisplay_ILI9163C.c:593:17:ILI9163C_setPartialFramerate	24	static
../source/HyperDisplay_ILI9163C.c:603:17:ILI9163C_setPowerControl1	24	static
../source/HyperDisplay_ILI9163C.c:618:17:ILI9163C_setPowerControl2	24	static
../source/HyperDisplay_ILI9163C.c:625:17:ILI9163C_setPowerControl3	24	static
../source/HyperDisplay_ILI9163C.c:632:17:ILI9163C_setPowerControl4	24	static
../source/HyperDisplay_ILI9163C.c:639:17:ILI9163C_setPowerControl5	24	static
../source/HyperDisplay_ILI9163C.c:646:17:ILI9163C_setVCOMControl1	24	static
../source/HyperDisplay_ILI9163C.c:661:17:ILI9163C_setVCOMControl2	16	static
../source/HyperDisplay_ILI9163C.c:676:17:ILI9163C_setVCOMOffsetControl	24	static
../source/HyperDisplay_ILI9163C.c:692:17:ILI9163C_setSrcDriverDir	24	static
../source/HyperDisplay_ILI9163C.c:699:17:ILI9163C_setGateDriverDir	24	static
../source/HyperDisplay_ILI9163C.c:706:17:ILI9163C_setGamRSel	24	static
../source/HyperDisplay_ILI9163C.c:713:17:ILI9163C_setPositiveGamCorr	24	static
../source/HyperDisplay_ILI9163C.c:727:17:ILI9163C_setNegativeGamCorr	24	static
../source/HyperDisplay_ILI9163C.c:745:6:ILI9163C_4WSPI_init	48	static
../source/HyperDisplay_ILI9163C.c:799:6:ILI9163C_4WSPI_setResetPin	40	static
../source/HyperDisplay_ILI9163C.c:825:17:ILI9163C_4WSPI_selectDriver	16	static
../source/HyperDisplay_ILI9163C.c:836:17:ILI9163C_4WSPI_deselectDriver	16	static
../source/HyperDisplay_ILI9163C.c:847:17:ILI9163C_4WSPI_transferSPIbuffer	56	static
../source/HyperDisplay_ILI9163C.c:882:17:ILI9163C_4WSPI_writePacket	48	static
../source/HyperDisplay_ILI9163C.c:945:17:ILI9163C_4WSPI_setSPIFreq	16	static
../source/HyperDisplay_ILI9163C.c:973:6:ILI9163C_4WSPI_hwxline	488	static
../source/HyperDisplay_ILI9163C.c:1123:6:ILI9163C_4WSPI_hwyline	576	static
../source/HyperDisplay_ILI9163C.c:1273:6:ILI9163C_4WSPI_hwfillFromArray	72	static
