../source/hyperdisplay.c:41:13:hd_swap	24	static
../source/hyperdisplay.c:53:20:hd_abs_len	24	static
../source/hyperdisplay.c:58:23:hd_abs_len_hw	16	static
../source/hyperdisplay.c:64:16:hd_offset_color	24	static
../source/hyperdisplay.c:77:16:hd_resolve_color	24	static
../source/hyperdisplay.c:94:17:hd_line_core	120	static
../source/hyperdisplay.c:199:6:hyperdisplay_init	16	static
../source/hyperdisplay.c:220:6:hyperdisplay_hwpixel	48	static
../source/hyperdisplay.c:238:6:hyperdisplay_swpixel	56	static
../source/hyperdisplay.c:256:6:hyperdisplay_hwxline	64	static
../source/hyperdisplay.c:319:6:hyperdisplay_hwyline	64	static
../source/hyperdisplay.c:382:6:hyperdisplay_hwrectangle	96	static
../source/hyperdisplay.c:505:6:hyperdisplay_hwfillFromArray	80	static
../source/hyperdisplay.c:592:13:hyperdisplay_wToPix	24	static
../source/hyperdisplay.c:604:6:hyperdisplay_swxline	64	static
../source/hyperdisplay.c:640:6:hyperdisplay_swyline	64	static
../source/hyperdisplay.c:676:6:hyperdisplay_swrectangle	88	static
../source/hyperdisplay.c:766:6:hyperdisplay_swfillFromArray	88	static
../source/hyperdisplay.c:832:6:hyperdisplay_pixel	72	static
../source/hyperdisplay.c:901:6:hyperdisplay_xline	88	static
../source/hyperdisplay.c:930:6:hyperdisplay_yline	88	static
../source/hyperdisplay.c:959:6:hyperdisplay_rectangle	128	static
../source/hyperdisplay.c:1046:6:hyperdisplay_fillFromArray	112	static
../source/hyperdisplay.c:1122:6:hyperdisplay_fillWindow	96	static
../source/hyperdisplay.c:1151:6:hyperdisplay_setWindowColorSequence	24	static
../source/hyperdisplay.c:1167:6:hyperdisplay_setCurrentWindowColorSequence	40	static
../source/hyperdisplay.c:1183:5:hyperdisplay_setWindowMemory	24	static
../source/hyperdisplay.c:1226:5:hyperdisplay_setCurrentWindowMemory	40	static
../source/hyperdisplay.c:1243:6:hyperdisplay_buffer	16	static
../source/hyperdisplay.c:1256:6:hyperdisplay_direct	16	static
../source/hyperdisplay.c:1269:6:hyperdisplay_show	96	static
../source/hyperdisplay.c:1311:6:hyperdisplay_getCharInfo	40	static
../source/hyperdisplay.c:1388:8:hyperdisplay_write	64	static
../source/hyperdisplay.c:1455:6:hyperdisplay_setTextCursor	24	static
../source/hyperdisplay.c:1473:6:hyperdisplay_resetTextCursor	24	static
../source/hyperdisplay.c:1497:10:hyperdisplay_line	80	static
../source/hyperdisplay.c:1520:6:hyperdisplay_polygon	112	static
../source/hyperdisplay.c:1557:6:hyperdisplay_circle	64	static
../source/hyperdisplay.c:1601:13:hyperdisplay_lineHighNorm	80	static
../source/hyperdisplay.c:1620:13:hyperdisplay_lineLowNorm	80	static
../source/hyperdisplay.c:1639:13:hyperdisplay_lineHighReverse	80	static
../source/hyperdisplay.c:1658:13:hyperdisplay_lineLowReverse	80	static
../source/hyperdisplay.c:1677:6:hyperdisplay_circle_Bresenham	56	static
../source/hyperdisplay.c:1692:6:hyperdisplay_circle_midpoint	88	static
../source/hyperdisplay.c:1733:6:hyperdisplay_circle_eight	96	static
../source/hyperdisplay.c:1810:10:hyperdisplay_getNewColorOffset	32	static
../source/hyperdisplay.c:1839:26:hyperdisplay_enforceHWLimits	64	static
../source/hyperdisplay.c:1904:26:hyperdisplay_enforceSWLimits	40	static
../source/hyperdisplay.c:1947:6:hyperdisplay_setWindowDefaults	24	static
../source/hyperdisplay.c:1988:6:hyperdisplayXLineCallback	32	static
../source/hyperdisplay.c:2000:6:hyperdisplayYLineCallback	32	static
../source/hyperdisplay.c:2012:6:hyperdisplayRectangleCallback	24	static
../source/hyperdisplay.c:2028:6:hyperdisplayFillFromArrayCallback	24	static
