C:\Users\KC\Documents\MCUXpressoIDE_11.9.0_2144\workspace\MKL25Z4_Project_SparkfunTFTHyperDisplayConfigure\drivers/fsl_clock.h:584:20:CLOCK_EnableClock	24	static
C:\Users\KC\Documents\MCUXpressoIDE_11.9.0_2144\workspace\MKL25Z4_Project_SparkfunTFTHyperDisplayConfigure\drivers/fsl_port.h:321:20:PORT_SetPinMux	24	static
../source/MKL25Z4_Project_SparkfunTFTHyperDisplayConfigure.c:1457:13:APP_DelayUs	64	static
../source/MKL25Z4_Project_SparkfunTFTHyperDisplayConfigure.c:1519:13:APP_InitI2CPins	8	static
../source/MKL25Z4_Project_SparkfunTFTHyperDisplayConfigure.c:1543:13:APP_InitI2C0	24	static
../source/MKL25Z4_Project_SparkfunTFTHyperDisplayConfigure.c:1561:13:TFT_InitPins	8	static
../source/MKL25Z4_Project_SparkfunTFTHyperDisplayConfigure.c:1595:13:TFT_InitSPI	24	static
../source/MKL25Z4_Project_SparkfunTFTHyperDisplayConfigure.c:1639:24:TFT_GetHyperDisplay	8	static
../source/MKL25Z4_Project_SparkfunTFTHyperDisplayConfigure.c:1644:13:TFT_SetTextColor	24	static
../source/MKL25Z4_Project_SparkfunTFTHyperDisplayConfigure.c:1655:13:TFT_PrintString	32	static
../source/MKL25Z4_Project_SparkfunTFTHyperDisplayConfigure.c:1687:13:APP_GetFloatSign	16	static
../source/MKL25Z4_Project_SparkfunTFTHyperDisplayConfigure.c:1697:16:APP_FloatMagnitudeToMilliUnits	24	static
../source/MKL25Z4_Project_SparkfunTFTHyperDisplayConfigure.c:1711:16:APP_NormalizedToThousandths	24	static
../source/MKL25Z4_Project_SparkfunTFTHyperDisplayConfigure.c:1725:12:APP_HeadingToTenths	24	static
../source/MKL25Z4_Project_SparkfunTFTHyperDisplayConfigure.c:1749:13:Compass_DrawFace	88	static
../source/MKL25Z4_Project_SparkfunTFTHyperDisplayConfigure.c:1806:13:Compass_ClearHeadingArea	72	static
../source/MKL25Z4_Project_SparkfunTFTHyperDisplayConfigure.c:1828:13:Compass_FormatHeading	24	static
../source/MKL25Z4_Project_SparkfunTFTHyperDisplayConfigure.c:1860:20:Compass_GetDirection	16	static
../source/MKL25Z4_Project_SparkfunTFTHyperDisplayConfigure.c:1918:13:Compass_CalculateNeedleVector	56	static
../source/MKL25Z4_Project_SparkfunTFTHyperDisplayConfigure.c:2017:13:Compass_DrawNeedleVector	96	static
../source/MKL25Z4_Project_SparkfunTFTHyperDisplayConfigure.c:2103:13:Compass_ErasePreviousNeedle	24	static
../source/MKL25Z4_Project_SparkfunTFTHyperDisplayConfigure.c:2122:13:Compass_DrawHeadingText	80	static
../source/MKL25Z4_Project_SparkfunTFTHyperDisplayConfigure.c:2187:13:Compass_UpdateDisplay	56	static
../source/MKL25Z4_Project_SparkfunTFTHyperDisplayConfigure.c:2233:13:Compass_ShowStatus	16	static
../source/MKL25Z4_Project_SparkfunTFTHyperDisplayConfigure.c:2262:5:main	200	static
