../source/lsm6dsv16x_reg.c:60:9:lsm6dsv16x_read_reg	48	static
../source/lsm6dsv16x_reg.c:81:9:lsm6dsv16x_write_reg	48	static
../source/lsm6dsv16x_reg.c:104:13:bytecpy	16	static
../source/lsm6dsv16x_reg.c:123:7:lsm6dsv16x_from_sflp_to_mg	16	static
../source/lsm6dsv16x_reg.c:128:7:lsm6dsv16x_from_fs2_to_mg	16	static
../source/lsm6dsv16x_reg.c:133:7:lsm6dsv16x_from_fs4_to_mg	16	static
../source/lsm6dsv16x_reg.c:138:7:lsm6dsv16x_from_fs8_to_mg	16	static
../source/lsm6dsv16x_reg.c:143:7:lsm6dsv16x_from_fs16_to_mg	16	static
../source/lsm6dsv16x_reg.c:148:7:lsm6dsv16x_from_fs125_to_mdps	16	static
../source/lsm6dsv16x_reg.c:153:7:lsm6dsv16x_from_fs250_to_mdps	16	static
../source/lsm6dsv16x_reg.c:158:7:lsm6dsv16x_from_fs500_to_mdps	16	static
../source/lsm6dsv16x_reg.c:163:7:lsm6dsv16x_from_fs1000_to_mdps	16	static
../source/lsm6dsv16x_reg.c:168:7:lsm6dsv16x_from_fs2000_to_mdps	16	static
../source/lsm6dsv16x_reg.c:173:7:lsm6dsv16x_from_fs4000_to_mdps	16	static
../source/lsm6dsv16x_reg.c:178:7:lsm6dsv16x_from_lsb_to_celsius	16	static
../source/lsm6dsv16x_reg.c:183:7:lsm6dsv16x_from_lsb_to_nsec	16	static
../source/lsm6dsv16x_reg.c:209:9:lsm6dsv16x_xl_offset_on_out_set	32	static
../source/lsm6dsv16x_reg.c:232:9:lsm6dsv16x_xl_offset_on_out_get	32	static
../source/lsm6dsv16x_reg.c:251:9:lsm6dsv16x_xl_offset_mg_set	48	static
../source/lsm6dsv16x_reg.c:337:9:lsm6dsv16x_xl_offset_mg_get	40	static
../source/lsm6dsv16x_reg.c:389:9:lsm6dsv16x_reset_set	40	static
../source/lsm6dsv16x_reg.c:425:9:lsm6dsv16x_reset_get	32	static
../source/lsm6dsv16x_reg.c:470:9:lsm6dsv16x_mem_bank_set	32	static
../source/lsm6dsv16x_reg.c:495:9:lsm6dsv16x_mem_bank_get	32	static
../source/lsm6dsv16x_reg.c:532:9:lsm6dsv16x_device_id_get	24	static
../source/lsm6dsv16x_reg.c:549:9:lsm6dsv16x_xl_data_rate_set	40	static
../source/lsm6dsv16x_reg.c:583:9:lsm6dsv16x_xl_data_rate_get	40	static
../source/lsm6dsv16x_reg.c:774:9:lsm6dsv16x_xl_mode_set	32	static
../source/lsm6dsv16x_reg.c:798:9:lsm6dsv16x_xl_mode_get	32	static
../source/lsm6dsv16x_reg.c:850:9:lsm6dsv16x_gy_data_rate_set	40	static
../source/lsm6dsv16x_reg.c:885:9:lsm6dsv16x_gy_data_rate_get	40	static
../source/lsm6dsv16x_reg.c:1076:9:lsm6dsv16x_gy_mode_set	32	static
../source/lsm6dsv16x_reg.c:1099:9:lsm6dsv16x_gy_mode_get	32	static
../source/lsm6dsv16x_reg.c:1138:9:lsm6dsv16x_auto_increment_set	32	static
../source/lsm6dsv16x_reg.c:1161:9:lsm6dsv16x_auto_increment_get	32	static
../source/lsm6dsv16x_reg.c:1181:9:lsm6dsv16x_block_data_update_set	32	static
../source/lsm6dsv16x_reg.c:1205:9:lsm6dsv16x_block_data_update_get	32	static
../source/lsm6dsv16x_reg.c:1224:9:lsm6dsv16x_odr_trig_cfg_set	32	static
../source/lsm6dsv16x_reg.c:1252:9:lsm6dsv16x_odr_trig_cfg_get	32	static
../source/lsm6dsv16x_reg.c:1271:9:lsm6dsv16x_data_ready_mode_set	32	static
../source/lsm6dsv16x_reg.c:1296:9:lsm6dsv16x_data_ready_mode_get	32	static
../source/lsm6dsv16x_reg.c:1329:9:lsm6dsv16x_interrupt_enable_set	40	static
../source/lsm6dsv16x_reg.c:1363:9:lsm6dsv16x_interrupt_enable_get	40	static
../source/lsm6dsv16x_reg.c:1387:9:lsm6dsv16x_gy_full_scale_set	32	static
../source/lsm6dsv16x_reg.c:1412:9:lsm6dsv16x_gy_full_scale_get	32	static
../source/lsm6dsv16x_reg.c:1461:9:lsm6dsv16x_xl_full_scale_set	32	static
../source/lsm6dsv16x_reg.c:1486:9:lsm6dsv16x_xl_full_scale_get	32	static
../source/lsm6dsv16x_reg.c:1527:9:lsm6dsv16x_xl_dual_channel_set	32	static
../source/lsm6dsv16x_reg.c:1551:9:lsm6dsv16x_xl_dual_channel_get	32	static
../source/lsm6dsv16x_reg.c:1570:9:lsm6dsv16x_xl_self_test_set	32	static
../source/lsm6dsv16x_reg.c:1595:9:lsm6dsv16x_xl_self_test_get	32	static
../source/lsm6dsv16x_reg.c:1632:9:lsm6dsv16x_gy_self_test_set	32	static
../source/lsm6dsv16x_reg.c:1657:9:lsm6dsv16x_gy_self_test_get	32	static
../source/lsm6dsv16x_reg.c:1694:9:lsm6dsv16x_ois_xl_self_test_set	32	static
../source/lsm6dsv16x_reg.c:1719:9:lsm6dsv16x_ois_xl_self_test_get	32	static
../source/lsm6dsv16x_reg.c:1756:9:lsm6dsv16x_ois_gy_self_test_set	32	static
../source/lsm6dsv16x_reg.c:1782:9:lsm6dsv16x_ois_gy_self_test_get	32	static
../source/lsm6dsv16x_reg.c:1827:9:lsm6dsv16x_pin_int1_route_set	40	static
../source/lsm6dsv16x_reg.c:1870:9:lsm6dsv16x_pin_int1_route_get	40	static
../source/lsm6dsv16x_reg.c:1908:9:lsm6dsv16x_pin_int2_route_set	40	static
../source/lsm6dsv16x_reg.c:1953:9:lsm6dsv16x_pin_int2_route_get	40	static
../source/lsm6dsv16x_reg.c:1998:9:lsm6dsv16x_all_sources_get	104	static
../source/lsm6dsv16x_reg.c:2157:9:lsm6dsv16x_flag_data_ready_get	32	static
../source/lsm6dsv16x_reg.c:2179:9:lsm6dsv16x_int_ack_mask_set	24	static
../source/lsm6dsv16x_reg.c:2196:9:lsm6dsv16x_int_ack_mask_get	24	static
../source/lsm6dsv16x_reg.c:2213:9:lsm6dsv16x_temperature_raw_get	32	static
../source/lsm6dsv16x_reg.c:2233:9:lsm6dsv16x_angular_rate_raw_get	40	static
../source/lsm6dsv16x_reg.c:2257:9:lsm6dsv16x_ois_angular_rate_raw_get	40	static
../source/lsm6dsv16x_reg.c:2281:9:lsm6dsv16x_ois_eis_angular_rate_raw_get	40	static
../source/lsm6dsv16x_reg.c:2305:9:lsm6dsv16x_acceleration_raw_get	40	static
../source/lsm6dsv16x_reg.c:2329:9:lsm6dsv16x_dual_acceleration_raw_get	40	static
../source/lsm6dsv16x_reg.c:2353:9:lsm6dsv16x_ah_qvar_raw_get	32	static
../source/lsm6dsv16x_reg.c:2373:9:lsm6dsv16x_odr_cal_reg_get	32	static
../source/lsm6dsv16x_reg.c:2392:9:lsm6dsv16x_ln_pg_write	64	static
../source/lsm6dsv16x_reg.c:2475:9:lsm6dsv16x_ln_pg_read	64	static
../source/lsm6dsv16x_reg.c:2551:9:lsm6dsv16x_emb_function_dbg_set	32	static
../source/lsm6dsv16x_reg.c:2575:9:lsm6dsv16x_emb_function_dbg_get	32	static
../source/lsm6dsv16x_reg.c:2611:9:lsm6dsv16x_den_polarity_set	32	static
../source/lsm6dsv16x_reg.c:2636:9:lsm6dsv16x_den_polarity_get	32	static
../source/lsm6dsv16x_reg.c:2668:9:lsm6dsv16x_den_conf_set	32	static
../source/lsm6dsv16x_reg.c:2724:9:lsm6dsv16x_den_conf_get	32	static
../source/lsm6dsv16x_reg.c:2797:9:lsm6dsv16x_eis_gy_full_scale_set	32	static
../source/lsm6dsv16x_reg.c:2822:9:lsm6dsv16x_eis_gy_full_scale_get	32	static
../source/lsm6dsv16x_reg.c:2867:9:lsm6dsv16x_eis_gy_on_spi2_set	32	static
../source/lsm6dsv16x_reg.c:2891:9:lsm6dsv16x_eis_gy_on_spi2_get	32	static
../source/lsm6dsv16x_reg.c:2910:9:lsm6dsv16x_gy_eis_data_rate_set	32	static
../source/lsm6dsv16x_reg.c:2935:9:lsm6dsv16x_gy_eis_data_rate_get	32	static
../source/lsm6dsv16x_reg.c:2984:9:lsm6dsv16x_fifo_watermark_set	32	static
../source/lsm6dsv16x_reg.c:3008:9:lsm6dsv16x_fifo_watermark_get	32	static
../source/lsm6dsv16x_reg.c:3027:9:lsm6dsv16x_fifo_xl_dual_fsm_batch_set	32	static
../source/lsm6dsv16x_reg.c:3050:9:lsm6dsv16x_fifo_xl_dual_fsm_batch_get	32	static
../source/lsm6dsv16x_reg.c:3070:9:lsm6dsv16x_fifo_compress_algo_set	32	static
../source/lsm6dsv16x_reg.c:3094:9:lsm6dsv16x_fifo_compress_algo_get	32	static
../source/lsm6dsv16x_reg.c:3134:9:lsm6dsv16x_fifo_virtual_sens_odr_chg_set	32	static
../source/lsm6dsv16x_reg.c:3157:9:lsm6dsv16x_fifo_virtual_sens_odr_chg_get	32	static
../source/lsm6dsv16x_reg.c:3177:9:lsm6dsv16x_fifo_compress_algo_real_time_set	40	static
../source/lsm6dsv16x_reg.c:3218:9:lsm6dsv16x_fifo_compress_algo_real_time_get	32	static
../source/lsm6dsv16x_reg.c:3239:9:lsm6dsv16x_fifo_stop_on_wtm_set	32	static
../source/lsm6dsv16x_reg.c:3262:9:lsm6dsv16x_fifo_stop_on_wtm_get	32	static
../source/lsm6dsv16x_reg.c:3281:9:lsm6dsv16x_fifo_xl_batch_set	32	static
../source/lsm6dsv16x_reg.c:3305:9:lsm6dsv16x_fifo_xl_batch_get	32	static
../source/lsm6dsv16x_reg.c:3381:9:lsm6dsv16x_fifo_gy_batch_set	32	static
../source/lsm6dsv16x_reg.c:3405:9:lsm6dsv16x_fifo_gy_batch_get	32	static
../source/lsm6dsv16x_reg.c:3482:9:lsm6dsv16x_fifo_mode_set	32	static
../source/lsm6dsv16x_reg.c:3505:9:lsm6dsv16x_fifo_mode_get	32	static
../source/lsm6dsv16x_reg.c:3556:9:lsm6dsv16x_fifo_gy_eis_batch_set	32	static
../source/lsm6dsv16x_reg.c:3579:9:lsm6dsv16x_fifo_gy_eis_batch_get	32	static
../source/lsm6dsv16x_reg.c:3598:9:lsm6dsv16x_fifo_temp_batch_set	32	static
../source/lsm6dsv16x_reg.c:3622:9:lsm6dsv16x_fifo_temp_batch_get	32	static
../source/lsm6dsv16x_reg.c:3662:9:lsm6dsv16x_fifo_timestamp_batch_set	32	static
../source/lsm6dsv16x_reg.c:3686:9:lsm6dsv16x_fifo_timestamp_batch_get	32	static
../source/lsm6dsv16x_reg.c:3726:9:lsm6dsv16x_fifo_batch_counter_threshold_set	24	static
../source/lsm6dsv16x_reg.c:3747:9:lsm6dsv16x_fifo_batch_counter_threshold_get	32	static
../source/lsm6dsv16x_reg.c:3768:9:lsm6dsv16x_fifo_batch_cnt_event_set	32	static
../source/lsm6dsv16x_reg.c:3792:9:lsm6dsv16x_fifo_batch_cnt_event_get	32	static
../source/lsm6dsv16x_reg.c:3820:9:lsm6dsv16x_fifo_status_get	40	static
../source/lsm6dsv16x_reg.c:3857:9:lsm6dsv16x_fifo_out_raw_get	40	static
../source/lsm6dsv16x_reg.c:4006:9:lsm6dsv16x_fifo_stpcnt_batch_set	32	static
../source/lsm6dsv16x_reg.c:4035:9:lsm6dsv16x_fifo_stpcnt_batch_get	24	static
../source/lsm6dsv16x_reg.c:4061:9:lsm6dsv16x_fifo_mlc_batch_set	32	static
../source/lsm6dsv16x_reg.c:4090:9:lsm6dsv16x_fifo_mlc_batch_get	24	static
../source/lsm6dsv16x_reg.c:4116:9:lsm6dsv16x_fifo_mlc_filt_batch_set	32	static
../source/lsm6dsv16x_reg.c:4145:9:lsm6dsv16x_fifo_mlc_filt_batch_get	24	static
../source/lsm6dsv16x_reg.c:4171:9:lsm6dsv16x_fifo_batch_sh_slave_0_set	32	static
../source/lsm6dsv16x_reg.c:4200:9:lsm6dsv16x_fifo_batch_sh_slave_0_get	24	static
../source/lsm6dsv16x_reg.c:4226:9:lsm6dsv16x_fifo_batch_sh_slave_1_set	32	static
../source/lsm6dsv16x_reg.c:4255:9:lsm6dsv16x_fifo_batch_sh_slave_1_get	24	static
../source/lsm6dsv16x_reg.c:4281:9:lsm6dsv16x_fifo_batch_sh_slave_2_set	32	static
../source/lsm6dsv16x_reg.c:4310:9:lsm6dsv16x_fifo_batch_sh_slave_2_get	24	static
../source/lsm6dsv16x_reg.c:4336:9:lsm6dsv16x_fifo_batch_sh_slave_3_set	32	static
../source/lsm6dsv16x_reg.c:4365:9:lsm6dsv16x_fifo_batch_sh_slave_3_get	24	static
../source/lsm6dsv16x_reg.c:4391:9:lsm6dsv16x_fifo_sflp_batch_set	32	static
../source/lsm6dsv16x_reg.c:4421:9:lsm6dsv16x_fifo_sflp_batch_get	32	static
../source/lsm6dsv16x_reg.c:4463:9:lsm6dsv16x_filt_anti_spike_set	32	static
../source/lsm6dsv16x_reg.c:4488:9:lsm6dsv16x_filt_anti_spike_get	32	static
../source/lsm6dsv16x_reg.c:4520:9:lsm6dsv16x_filt_settling_mask_set	40	static
../source/lsm6dsv16x_reg.c:4571:9:lsm6dsv16x_filt_settling_mask_get	40	static
../source/lsm6dsv16x_reg.c:4604:9:lsm6dsv16x_filt_ois_settling_mask_set	32	static
../source/lsm6dsv16x_reg.c:4629:9:lsm6dsv16x_filt_ois_settling_mask_get	32	static
../source/lsm6dsv16x_reg.c:4650:9:lsm6dsv16x_filt_gy_lp1_bandwidth_set	32	static
../source/lsm6dsv16x_reg.c:4674:9:lsm6dsv16x_filt_gy_lp1_bandwidth_get	32	static
../source/lsm6dsv16x_reg.c:4730:9:lsm6dsv16x_filt_gy_lp1_set	32	static
../source/lsm6dsv16x_reg.c:4754:9:lsm6dsv16x_filt_gy_lp1_get	32	static
../source/lsm6dsv16x_reg.c:4773:9:lsm6dsv16x_filt_xl_lp2_bandwidth_set	32	static
../source/lsm6dsv16x_reg.c:4797:9:lsm6dsv16x_filt_xl_lp2_bandwidth_get	32	static
../source/lsm6dsv16x_reg.c:4853:9:lsm6dsv16x_filt_xl_lp2_set	32	static
../source/lsm6dsv16x_reg.c:4876:9:lsm6dsv16x_filt_xl_lp2_get	32	static
../source/lsm6dsv16x_reg.c:4895:9:lsm6dsv16x_filt_xl_hp_set	32	static
../source/lsm6dsv16x_reg.c:4918:9:lsm6dsv16x_filt_xl_hp_get	32	static
../source/lsm6dsv16x_reg.c:4937:9:lsm6dsv16x_filt_xl_fast_settling_set	32	static
../source/lsm6dsv16x_reg.c:4960:9:lsm6dsv16x_filt_xl_fast_settling_get	32	static
../source/lsm6dsv16x_reg.c:4979:9:lsm6dsv16x_filt_xl_hp_mode_set	32	static
../source/lsm6dsv16x_reg.c:5003:9:lsm6dsv16x_filt_xl_hp_mode_get	32	static
../source/lsm6dsv16x_reg.c:5035:9:lsm6dsv16x_filt_wkup_act_feed_set	40	static
../source/lsm6dsv16x_reg.c:5070:9:lsm6dsv16x_filt_wkup_act_feed_get	32	static
../source/lsm6dsv16x_reg.c:5112:9:lsm6dsv16x_mask_trigger_xl_settl_set	32	static
../source/lsm6dsv16x_reg.c:5136:9:lsm6dsv16x_mask_trigger_xl_settl_get	32	static
../source/lsm6dsv16x_reg.c:5155:9:lsm6dsv16x_filt_sixd_feed_set	32	static
../source/lsm6dsv16x_reg.c:5180:9:lsm6dsv16x_filt_sixd_feed_get	32	static
../source/lsm6dsv16x_reg.c:5213:9:lsm6dsv16x_filt_gy_eis_lp_bandwidth_set	32	static
../source/lsm6dsv16x_reg.c:5238:9:lsm6dsv16x_filt_gy_eis_lp_bandwidth_get	32	static
../source/lsm6dsv16x_reg.c:5271:9:lsm6dsv16x_filt_gy_ois_lp_bandwidth_set	32	static
../source/lsm6dsv16x_reg.c:5296:9:lsm6dsv16x_filt_gy_ois_lp_bandwidth_get	32	static
../source/lsm6dsv16x_reg.c:5338:9:lsm6dsv16x_filt_xl_ois_lp_bandwidth_set	32	static
../source/lsm6dsv16x_reg.c:5363:9:lsm6dsv16x_filt_xl_ois_lp_bandwidth_get	32	static
../source/lsm6dsv16x_reg.c:5433:9:lsm6dsv16x_fsm_permission_set	32	static
../source/lsm6dsv16x_reg.c:5458:9:lsm6dsv16x_fsm_permission_get	32	static
../source/lsm6dsv16x_reg.c:5491:9:lsm6dsv16x_fsm_permission_status	32	static
../source/lsm6dsv16x_reg.c:5511:9:lsm6dsv16x_fsm_mode_set	40	static
../source/lsm6dsv16x_reg.c:5564:9:lsm6dsv16x_fsm_mode_get	32	static
../source/lsm6dsv16x_reg.c:5596:9:lsm6dsv16x_fsm_long_cnt_set	24	static
../source/lsm6dsv16x_reg.c:5618:9:lsm6dsv16x_fsm_long_cnt_get	24	static
../source/lsm6dsv16x_reg.c:5644:9:lsm6dsv16x_fsm_out_get	24	static
../source/lsm6dsv16x_reg.c:5666:9:lsm6dsv16x_fsm_data_rate_set	32	static
../source/lsm6dsv16x_reg.c:5696:9:lsm6dsv16x_fsm_data_rate_get	24	static
../source/lsm6dsv16x_reg.c:5755:17:npy_floatbits_to_halfbits	40	static
../source/lsm6dsv16x_reg.c:5893:17:npy_float_to_half	24	static
../source/lsm6dsv16x_reg.c:5914:9:lsm6dsv16x_sflp_game_gbias_set	88	static
../source/lsm6dsv16x_reg.c:6076:9:lsm6dsv16x_fsm_ext_sens_sensitivity_set	24	static
../source/lsm6dsv16x_reg.c:6096:9:lsm6dsv16x_fsm_ext_sens_sensitivity_get	32	static
../source/lsm6dsv16x_reg.c:6117:9:lsm6dsv16x_fsm_ext_sens_offset_set	40	static
../source/lsm6dsv16x_reg.c:6142:9:lsm6dsv16x_fsm_ext_sens_offset_get	40	static
../source/lsm6dsv16x_reg.c:6168:9:lsm6dsv16x_fsm_ext_sens_matrix_set	40	static
../source/lsm6dsv16x_reg.c:6199:9:lsm6dsv16x_fsm_ext_sens_matrix_get	40	static
../source/lsm6dsv16x_reg.c:6231:9:lsm6dsv16x_fsm_ext_sens_z_orient_set	32	static
../source/lsm6dsv16x_reg.c:6255:9:lsm6dsv16x_fsm_ext_sens_z_orient_get	32	static
../source/lsm6dsv16x_reg.c:6303:9:lsm6dsv16x_fsm_ext_sens_y_orient_set	32	static
../source/lsm6dsv16x_reg.c:6327:9:lsm6dsv16x_fsm_ext_sens_y_orient_get	32	static
../source/lsm6dsv16x_reg.c:6375:9:lsm6dsv16x_fsm_ext_sens_x_orient_set	32	static
../source/lsm6dsv16x_reg.c:6399:9:lsm6dsv16x_fsm_ext_sens_x_orient_get	32	static
../source/lsm6dsv16x_reg.c:6447:9:lsm6dsv16x_fsm_long_cnt_timeout_set	24	static
../source/lsm6dsv16x_reg.c:6467:9:lsm6dsv16x_fsm_long_cnt_timeout_get	32	static
../source/lsm6dsv16x_reg.c:6487:9:lsm6dsv16x_fsm_number_of_programs_set	32	static
../source/lsm6dsv16x_reg.c:6510:9:lsm6dsv16x_fsm_number_of_programs_get	32	static
../source/lsm6dsv16x_reg.c:6529:9:lsm6dsv16x_fsm_start_address_set	24	static
../source/lsm6dsv16x_reg.c:6549:9:lsm6dsv16x_fsm_start_address_get	32	static
../source/lsm6dsv16x_reg.c:6582:9:lsm6dsv16x_ff_time_windows_set	40	static
../source/lsm6dsv16x_reg.c:6616:9:lsm6dsv16x_ff_time_windows_get	32	static
../source/lsm6dsv16x_reg.c:6641:9:lsm6dsv16x_ff_thresholds_set	32	static
../source/lsm6dsv16x_reg.c:6665:9:lsm6dsv16x_ff_thresholds_get	32	static
../source/lsm6dsv16x_reg.c:6734:9:lsm6dsv16x_mlc_mode_set	40	static
../source/lsm6dsv16x_reg.c:6773:9:lsm6dsv16x_mlc_mode_get	32	static
../source/lsm6dsv16x_reg.c:6819:9:lsm6dsv16x_mlc_data_rate_set	32	static
../source/lsm6dsv16x_reg.c:6849:9:lsm6dsv16x_mlc_data_rate_get	24	static
../source/lsm6dsv16x_reg.c:6907:9:lsm6dsv16x_mlc_out_get	24	static
../source/lsm6dsv16x_reg.c:6928:9:lsm6dsv16x_mlc_ext_sens_sensitivity_set	24	static
../source/lsm6dsv16x_reg.c:6949:9:lsm6dsv16x_mlc_ext_sens_sensitivity_get	32	static
../source/lsm6dsv16x_reg.c:6983:9:lsm6dsv16x_ois_ctrl_mode_set	32	static
../source/lsm6dsv16x_reg.c:7007:9:lsm6dsv16x_ois_ctrl_mode_get	32	static
../source/lsm6dsv16x_reg.c:7039:9:lsm6dsv16x_ois_reset_set	32	static
../source/lsm6dsv16x_reg.c:7062:9:lsm6dsv16x_ois_reset_get	32	static
../source/lsm6dsv16x_reg.c:7081:9:lsm6dsv16x_ois_interface_pull_up_set	32	static
../source/lsm6dsv16x_reg.c:7104:9:lsm6dsv16x_ois_interface_pull_up_get	32	static
../source/lsm6dsv16x_reg.c:7123:9:lsm6dsv16x_ois_handshake_from_ui_set	32	static
../source/lsm6dsv16x_reg.c:7148:9:lsm6dsv16x_ois_handshake_from_ui_get	32	static
../source/lsm6dsv16x_reg.c:7169:9:lsm6dsv16x_ois_handshake_from_ois_set	32	static
../source/lsm6dsv16x_reg.c:7194:9:lsm6dsv16x_ois_handshake_from_ois_get	32	static
../source/lsm6dsv16x_reg.c:7215:9:lsm6dsv16x_ois_shared_set	24	static
../source/lsm6dsv16x_reg.c:7232:9:lsm6dsv16x_ois_shared_get	24	static
../source/lsm6dsv16x_reg.c:7249:9:lsm6dsv16x_ois_on_spi2_set	32	static
../source/lsm6dsv16x_reg.c:7272:9:lsm6dsv16x_ois_on_spi2_get	32	static
../source/lsm6dsv16x_reg.c:7291:9:lsm6dsv16x_ois_chain_set	32	static
../source/lsm6dsv16x_reg.c:7315:9:lsm6dsv16x_ois_chain_get	32	static
../source/lsm6dsv16x_reg.c:7335:9:lsm6dsv16x_ois_gy_full_scale_set	32	static
../source/lsm6dsv16x_reg.c:7359:9:lsm6dsv16x_ois_gy_full_scale_get	32	static
../source/lsm6dsv16x_reg.c:7403:9:lsm6dsv16x_ois_xl_full_scale_set	32	static
../source/lsm6dsv16x_reg.c:7427:9:lsm6dsv16x_ois_xl_full_scale_get	32	static
../source/lsm6dsv16x_reg.c:7480:9:lsm6dsv16x_6d_threshold_set	32	static
../source/lsm6dsv16x_reg.c:7504:9:lsm6dsv16x_6d_threshold_get	32	static
../source/lsm6dsv16x_reg.c:7544:9:lsm6dsv16x_4d_mode_set	32	static
../source/lsm6dsv16x_reg.c:7567:9:lsm6dsv16x_4d_mode_get	32	static
../source/lsm6dsv16x_reg.c:7599:9:lsm6dsv16x_ah_qvar_zin_set	32	static
../source/lsm6dsv16x_reg.c:7623:9:lsm6dsv16x_ah_qvar_zin_get	32	static
../source/lsm6dsv16x_reg.c:7663:9:lsm6dsv16x_ah_qvar_mode_set	32	static
../source/lsm6dsv16x_reg.c:7687:9:lsm6dsv16x_ah_qvar_mode_get	32	static
../source/lsm6dsv16x_reg.c:7720:9:lsm6dsv16x_i3c_reset_mode_set	32	static
../source/lsm6dsv16x_reg.c:7744:9:lsm6dsv16x_i3c_reset_mode_get	32	static
../source/lsm6dsv16x_reg.c:7776:9:lsm6dsv16x_i3c_ibi_time_set	32	static
../source/lsm6dsv16x_reg.c:7800:9:lsm6dsv16x_i3c_ibi_time_get	32	static
../source/lsm6dsv16x_reg.c:7853:9:lsm6dsv16x_sh_master_interface_pull_up_set	32	static
../source/lsm6dsv16x_reg.c:7877:9:lsm6dsv16x_sh_master_interface_pull_up_get	32	static
../source/lsm6dsv16x_reg.c:7897:9:lsm6dsv16x_sh_read_data_raw_get	32	static
../source/lsm6dsv16x_reg.c:7923:9:lsm6dsv16x_sh_slave_connected_set	32	static
../source/lsm6dsv16x_reg.c:7953:9:lsm6dsv16x_sh_slave_connected_get	24	static
../source/lsm6dsv16x_reg.c:7999:9:lsm6dsv16x_sh_master_set	32	static
../source/lsm6dsv16x_reg.c:8028:9:lsm6dsv16x_sh_master_get	24	static
../source/lsm6dsv16x_reg.c:8054:9:lsm6dsv16x_sh_pass_through_set	32	static
../source/lsm6dsv16x_reg.c:8083:9:lsm6dsv16x_sh_pass_through_get	24	static
../source/lsm6dsv16x_reg.c:8109:9:lsm6dsv16x_sh_syncro_mode_set	32	static
../source/lsm6dsv16x_reg.c:8139:9:lsm6dsv16x_sh_syncro_mode_get	24	static
../source/lsm6dsv16x_reg.c:8177:9:lsm6dsv16x_sh_write_mode_set	32	static
../source/lsm6dsv16x_reg.c:8207:9:lsm6dsv16x_sh_write_mode_get	24	static
../source/lsm6dsv16x_reg.c:8246:9:lsm6dsv16x_sh_reset_set	32	static
../source/lsm6dsv16x_reg.c:8275:9:lsm6dsv16x_sh_reset_get	24	static
../source/lsm6dsv16x_reg.c:8304:9:lsm6dsv16x_sh_cfg_write	32	static
../source/lsm6dsv16x_reg.c:8343:9:lsm6dsv16x_sh_data_rate_set	32	static
../source/lsm6dsv16x_reg.c:8373:9:lsm6dsv16x_sh_data_rate_get	24	static
../source/lsm6dsv16x_reg.c:8430:9:lsm6dsv16x_sh_slv0_cfg_read	40	static
../source/lsm6dsv16x_reg.c:8481:9:lsm6dsv16x_sh_slv1_cfg_read	40	static
../source/lsm6dsv16x_reg.c:8532:9:lsm6dsv16x_sh_slv2_cfg_read	40	static
../source/lsm6dsv16x_reg.c:8583:9:lsm6dsv16x_sh_slv3_cfg_read	40	static
../source/lsm6dsv16x_reg.c:8644:9:lsm6dsv16x_ui_sdo_pull_up_set	32	static
../source/lsm6dsv16x_reg.c:8667:9:lsm6dsv16x_ui_sdo_pull_up_get	32	static
../source/lsm6dsv16x_reg.c:8686:9:lsm6dsv16x_ui_i2c_i3c_mode_set	32	static
../source/lsm6dsv16x_reg.c:8710:9:lsm6dsv16x_ui_i2c_i3c_mode_get	32	static
../source/lsm6dsv16x_reg.c:8742:9:lsm6dsv16x_spi_mode_set	32	static
../source/lsm6dsv16x_reg.c:8765:9:lsm6dsv16x_spi_mode_get	32	static
../source/lsm6dsv16x_reg.c:8796:9:lsm6dsv16x_ui_sda_pull_up_set	32	static
../source/lsm6dsv16x_reg.c:8819:9:lsm6dsv16x_ui_sda_pull_up_get	32	static
../source/lsm6dsv16x_reg.c:8838:9:lsm6dsv16x_spi2_mode_set	32	static
../source/lsm6dsv16x_reg.c:8861:9:lsm6dsv16x_spi2_mode_get	32	static
../source/lsm6dsv16x_reg.c:8906:9:lsm6dsv16x_sigmot_mode_set	32	static
../source/lsm6dsv16x_reg.c:8935:9:lsm6dsv16x_sigmot_mode_get	24	static
../source/lsm6dsv16x_reg.c:8972:9:lsm6dsv16x_stpcnt_mode_set	40	static
../source/lsm6dsv16x_reg.c:9023:9:lsm6dsv16x_stpcnt_mode_get	32	static
../source/lsm6dsv16x_reg.c:9055:9:lsm6dsv16x_stpcnt_steps_get	24	static
../source/lsm6dsv16x_reg.c:9081:9:lsm6dsv16x_stpcnt_rst_step_set	32	static
../source/lsm6dsv16x_reg.c:9110:9:lsm6dsv16x_stpcnt_rst_step_get	24	static
../source/lsm6dsv16x_reg.c:9136:9:lsm6dsv16x_stpcnt_debounce_set	32	static
../source/lsm6dsv16x_reg.c:9159:9:lsm6dsv16x_stpcnt_debounce_get	32	static
../source/lsm6dsv16x_reg.c:9178:9:lsm6dsv16x_stpcnt_period_set	24	static
../source/lsm6dsv16x_reg.c:9198:9:lsm6dsv16x_stpcnt_period_get	32	static
../source/lsm6dsv16x_reg.c:9230:9:lsm6dsv16x_sflp_game_rotation_set	32	static
../source/lsm6dsv16x_reg.c:9257:9:lsm6dsv16x_sflp_game_rotation_get	32	static
../source/lsm6dsv16x_reg.c:9282:9:lsm6dsv16x_sflp_data_rate_set	32	static
../source/lsm6dsv16x_reg.c:9309:9:lsm6dsv16x_sflp_data_rate_get	32	static
../source/lsm6dsv16x_reg.c:9373:9:lsm6dsv16x_tap_detection_set	32	static
../source/lsm6dsv16x_reg.c:9399:9:lsm6dsv16x_tap_detection_get	32	static
../source/lsm6dsv16x_reg.c:9421:9:lsm6dsv16x_tap_thresholds_set	40	static
../source/lsm6dsv16x_reg.c:9467:9:lsm6dsv16x_tap_thresholds_get	32	static
../source/lsm6dsv16x_reg.c:9500:9:lsm6dsv16x_tap_axis_priority_set	32	static
../source/lsm6dsv16x_reg.c:9524:9:lsm6dsv16x_tap_axis_priority_get	32	static
../source/lsm6dsv16x_reg.c:9572:9:lsm6dsv16x_tap_time_windows_set	32	static
../source/lsm6dsv16x_reg.c:9598:9:lsm6dsv16x_tap_time_windows_get	32	static
../source/lsm6dsv16x_reg.c:9620:9:lsm6dsv16x_tap_mode_set	32	static
../source/lsm6dsv16x_reg.c:9643:9:lsm6dsv16x_tap_mode_get	32	static
../source/lsm6dsv16x_reg.c:9687:9:lsm6dsv16x_tilt_mode_set	32	static
../source/lsm6dsv16x_reg.c:9715:9:lsm6dsv16x_tilt_mode_get	24	static
../source/lsm6dsv16x_reg.c:9753:9:lsm6dsv16x_timestamp_raw_get	32	static
../source/lsm6dsv16x_reg.c:9775:9:lsm6dsv16x_timestamp_set	32	static
../source/lsm6dsv16x_reg.c:9798:9:lsm6dsv16x_timestamp_get	32	static
../source/lsm6dsv16x_reg.c:9830:9:lsm6dsv16x_act_mode_set	32	static
../source/lsm6dsv16x_reg.c:9853:9:lsm6dsv16x_act_mode_get	32	static
../source/lsm6dsv16x_reg.c:9892:9:lsm6dsv16x_act_from_sleep_to_act_dur_set	32	static
../source/lsm6dsv16x_reg.c:9916:9:lsm6dsv16x_act_from_sleep_to_act_dur_get	32	static
../source/lsm6dsv16x_reg.c:9956:9:lsm6dsv16x_act_sleep_xl_odr_set	32	static
../source/lsm6dsv16x_reg.c:9980:9:lsm6dsv16x_act_sleep_xl_odr_get	32	static
../source/lsm6dsv16x_reg.c:10020:9:lsm6dsv16x_act_thresholds_set	56	static
../source/lsm6dsv16x_reg.c:10058:9:lsm6dsv16x_act_thresholds_get	56	static
../source/lsm6dsv16x_reg.c:10091:9:lsm6dsv16x_act_wkup_time_windows_set	32	static
../source/lsm6dsv16x_reg.c:10116:9:lsm6dsv16x_act_wkup_time_windows_get	32	static
