../source/sfe_lsm6dsv16x.c:9:13:LSM6DSV16X_DelayMs	24	static
../source/sfe_lsm6dsv16x.c:35:6:SFE_LSM6DSV16X_Init	24	static
../source/sfe_lsm6dsv16x.c:60:6:SFE_LSM6DSV16X_IsConnected	16	static
../source/sfe_lsm6dsv16x.c:70:9:SFE_LSM6DSV16X_WriteRegisterRegion	32	static
../source/sfe_lsm6dsv16x.c:83:9:SFE_LSM6DSV16X_ReadRegisterRegion	32	static
../source/sfe_lsm6dsv16x.c:96:6:SFE_LSM6DSV16X_SetAccelFullScale	24	static
../source/sfe_lsm6dsv16x.c:116:6:SFE_LSM6DSV16X_SetGyroFullScale	24	static
../source/sfe_lsm6dsv16x.c:136:6:SFE_LSM6DSV16X_GetAccelFullScale	24	static
../source/sfe_lsm6dsv16x.c:153:6:SFE_LSM6DSV16X_GetGyroFullScale	24	static
../source/sfe_lsm6dsv16x.c:170:9:SFE_LSM6DSV16X_GetUniqueId	24	static
../source/sfe_lsm6dsv16x.c:188:6:SFE_LSM6DSV16X_GetRawTemp	24	static
../source/sfe_lsm6dsv16x.c:204:6:SFE_LSM6DSV16X_GetRawAccel	40	static
../source/sfe_lsm6dsv16x.c:225:6:SFE_LSM6DSV16X_GetRawGyro	40	static
../source/sfe_lsm6dsv16x.c:247:6:SFE_LSM6DSV16X_GetRawQvar	24	static
../source/sfe_lsm6dsv16x.c:264:6:SFE_LSM6DSV16X_GetAccel	40	static
../source/sfe_lsm6dsv16x.c:318:6:SFE_LSM6DSV16X_GetGyro	40	static
../source/sfe_lsm6dsv16x.c:382:7:SFE_LSM6DSV16X_Convert2gToMg	16	static
../source/sfe_lsm6dsv16x.c:388:7:SFE_LSM6DSV16X_Convert4gToMg	16	static
../source/sfe_lsm6dsv16x.c:394:7:SFE_LSM6DSV16X_Convert8gToMg	16	static
../source/sfe_lsm6dsv16x.c:400:7:SFE_LSM6DSV16X_Convert16gToMg	16	static
../source/sfe_lsm6dsv16x.c:406:7:SFE_LSM6DSV16X_Convert125dpsToMdps	16	static
../source/sfe_lsm6dsv16x.c:412:7:SFE_LSM6DSV16X_Convert250dpsToMdps	16	static
../source/sfe_lsm6dsv16x.c:418:7:SFE_LSM6DSV16X_Convert500dpsToMdps	16	static
../source/sfe_lsm6dsv16x.c:424:7:SFE_LSM6DSV16X_Convert1000dpsToMdps	16	static
../source/sfe_lsm6dsv16x.c:430:7:SFE_LSM6DSV16X_Convert2000dpsToMdps	16	static
../source/sfe_lsm6dsv16x.c:436:7:SFE_LSM6DSV16X_Convert4000dpsToMdps	16	static
../source/sfe_lsm6dsv16x.c:442:7:SFE_LSM6DSV16X_ConvertToCelsius	16	static
../source/sfe_lsm6dsv16x.c:448:6:SFE_LSM6DSV16X_DeviceReset	24	static
../source/sfe_lsm6dsv16x.c:470:6:SFE_LSM6DSV16X_GetDeviceReset	24	static
../source/sfe_lsm6dsv16x.c:493:6:SFE_LSM6DSV16X_GetAutoIncrement	24	static
../source/sfe_lsm6dsv16x.c:516:6:SFE_LSM6DSV16X_SetAccelMode	24	static
../source/sfe_lsm6dsv16x.c:534:6:SFE_LSM6DSV16X_SetGyroMode	24	static
../source/sfe_lsm6dsv16x.c:552:6:SFE_LSM6DSV16X_EnableAccelHpFilter	24	static
../source/sfe_lsm6dsv16x.c:570:6:SFE_LSM6DSV16X_EnableFilterSettling	32	static
../source/sfe_lsm6dsv16x.c:593:6:SFE_LSM6DSV16X_EnableAccelLPS2	24	static
../source/sfe_lsm6dsv16x.c:611:6:SFE_LSM6DSV16X_EnableFastSetMode	24	static
../source/sfe_lsm6dsv16x.c:629:6:SFE_LSM6DSV16X_EnableGyroLP1Filter	24	static
../source/sfe_lsm6dsv16x.c:647:6:SFE_LSM6DSV16X_SetGyroLP1Bandwidth	24	static
../source/sfe_lsm6dsv16x.c:668:6:SFE_LSM6DSV16X_EnableAccelLP2Filter	24	static
../source/sfe_lsm6dsv16x.c:686:6:SFE_LSM6DSV16X_SetAccelLP2Bandwidth	24	static
../source/sfe_lsm6dsv16x.c:707:6:SFE_LSM6DSV16X_EnableBlockDataUpdate	24	static
../source/sfe_lsm6dsv16x.c:726:9:SFE_LSM6DSV16X_GetBlockDataUpdate	24	static
../source/sfe_lsm6dsv16x.c:746:6:SFE_LSM6DSV16X_SetAccelDataRate	24	static
../source/sfe_lsm6dsv16x.c:764:6:SFE_LSM6DSV16X_SetGyroDataRate	24	static
../source/sfe_lsm6dsv16x.c:782:6:SFE_LSM6DSV16X_EnableTimestamp	24	static
../source/sfe_lsm6dsv16x.c:800:6:SFE_LSM6DSV16X_SetFifoWatermark	24	static
../source/sfe_lsm6dsv16x.c:818:6:SFE_LSM6DSV16X_SetFifoMode	24	static
../source/sfe_lsm6dsv16x.c:836:6:SFE_LSM6DSV16X_SetAccelFifoBatchSet	24	static
../source/sfe_lsm6dsv16x.c:854:6:SFE_LSM6DSV16X_SetGyroFifoBatchSet	24	static
../source/sfe_lsm6dsv16x.c:872:6:SFE_LSM6DSV16X_SetFifoTimestampDec	24	static
../source/sfe_lsm6dsv16x.c:890:6:SFE_LSM6DSV16X_GetAllInterrupts	24	static
../source/sfe_lsm6dsv16x.c:909:6:SFE_LSM6DSV16X_SetInt2DENActiveLow	24	static
../source/sfe_lsm6dsv16x.c:928:6:SFE_LSM6DSV16X_SetIntRoute	32	static
../source/sfe_lsm6dsv16x.c:949:6:SFE_LSM6DSV16X_SetIntAccelDataReady	32	static
../source/sfe_lsm6dsv16x.c:967:6:SFE_LSM6DSV16X_SetIntGyroDataReady	32	static
../source/sfe_lsm6dsv16x.c:985:6:SFE_LSM6DSV16X_SetIntSingleTap	32	static
../source/sfe_lsm6dsv16x.c:1003:6:SFE_LSM6DSV16X_SetIntDoubleTap	32	static
../source/sfe_lsm6dsv16x.c:1020:6:SFE_LSM6DSV16X_SetIntWakeup	32	static
../source/sfe_lsm6dsv16x.c:1038:6:SFE_LSM6DSV16X_SetIntFreeFall	32	static
../source/sfe_lsm6dsv16x.c:1056:6:SFE_LSM6DSV16X_SetIntSleepChange	32	static
../source/sfe_lsm6dsv16x.c:1074:6:SFE_LSM6DSV16X_SetDataReadyMode	24	static
../source/sfe_lsm6dsv16x.c:1092:6:SFE_LSM6DSV16X_EnableTapInterrupt	32	static
../source/sfe_lsm6dsv16x.c:1114:6:SFE_LSM6DSV16X_SetTapMode	24	static
../source/sfe_lsm6dsv16x.c:1132:6:SFE_LSM6DSV16X_GetTapMode	24	static
../source/sfe_lsm6dsv16x.c:1151:6:SFE_LSM6DSV16X_SetTapDirection	24	static
../source/sfe_lsm6dsv16x.c:1170:6:SFE_LSM6DSV16X_GetTapDirection	24	static
../source/sfe_lsm6dsv16x.c:1189:6:SFE_LSM6DSV16X_SetTapThresholds	24	static
../source/sfe_lsm6dsv16x.c:1208:6:SFE_LSM6DSV16X_GetTapThresholds	24	static
../source/sfe_lsm6dsv16x.c:1227:6:SFE_LSM6DSV16X_SetTapTimeWindows	24	static
../source/sfe_lsm6dsv16x.c:1245:6:SFE_LSM6DSV16X_GetTapTimeWindows	24	static
../source/sfe_lsm6dsv16x.c:1264:6:SFE_LSM6DSV16X_EnableAhQvar	24	static
../source/sfe_lsm6dsv16x.c:1288:6:SFE_LSM6DSV16X_GetQvarMode	24	static
../source/sfe_lsm6dsv16x.c:1306:6:SFE_LSM6DSV16X_SetQvarImpedance	24	static
../source/sfe_lsm6dsv16x.c:1323:6:SFE_LSM6DSV16X_CheckQvar	32	static
../source/sfe_lsm6dsv16x.c:1344:6:SFE_LSM6DSV16X_SetHubODR	24	static
../source/sfe_lsm6dsv16x.c:1360:6:SFE_LSM6DSV16X_SetHubSensorRead	32	static
../source/sfe_lsm6dsv16x.c:1397:6:SFE_LSM6DSV16X_SetHubSensorWrite	24	static
../source/sfe_lsm6dsv16x.c:1415:6:SFE_LSM6DSV16X_SetNumberHubSensors	24	static
../source/sfe_lsm6dsv16x.c:1434:6:SFE_LSM6DSV16X_EnableAuxiliaryI2C	24	static
../source/sfe_lsm6dsv16x.c:1452:6:SFE_LSM6DSV16X_ReadPeripheralSensor	32	static
../source/sfe_lsm6dsv16x.c:1470:6:SFE_LSM6DSV16X_GetExternalSensorNack	32	static
../source/sfe_lsm6dsv16x.c:1512:6:SFE_LSM6DSV16X_EnableHubWriteOnceMode	24	static
../source/sfe_lsm6dsv16x.c:1532:6:SFE_LSM6DSV16X_EnableHubPassThrough	24	static
../source/sfe_lsm6dsv16x.c:1549:6:SFE_LSM6DSV16X_EnableHubPullUps	24	static
../source/sfe_lsm6dsv16x.c:1571:6:SFE_LSM6DSV16X_ResetSensorHub	24	static
../source/sfe_lsm6dsv16x.c:1595:6:SFE_LSM6DSV16X_SetAccelSelfTest	24	static
../source/sfe_lsm6dsv16x.c:1613:6:SFE_LSM6DSV16X_SetGyroSelfTest	24	static
../source/sfe_lsm6dsv16x.c:1631:6:SFE_LSM6DSV16X_CheckStatus	24	static
../source/sfe_lsm6dsv16x.c:1651:6:SFE_LSM6DSV16X_CheckAccelStatus	24	static
../source/sfe_lsm6dsv16x.c:1672:6:SFE_LSM6DSV16X_CheckGyroStatus	24	static
../source/sfe_lsm6dsv16x.c:1693:6:SFE_LSM6DSV16X_CheckTempStatus	24	static
