C:\Users\KC\Documents\MCUXpressoIDE_11.9.0_2144\workspace\MKL25Z4_Project_RadioCommunication\CMSIS/core_cm0plus.h:804:22:NVIC_SetPriority	24	static
C:\Users\KC\Documents\MCUXpressoIDE_11.9.0_2144\workspace\MKL25Z4_Project_RadioCommunication\CMSIS/core_cm0plus.h:885:26:SysTick_Config	16	static
C:\Users\KC\Documents\MCUXpressoIDE_11.9.0_2144\workspace\MKL25Z4_Project_RadioCommunication\drivers/fsl_clock.h:584:20:CLOCK_EnableClock	24	static
C:\Users\KC\Documents\MCUXpressoIDE_11.9.0_2144\workspace\MKL25Z4_Project_RadioCommunication\drivers/fsl_port.h:321:20:PORT_SetPinMux	24	static
C:\Users\KC\Documents\MCUXpressoIDE_11.9.0_2144\workspace\MKL25Z4_Project_RadioCommunication\drivers/RF24_config.h:169:20:RF24_CE_Write	16	static
C:\Users\KC\Documents\MCUXpressoIDE_11.9.0_2144\workspace\MKL25Z4_Project_RadioCommunication\drivers/RF24_config.h:178:20:RF24_CSN_Write	16	static
C:\Users\KC\Documents\MCUXpressoIDE_11.9.0_2144\workspace\MKL25Z4_Project_RadioCommunication\drivers/fsl_adc16.h:382:20:ADC16_EnableHardwareTrigger	16	static
C:\Users\KC\Documents\MCUXpressoIDE_11.9.0_2144\workspace\MKL25Z4_Project_RadioCommunication\drivers/fsl_adc16.h:500:24:ADC16_GetChannelConversionValue	16	static
../source/RF24_platform_kl25z.c:74:6:SysTick_Handler	8	static
../source/RF24_platform_kl25z.c:83:13:RF24_InitPinMux	8	static
../source/RF24_platform_kl25z.c:111:13:RF24_InitControlGPIO	16	static
../source/RF24_platform_kl25z.c:132:13:RF24_InitSPI0	40	static
../source/RF24_platform_kl25z.c:164:13:RF24_InitTimeBase	8	static
../source/RF24_platform_kl25z.c:181:6:RF24_GroundStationADC_Init	24	static
../source/RF24_platform_kl25z.c:218:10:RF24_GroundStationADC_ReadPot	16	static
../source/RF24_platform_kl25z.c:254:6:RF24_PlatformInit	16	static
../source/RF24_platform_kl25z.c:290:6:RF24_SPI_TransferByte	40	static
../source/RF24_platform_kl25z.c:323:6:RF24_SPI_Transfer	48	static
../source/RF24_platform_kl25z.c:360:6:RF24_CE_High	8	static
../source/RF24_platform_kl25z.c:365:6:RF24_CE_Low	8	static
../source/RF24_platform_kl25z.c:370:6:RF24_CSN_High	8	static
../source/RF24_platform_kl25z.c:375:6:RF24_CSN_Low	8	static
../source/RF24_platform_kl25z.c:398:6:RF24_DelayUs	24	static
../source/RF24_platform_kl25z.c:432:6:RF24_DelayMs	16	static
../source/RF24_platform_kl25z.c:440:10:RF24_Millis	8	static
