../source/RF24.c:1507:13:RF24_BeginTransaction	8	static
../source/RF24.c:1512:13:RF24_EndTransaction	8	static
../source/RF24.c:1517:13:RF24_TransferByte	32	static
../source/RF24.c:1529:13:RF24_Command	40	static
../source/RF24.c:1545:13:RF24_ReadRegisterBuffer	32	static
../source/RF24.c:1578:13:RF24_ReadRegisterByte	24	static
../source/RF24.c:1586:13:RF24_WriteRegisterBuffer	32	static
../source/RF24.c:1621:13:RF24_WriteRegisterByte	16	static
../source/RF24.c:1629:13:RF24_WritePayloadInternal	48	static
../source/RF24.c:1678:13:RF24_ReadPayloadInternal	48	static
../source/RF24.c:1726:13:RF24_ToggleFeatures	24	static
../source/RF24.c:1753:16:RF24_GetDataRateRegisterValue	16	static
../source/RF24.c:1768:16:RF24_GetPALevelRegisterValue	24	static
../source/RF24.c:1801:13:RF24_WaitForTransmitResult	32	static
../source/RF24.c:1837:6:RF24_ResetObject	16	static
../source/RF24.c:1856:6:RF24_Init	32	static
../source/RF24.c:2013:6:RF24_IsChipConnected	24	static
../source/RF24.c:2029:9:RF24_UpdateStatus	16	static
../source/RF24.c:2039:9:RF24_GetStatus	16	static
../source/RF24.c:2044:9:RF24_ClearStatusFlags	16	static
../source/RF24.c:2058:6:RF24_SetStatusFlags	24	static
../source/RF24.c:2078:6:RF24_FlushRx	16	static
../source/RF24.c:2083:6:RF24_FlushTx	16	static
../source/RF24.c:2092:6:RF24_SetChannel	16	static
../source/RF24.c:2100:9:RF24_GetChannel	32	static
../source/RF24.c:2107:6:RF24_SetPayloadSize	24	static
../source/RF24.c:2128:9:RF24_GetPayloadSize	16	static
../source/RF24.c:2133:6:RF24_SetAddressWidth	16	static
../source/RF24.c:2152:6:RF24_SetRetries	24	static
../source/RF24.c:2161:6:RF24_SetDataRate	32	static
../source/RF24.c:2200:17:RF24_GetDataRate	24	static
../source/RF24.c:2220:6:RF24_SetPALevel	32	static
../source/RF24.c:2242:16:RF24_GetPALevel	24	static
../source/RF24.c:2274:6:RF24_SetAutoAck	16	static
../source/RF24.c:2282:6:RF24_SetAutoAckPipe	24	static
../source/RF24.c:2303:6:RF24_EnableDynamicPayloads	24	static
../source/RF24.c:2323:6:RF24_DisableDynamicPayloads	24	static
../source/RF24.c:2343:6:RF24_EnableAckPayload	32	static
../source/RF24.c:2372:6:RF24_DisableAckPayload	24	static
../source/RF24.c:2391:6:RF24_EnableDynamicAck	24	static
../source/RF24.c:2409:6:RF24_OpenWritingPipe	16	static
../source/RF24.c:2434:6:RF24_OpenReadingPipe	32	static
../source/RF24.c:2491:6:RF24_CloseReadingPipe	24	static
../source/RF24.c:2520:6:RF24_PowerUp	16	static
../source/RF24.c:2542:6:RF24_PowerDown	16	static
../source/RF24.c:2559:6:RF24_StartListening	16	static
../source/RF24.c:2597:6:RF24_StopListening	24	static
../source/RF24.c:2643:6:RF24_Available	32	static
../source/RF24.c:2655:6:RF24_AvailablePipe	32	static
../source/RF24.c:2676:6:RF24_Read	24	static
../source/RF24.c:2692:9:RF24_GetDynamicPayloadSize	24	static
../source/RF24.c:2721:6:RF24_StartFastWrite	40	static
../source/RF24.c:2753:6:RF24_Write	24	static
../source/RF24.c:2761:6:RF24_WriteNoAck	48	static
../source/RF24.c:2802:6:RF24_WriteAckPayload	32	static
../source/RF24.c:2821:6:RF24_RxFifoFull	24	static
../source/RF24.c:2836:18:RF24_GetFifoState	24	static
../source/RF24.c:2879:6:RF24_TestCarrier	24	static
../source/RF24.c:2891:6:RF24_IsPlusVariant	16	static
../source/RF24.c:2896:9:RF24_GetARC	24	static
