../source/MKL25Z4_Project_RV1805clockmodule.c:322:23:rv1805_BCD_to_DEC	16	static
../source/MKL25Z4_Project_RV1805clockmodule.c:323:23:rv1805_DEC_to_BCD	24	static
../source/MKL25Z4_Project_RV1805clockmodule.c:337:6:rv1805_begin	32	static
../source/MKL25Z4_Project_RV1805clockmodule.c:367:6:rv1805_reset	16	static
../source/MKL25Z4_Project_RV1805clockmodule.c:373:9:rv1805_status	24	static
../source/MKL25Z4_Project_RV1805clockmodule.c:380:6:rv1805_is_12hour	24	static
../source/MKL25Z4_Project_RV1805clockmodule.c:388:6:rv1805_is_pm	24	static
../source/MKL25Z4_Project_RV1805clockmodule.c:396:6:rv1805_set_12hour	32	static
../source/MKL25Z4_Project_RV1805clockmodule.c:422:6:rv1805_set_24hour	40	static
../source/MKL25Z4_Project_RV1805clockmodule.c:445:6:rv1805_update_time	16	static
../source/MKL25Z4_Project_RV1805clockmodule.c:457:6:rv1805_set_time_array	24	static
../source/MKL25Z4_Project_RV1805clockmodule.c:463:6:rv1805_set_time_full	32	static
../source/MKL25Z4_Project_RV1805clockmodule.c:489:6:rv1805_set_hundredths	16	static
../source/MKL25Z4_Project_RV1805clockmodule.c:490:6:rv1805_set_seconds	16	static
../source/MKL25Z4_Project_RV1805clockmodule.c:491:6:rv1805_set_minutes	16	static
../source/MKL25Z4_Project_RV1805clockmodule.c:492:6:rv1805_set_hours	16	static
../source/MKL25Z4_Project_RV1805clockmodule.c:493:6:rv1805_set_date	16	static
../source/MKL25Z4_Project_RV1805clockmodule.c:494:6:rv1805_set_month	16	static
../source/MKL25Z4_Project_RV1805clockmodule.c:495:6:rv1805_set_year	16	static
../source/MKL25Z4_Project_RV1805clockmodule.c:496:6:rv1805_set_weekday	16	static
../source/MKL25Z4_Project_RV1805clockmodule.c:499:9:rv1805_get_hundredths	16	static
../source/MKL25Z4_Project_RV1805clockmodule.c:500:9:rv1805_get_seconds	16	static
../source/MKL25Z4_Project_RV1805clockmodule.c:501:9:rv1805_get_minutes	16	static
../source/MKL25Z4_Project_RV1805clockmodule.c:502:9:rv1805_get_hours	16	static
../source/MKL25Z4_Project_RV1805clockmodule.c:503:9:rv1805_get_weekday	16	static
../source/MKL25Z4_Project_RV1805clockmodule.c:504:9:rv1805_get_date	16	static
../source/MKL25Z4_Project_RV1805clockmodule.c:505:9:rv1805_get_month	16	static
../source/MKL25Z4_Project_RV1805clockmodule.c:506:9:rv1805_get_year	16	static
../source/MKL25Z4_Project_RV1805clockmodule.c:509:7:rv1805_string_date_usa	32	static
../source/MKL25Z4_Project_RV1805clockmodule.c:516:7:rv1805_string_date	32	static
../source/MKL25Z4_Project_RV1805clockmodule.c:523:7:rv1805_string_time	48	static
../source/MKL25Z4_Project_RV1805clockmodule.c:536:7:rv1805_string_timestamp	64	static
../source/MKL25Z4_Project_RV1805clockmodule.c:550:10:rv1805_get_epoch	64	static
../source/MKL25Z4_Project_RV1805clockmodule.c:564:6:rv1805_set_to_compiler_time	40	static
../source/MKL25Z4_Project_RV1805clockmodule.c:598:6:rv1805_set_alarm_ymdhms	32	static
../source/MKL25Z4_Project_RV1805clockmodule.c:612:6:rv1805_set_alarm_array	24	static
../source/MKL25Z4_Project_RV1805clockmodule.c:618:6:rv1805_set_alarm_mode	32	static
../source/MKL25Z4_Project_RV1805clockmodule.c:630:6:rv1805_enable_interrupt	32	static
../source/MKL25Z4_Project_RV1805clockmodule.c:638:6:rv1805_disable_interrupt	32	static
../source/MKL25Z4_Project_RV1805clockmodule.c:646:6:rv1805_clear_interrupts	16	static
../source/MKL25Z4_Project_RV1805clockmodule.c:652:6:rv1805_set_countdown_timer	32	static
../source/MKL25Z4_Project_RV1805clockmodule.c:671:6:rv1805_enable_sleep	32	static
../source/MKL25Z4_Project_RV1805clockmodule.c:679:6:rv1805_set_power_switch_function	32	static
../source/MKL25Z4_Project_RV1805clockmodule.c:688:6:rv1805_set_power_switch_lock	32	static
../source/MKL25Z4_Project_RV1805clockmodule.c:697:6:rv1805_set_static_power_switch_output	32	static
../source/MKL25Z4_Project_RV1805clockmodule.c:706:6:rv1805_enable_trickle_charge	24	static
../source/MKL25Z4_Project_RV1805clockmodule.c:716:6:rv1805_disable_trickle_charge	16	static
../source/MKL25Z4_Project_RV1805clockmodule.c:722:6:rv1805_enable_low_power	32	static
../source/MKL25Z4_Project_RV1805clockmodule.c:747:6:rv1805_enable_battery_interrupt	16	static
../source/MKL25Z4_Project_RV1805clockmodule.c:755:6:rv1805_check_battery	32	static
../source/MKL25Z4_Project_RV1805clockmodule.c:764:6:rv1805_set_reference_voltage	24	static
../source/MKL25Z4_Project_RV1805clockmodule.c:780:6:rv1805_set_edge_trigger	32	static
../source/MKL25Z4_Project_RV1805clockmodule.c:793:13:rv1805_write_reg	48	static
../source/MKL25Z4_Project_RV1805clockmodule.c:808:13:rv1805_write_regs	96	static
../source/MKL25Z4_Project_RV1805clockmodule.c:826:13:rv1805_read_reg	72	static
../source/MKL25Z4_Project_RV1805clockmodule.c:851:13:rv1805_read_regs	72	static
../source/MKL25Z4_Project_RV1805clockmodule.c:876:13:delay_ms	24	static
../source/MKL25Z4_Project_RV1805clockmodule.c:1166:5:main	64	static
