Archive member included to satisfy reference by file (symbol)

d:/mcuxpressoide_11.9.0_2144/ide/plugins/com.nxp.mcuxpresso.tools.win32_11.9.0.202307121226/tools/bin/../lib/gcc/arm-none-eabi/12.3.1/../../../../arm-none-eabi/lib/thumb/v6-m/nofp\libcr_nohost_nf.a(_cr__main.o)
                              ./startup/startup_mkl25z4.o (__main)
d:/mcuxpressoide_11.9.0_2144/ide/plugins/com.nxp.mcuxpresso.tools.win32_11.9.0.202307121226/tools/bin/../lib/gcc/arm-none-eabi/12.3.1/../../../../arm-none-eabi/lib/thumb/v6-m/nofp\libcr_c.a(memcpy.o)
                              ./drivers/fsl_flash.o (memcpy)
d:/mcuxpressoide_11.9.0_2144/ide/plugins/com.nxp.mcuxpresso.tools.win32_11.9.0.202307121226/tools/bin/../lib/gcc/arm-none-eabi/12.3.1/../../../../arm-none-eabi/lib/thumb/v6-m/nofp\libcr_c.a(memset.o)
                              ./source/sfe_lsm6dsv16x.o (memset)
d:/mcuxpressoide_11.9.0_2144/ide/plugins/com.nxp.mcuxpresso.tools.win32_11.9.0.202307121226/tools/bin/../lib/gcc/arm-none-eabi/12.3.1/../../../../arm-none-eabi/lib/thumb/v6-m/nofp\libcr_c.a(initio.o)
                              d:/mcuxpressoide_11.9.0_2144/ide/plugins/com.nxp.mcuxpresso.tools.win32_11.9.0.202307121226/tools/bin/../lib/gcc/arm-none-eabi/12.3.1/../../../../arm-none-eabi/lib/thumb/v6-m/nofp\libcr_nohost_nf.a(_cr__main.o) (_initio)
d:/mcuxpressoide_11.9.0_2144/ide/plugins/com.nxp.mcuxpresso.tools.win32_11.9.0.202307121226/tools/bin/../lib/gcc/arm-none-eabi/12.3.1/../../../../arm-none-eabi/lib/thumb/v6-m/nofp\libcr_c.a(setvbuf.o)
                              d:/mcuxpressoide_11.9.0_2144/ide/plugins/com.nxp.mcuxpresso.tools.win32_11.9.0.202307121226/tools/bin/../lib/gcc/arm-none-eabi/12.3.1/../../../../arm-none-eabi/lib/thumb/v6-m/nofp\libcr_c.a(initio.o) (setvbuf)
d:/mcuxpressoide_11.9.0_2144/ide/plugins/com.nxp.mcuxpresso.tools.win32_11.9.0.202307121226/tools/bin/../lib/gcc/arm-none-eabi/12.3.1/../../../../arm-none-eabi/lib/thumb/v6-m/nofp\libcr_c.a(strlen.o)
                              ./utilities/fsl_debug_console.o (strlen)
d:/mcuxpressoide_11.9.0_2144/ide/plugins/com.nxp.mcuxpresso.tools.win32_11.9.0.202307121226/tools/bin/../lib/gcc/arm-none-eabi/12.3.1/../../../../arm-none-eabi/lib/thumb/v6-m/nofp\libcr_c.a(_fdopen.o)
                              d:/mcuxpressoide_11.9.0_2144/ide/plugins/com.nxp.mcuxpresso.tools.win32_11.9.0.202307121226/tools/bin/../lib/gcc/arm-none-eabi/12.3.1/../../../../arm-none-eabi/lib/thumb/v6-m/nofp\libcr_c.a(initio.o) (_fdopen)
d:/mcuxpressoide_11.9.0_2144/ide/plugins/com.nxp.mcuxpresso.tools.win32_11.9.0.202307121226/tools/bin/../lib/gcc/arm-none-eabi/12.3.1/../../../../arm-none-eabi/lib/thumb/v6-m/nofp\libcr_c.a(fclose.o)
                              d:/mcuxpressoide_11.9.0_2144/ide/plugins/com.nxp.mcuxpresso.tools.win32_11.9.0.202307121226/tools/bin/../lib/gcc/arm-none-eabi/12.3.1/../../../../arm-none-eabi/lib/thumb/v6-m/nofp\libcr_c.a(initio.o) (fclose)
d:/mcuxpressoide_11.9.0_2144/ide/plugins/com.nxp.mcuxpresso.tools.win32_11.9.0.202307121226/tools/bin/../lib/gcc/arm-none-eabi/12.3.1/../../../../arm-none-eabi/lib/thumb/v6-m/nofp\libcr_c.a(fflush.o)
                              d:/mcuxpressoide_11.9.0_2144/ide/plugins/com.nxp.mcuxpresso.tools.win32_11.9.0.202307121226/tools/bin/../lib/gcc/arm-none-eabi/12.3.1/../../../../arm-none-eabi/lib/thumb/v6-m/nofp\libcr_c.a(fclose.o) (fflush)
d:/mcuxpressoide_11.9.0_2144/ide/plugins/com.nxp.mcuxpresso.tools.win32_11.9.0.202307121226/tools/bin/../lib/gcc/arm-none-eabi/12.3.1/../../../../arm-none-eabi/lib/thumb/v6-m/nofp\libcr_c.a(fseek.o)
                              d:/mcuxpressoide_11.9.0_2144/ide/plugins/com.nxp.mcuxpresso.tools.win32_11.9.0.202307121226/tools/bin/../lib/gcc/arm-none-eabi/12.3.1/../../../../arm-none-eabi/lib/thumb/v6-m/nofp\libcr_c.a(_fdopen.o) (fseek)
d:/mcuxpressoide_11.9.0_2144/ide/plugins/com.nxp.mcuxpresso.tools.win32_11.9.0.202307121226/tools/bin/../lib/gcc/arm-none-eabi/12.3.1/../../../../arm-none-eabi/lib/thumb/v6-m/nofp\libcr_c.a(ftell.o)
                              d:/mcuxpressoide_11.9.0_2144/ide/plugins/com.nxp.mcuxpresso.tools.win32_11.9.0.202307121226/tools/bin/../lib/gcc/arm-none-eabi/12.3.1/../../../../arm-none-eabi/lib/thumb/v6-m/nofp\libcr_c.a(fseek.o) (ftell)
d:/mcuxpressoide_11.9.0_2144/ide/plugins/com.nxp.mcuxpresso.tools.win32_11.9.0.202307121226/tools/bin/../lib/gcc/arm-none-eabi/12.3.1/../../../../arm-none-eabi/lib/thumb/v6-m/nofp\libcr_c.a(remove.o)
                              d:/mcuxpressoide_11.9.0_2144/ide/plugins/com.nxp.mcuxpresso.tools.win32_11.9.0.202307121226/tools/bin/../lib/gcc/arm-none-eabi/12.3.1/../../../../arm-none-eabi/lib/thumb/v6-m/nofp\libcr_c.a(fclose.o) (remove)
d:/mcuxpressoide_11.9.0_2144/ide/plugins/com.nxp.mcuxpresso.tools.win32_11.9.0.202307121226/tools/bin/../lib/gcc/arm-none-eabi/12.3.1/../../../../arm-none-eabi/lib/thumb/v6-m/nofp\libcr_c.a(_do_fflush.o)
[...]
Memory Configuration

Name             Origin             Length             Attributes
PROGRAM_FLASH    0x00000000         0x00020000         xr
SRAM             0x1ffff000         0x00004000         xrw
*default*        0x00000000         0xffffffff

Linker script and memory map

LOAD ./utilities/fsl_debug_console.o
LOAD ./startup/startup_mkl25z4.o
LOAD ./source/IMU.o
LOAD ./source/lsm6dsv16x_reg.o
LOAD ./source/mtb.o
LOAD ./source/semihost_hardfault.o
LOAD ./source/sfe_lsm6dsv16x.o
LOAD ./source/sfe_lsm_shim.o
LOAD ./drivers/fsl_clock.o
LOAD ./drivers/fsl_common.o
LOAD ./drivers/fsl_flash.o
LOAD ./drivers/fsl_gpio.o
LOAD ./drivers/fsl_i2c.o
LOAD ./drivers/fsl_lpsci.o
LOAD ./drivers/fsl_smc.o
LOAD ./drivers/fsl_uart.o
LOAD ./board/board.o
LOAD ./board/clock_config.o
LOAD ./board/peripherals.o
LOAD ./board/pin_mux.o
LOAD ./CMSIS/system_MKL25Z4.o
START GROUP
LOAD d:/mcuxpressoide_11.9.0_2144/ide/plugins/com.nxp.mcuxpresso.tools.win32_11.9.0.202307121226/tools/bin/../lib/gcc/arm-none-eabi/12.3.1/../../../../arm-none-eabi/lib/thumb/v6-m/nofp\libcr_nohost_nf.a
LOAD d:/mcuxpressoide_11.9.0_2144/ide/plugins/com.nxp.mcuxpresso.tools.win32_11.9.0.202307121226/tools/bin/../lib/gcc/arm-none-eabi/12.3.1/../../../../arm-none-eabi/lib/thumb/v6-m/nofp\libcr_c.a
LOAD d:/mcuxpressoide_11.9.0_2144/ide/plugins/com.nxp.mcuxpresso.tools.win32_11.9.0.202307121226/tools/bin/../lib/gcc/arm-none-eabi/12.3.1/thumb/v6-m/nofp\libcr_eabihelpers.a
LOAD d:/mcuxpressoide_11.9.0_2144/ide/plugins/com.nxp.mcuxpresso.tools.win32_11.9.0.202307121226/tools/bin/../lib/gcc/arm-none-eabi/12.3.1/thumb/v6-m/nofp\libgcc.a
END GROUP
                0x00000000                        __base_PROGRAM_FLASH = 0x0
                0x00000000                        __base_Flash = 0x0
                0x00020000                        __top_PROGRAM_FLASH = 0x20000
                0x00020000                        __top_Flash = 0x20000
                0x1ffff000                        __base_SRAM = 0x1ffff000
                0x1ffff000                        __base_RAM = 0x1ffff000
                0x20003000                        __top_SRAM = 0x20003000
                0x20003000                        __top_RAM = 0x20003000

.text           0x00000000     0x5330
 FILL mask 0xff
                0x00000000                        __vectors_start__ = ABSOLUTE (.)
 *(SORT_BY_ALIGNMENT(.isr_vector))
 .isr_vector    0x00000000       0xc0 ./startup/startup_mkl25z4.o
                0x00000000                g_pfnVectors
                0x00000000                __Vectors
                0x000000c0                        . = ALIGN (0x4)
                0x000000c0                        __section_table_start = .
                0x000000c0                        __data_section_table = .
                0x000000c0        0x4 LONG 0x5330 LOADADDR (.data)
                0x000000c4        0x4 LONG 0x1ffff080 ADDR (.data)
                0x000000c8        0x4 LONG 0xc SIZEOF (.data)
                0x000000cc                        __data_section_table_end = .
                0x000000cc                        __bss_section_table = .
                0x000000cc        0x4 LONG 0x1ffff08c ADDR (.bss)
                0x000000d0        0x4 LONG 0xf8 SIZEOF (.bss)
                0x000000d4                        __bss_section_table_end = .
                0x000000d4                        __section_table_end = .
 *(SORT_BY_ALIGNMENT(.after_vectors*))
 .after_vectors.reset
                0x000000d4       0x4c ./startup/startup_mkl25z4.o
                0x000000d4                ResetISR
 .after_vectors.init_data
                0x00000120       0x12 ./startup/startup_mkl25z4.o
                0x00000120                data_init
 .after_vectors.init_bss
                0x00000132       0x10 ./startup/startup_mkl25z4.o
                0x00000132                bss_init
 .after_vectors
                0x00000142      0x10c ./startup/startup_mkl25z4.o
                0x00000142                NMI_Handler
                0x00000146                SVC_Handler
                0x00000148                PendSV_Handler
                0x0000014a                SysTick_Handler
                0x0000014c                LPTMR0_DriverIRQHandler
                0x0000014c                Reserved39_DriverIRQHandler
                0x0000014c                DMA0_DriverIRQHandler
                0x0000014c                SPI1_DriverIRQHandler
                0x0000014c                PORTD_DriverIRQHandler
                0x0000014c                DMA2_DriverIRQHandler
                0x0000014c                CMP0_DriverIRQHandler
                0x0000014c                ADC0_DriverIRQHandler
                0x0000014c                TPM2_DriverIRQHandler
                0x0000014c                SPI0_DriverIRQHandler
                0x0000014c                DMA3_DriverIRQHandler
                0x0000014c                TSI0_DriverIRQHandler
                0x0000014c                RTC_Seconds_DriverIRQHandler
                0x0000014c                DMA1_DriverIRQHandler
                0x0000014c                PIT_DriverIRQHandler
                0x0000014c                LLWU_DriverIRQHandler
                0x0000014c                MCG_DriverIRQHandler
                0x0000014c                RTC_DriverIRQHandler
                0x0000014c                TPM1_DriverIRQHandler
                0x0000014c                PORTA_DriverIRQHandler
                0x0000014c                FTFA_DriverIRQHandler
                0x0000014c                IntDefaultHandler
                0x0000014c                USB0_DriverIRQHandler
                0x0000014c                DAC0_DriverIRQHandler
                0x0000014c                Reserved45_DriverIRQHandler
                0x0000014c                LVD_LVW_DriverIRQHandler
                0x0000014c                TPM0_DriverIRQHandler
                0x0000014c                Reserved20_DriverIRQHandler
                0x0000014e                DMA0_IRQHandler
                0x00000156                DMA1_IRQHandler
                0x0000015e                DMA2_IRQHandler
                0x00000166                DMA3_IRQHandler
                0x0000016e                Reserved20_IRQHandler
                0x00000176                FTFA_IRQHandler
                0x0000017e                LVD_LVW_IRQHandler
                0x00000186                LLWU_IRQHandler
                0x0000018e                I2C0_IRQHandler
                0x00000196                I2C1_IRQHandler
                0x0000019e                SPI0_IRQHandler
                0x000001a6                SPI1_IRQHandler
                0x000001ae                UART0_IRQHandler
                0x000001b6                UART1_IRQHandler
                0x000001be                UART2_IRQHandler
                0x000001c6                ADC0_IRQHandler
                0x000001ce                CMP0_IRQHandler
                0x000001d6                TPM0_IRQHandler
                0x000001de                TPM1_IRQHandler
                0x000001e6                TPM2_IRQHandler
                0x000001ee                RTC_IRQHandler
                0x000001f6                RTC_Seconds_IRQHandler
                0x000001fe                PIT_IRQHandler
                0x00000206                Reserved39_IRQHandler
                0x0000020e                USB0_IRQHandler
                0x00000216                DAC0_IRQHandler
                0x0000021e                TSI0_IRQHandler
                0x00000226                MCG_IRQHandler
                0x0000022e                LPTMR0_IRQHandler
                0x00000236                Reserved45_IRQHandler
                0x0000023e                PORTA_IRQHandler
                0x00000246                PORTD_IRQHandler
                0x00000400                        . = 0x400
 *fill*         0x0000024e      0x1b2 ff
                0x00000400                        PROVIDE (__FLASH_CONFIG_START__ = .)
 *(SORT_BY_ALIGNMENT(.FlashConfig))
 .FlashConfig   0x00000400       0x10 ./startup/startup_mkl25z4.o
                0x00000400                Flash_Config
                0x00000410                        PROVIDE (__FLASH_CONFIG_END__ = .)
                0x00000001                        ASSERT (! ((__FLASH_CONFIG_START__ == __FLASH_CONFIG_END__)), Linker Flash Config Support Enabled, but no .FlashConfig section provided within application)
 *(SORT_BY_ALIGNMENT(.text*))
 .text.DbgConsole_Init
                0x00000410       0xf4 ./utilities/fsl_debug_console.o
                0x00000410                DbgConsole_Init
 .text.DbgConsole_Printf
                0x00000504       0x44 ./utilities/fsl_debug_console.o
                0x00000504                DbgConsole_Printf
 .text.DbgConsole_Putchar
                0x00000548       0x34 ./utilities/fsl_debug_console.o
                0x00000548                DbgConsole_Putchar
 .text.delay_ms
                0x0000057c       0x34 ./source/IMU.o
 .text.main     0x000005b0      0x47c ./source/IMU.o
                0x000005b0                main
 .text.lsm6dsv16x_from_fs2_to_mg
                0x00000a2c       0x30 ./source/lsm6dsv16x_reg.o
                0x00000a2c                lsm6dsv16x_from_fs2_to_mg
 .text.lsm6dsv16x_from_fs4_to_mg
                0x00000a5c       0x30 ./source/lsm6dsv16x_reg.o
                0x00000a5c                lsm6dsv16x_from_fs4_to_mg
 .text.lsm6dsv16x_from_fs8_to_mg
                0x00000a8c       0x30 ./source/lsm6dsv16x_reg.o
                0x00000a8c                lsm6dsv16x_from_fs8_to_mg
 .text.lsm6dsv16x_from_fs16_to_mg
                0x00000abc       0x30 ./source/lsm6dsv16x_reg.o
                0x00000abc                lsm6dsv16x_from_fs16_to_mg
 .text.lsm6dsv16x_from_fs125_to_mdps
                0x00000aec       0x30 ./source/lsm6dsv16x_reg.o
                0x00000aec                lsm6dsv16x_from_fs125_to_mdps
 .text.lsm6dsv16x_from_fs250_to_mdps
                0x00000b1c       0x30 ./source/lsm6dsv16x_reg.o
                0x00000b1c                lsm6dsv16x_from_fs250_to_mdps
 .text.lsm6dsv16x_from_fs500_to_mdps
                0x00000b4c       0x30 ./source/lsm6dsv16x_reg.o
                0x00000b4c                lsm6dsv16x_from_fs500_to_mdps
 .text.lsm6dsv16x_from_fs1000_to_mdps
                0x00000b7c       0x30 ./source/lsm6dsv16x_reg.o
                0x00000b7c                lsm6dsv16x_from_fs1000_to_mdps
 .text.lsm6dsv16x_from_fs2000_to_mdps
                0x00000bac       0x30 ./source/lsm6dsv16x_reg.o
                0x00000bac                lsm6dsv16x_from_fs2000_to_mdps
 .text.lsm6dsv16x_from_fs4000_to_mdps
                0x00000bdc       0x30 ./source/lsm6dsv16x_reg.o
                0x00000bdc                lsm6dsv16x_from_fs4000_to_mdps
 .text.lsm6dsv16x_gy_full_scale_get
                0x00000c0c       0x7c ./source/lsm6dsv16x_reg.o
                0x00000c0c                lsm6dsv16x_gy_full_scale_get
 .text.HardFault_Handler
                0x00000c88       0x38 ./source/semihost_hardfault.o
                0x00000c88                HardFault_Handler
 .text.SFE_LSM6DSV16X_GetGyro
                0x00000cc0      0x1e4 ./source/sfe_lsm6dsv16x.o
                0x00000cc0                SFE_LSM6DSV16X_GetGyro
 .text.LSM6DSV16X_InitContext
                0x00000ea4       0x3c ./source/sfe_lsm_shim.o
                0x00000ea4                LSM6DSV16X_InitContext
 .text.LSM6DSV16X_PlatformWrite
                0x00000ee0       0xc8 ./source/sfe_lsm_shim.o
                0x00000ee0                LSM6DSV16X_PlatformWrite
 .text.LSM6DSV16X_PlatformRead
                0x00000fa8       0xc8 ./source/sfe_lsm_shim.o
                0x00000fa8                LSM6DSV16X_PlatformRead
 .text.CLOCK_SetEr32kClock
                0x00001070       0x34 ./drivers/fsl_clock.o
 .text.CLOCK_SetPllFllSelClock
                0x000010a4       0x38 ./drivers/fsl_clock.o
 .text.CLOCK_GetMcgExtClkFreq
                0x000010dc       0x28 ./drivers/fsl_clock.o
 .text.CLOCK_GetFllExtRefClkFreq
                0x00001104       0xa8 ./drivers/fsl_clock.o
 .text.CLOCK_GetInternalRefClkSelectFreq
                0x000011ac       0x40 ./drivers/fsl_clock.o
 .text.CLOCK_GetFllRefClkFreq
                0x000011ec       0x2c ./drivers/fsl_clock.o
 .text.CLOCK_GetOscRangeFromFreq
                0x00001218       0x4c ./drivers/fsl_clock.o
 .text.CLOCK_GetOsc0ErClkFreq
                0x00001264       0x3c ./drivers/fsl_clock.o
                0x00001264                CLOCK_GetOsc0ErClkFreq
 .text.CLOCK_GetEr32kClkFreq
                0x000012a0       0x78 ./drivers/fsl_clock.o
                0x000012a0                CLOCK_GetEr32kClkFreq
 .text.CLOCK_GetPllFllSelClkFreq
                0x00001318       0x4c ./drivers/fsl_clock.o
                0x00001318                CLOCK_GetPllFllSelClkFreq
 .text.CLOCK_GetFreq
                0x00001364       0xe0 ./drivers/fsl_clock.o
                0x00001364                CLOCK_GetFreq
 .text.CLOCK_SetSimConfig
                0x00001444       0x38 ./drivers/fsl_clock.o
                0x00001444                CLOCK_SetSimConfig
 .text.CLOCK_GetOutClkFreq
                0x0000147c       0x78 ./drivers/fsl_clock.o
                0x0000147c                CLOCK_GetOutClkFreq
 .text.CLOCK_GetFllFreq
                0x000014f4       0x84 ./drivers/fsl_clock.o
                0x000014f4                CLOCK_GetFllFreq
 .text.CLOCK_GetInternalRefClkFreq
                0x00001578       0x28 ./drivers/fsl_clock.o
                0x00001578                CLOCK_GetInternalRefClkFreq
 .text.CLOCK_GetPll0Freq
                0x000015a0       0x70 ./drivers/fsl_clock.o
                0x000015a0                CLOCK_GetPll0Freq
 .text.CLOCK_SetInternalRefClkConfig
                0x00001610      0x124 ./drivers/fsl_clock.o
                0x00001610                CLOCK_SetInternalRefClkConfig
 .text.CLOCK_EnablePll0
                0x00001734       0x94 ./drivers/fsl_clock.o
                0x00001734                CLOCK_EnablePll0
 .text.CLOCK_InitOsc0
                0x000017c8       0x94 ./drivers/fsl_clock.o
                0x000017c8                CLOCK_InitOsc0
 .text.CLOCK_SetPbeMode
                0x0000185c       0xb0 ./drivers/fsl_clock.o
                0x0000185c                CLOCK_SetPbeMode
 .text.CLOCK_BootToPeeMode
                0x0000190c       0x70 ./drivers/fsl_clock.o
                0x0000190c                CLOCK_BootToPeeMode
 .text.__assertion_failed
                0x0000197c       0x1c ./drivers/fsl_common.o
                0x0000197c                __assertion_failed
 .text.CLOCK_EnableClock
                0x00001998       0x34 ./drivers/fsl_i2c.o
 .text.I2C_GetInstance
                0x000019cc       0x4c ./drivers/fsl_i2c.o
                0x000019cc                I2C_GetInstance
 .text.I2C_CheckAndClearError
                0x00001a18       0x40 ./drivers/fsl_i2c.o
 .text.I2C_TransferCommonIRQHandler
                0x00001a58       0x58 ./drivers/fsl_i2c.o
 .text.I2C_MasterInit
                0x00001ab0       0xfc ./drivers/fsl_i2c.o
                0x00001ab0                I2C_MasterInit
 .text.I2C_MasterGetDefaultConfig
                0x00001bac       0x40 ./drivers/fsl_i2c.o
                0x00001bac                I2C_MasterGetDefaultConfig
 .text.I2C_MasterSetBaudRate
                0x00001bec       0xf0 ./drivers/fsl_i2c.o
                0x00001bec                I2C_MasterSetBaudRate
 .text.I2C_MasterStart
                0x00001cdc       0x74 ./drivers/fsl_i2c.o
                0x00001cdc                I2C_MasterStart
 .text.I2C_MasterRepeatedStart
                0x00001d50       0xc0 ./drivers/fsl_i2c.o
                0x00001d50                I2C_MasterRepeatedStart
 .text.I2C_MasterWriteBlocking
                0x00001e10       0xec ./drivers/fsl_i2c.o
                0x00001e10                I2C_MasterWriteBlocking
 .text.I2C_MasterTransferBlocking
                0x00001efc      0x230 ./drivers/fsl_i2c.o
                0x00001efc                I2C_MasterTransferBlocking
 .text.I2C0_DriverIRQHandler
                0x0000212c       0x20 ./drivers/fsl_i2c.o
                0x0000212c                I2C0_DriverIRQHandler
 .text.I2C1_DriverIRQHandler
                0x0000214c       0x20 ./drivers/fsl_i2c.o
                0x0000214c                I2C1_DriverIRQHandler
 .text.CLOCK_EnableClock
                0x0000216c       0x34 ./drivers/fsl_lpsci.o
 .text.LPSCI_GetInstance
                0x000021a0       0x48 ./drivers/fsl_lpsci.o
                0x000021a0                LPSCI_GetInstance
 .text.LPSCI_Init
                0x000021e8      0x258 ./drivers/fsl_lpsci.o
                0x000021e8                LPSCI_Init
 .text.LPSCI_GetDefaultConfig
                0x00002440       0x44 ./drivers/fsl_lpsci.o
                0x00002440                LPSCI_GetDefaultConfig
 .text.LPSCI_ClearStatusFlags
                0x00002484       0x94 ./drivers/fsl_lpsci.o
                0x00002484                LPSCI_ClearStatusFlags
 .text.LPSCI_WriteBlocking
                0x00002518       0x4c ./drivers/fsl_lpsci.o
                0x00002518                LPSCI_WriteBlocking
 .text.LPSCI_ReadBlocking
                0x00002564       0xc0 ./drivers/fsl_lpsci.o
                0x00002564                LPSCI_ReadBlocking
 .text.UART0_DriverIRQHandler
                0x00002624       0x24 ./drivers/fsl_lpsci.o
                0x00002624                UART0_DriverIRQHandler
 .text.CLOCK_EnableClock
                0x00002648       0x34 ./drivers/fsl_uart.o
 .text.UART_GetInstance
                0x0000267c       0x54 ./drivers/fsl_uart.o
                0x0000267c                UART_GetInstance
 .text.UART_Init
                0x000026d0      0x1e0 ./drivers/fsl_uart.o
                0x000026d0                UART_Init
 .text.UART_GetDefaultConfig
                0x000028b0       0x44 ./drivers/fsl_uart.o
                0x000028b0                UART_GetDefaultConfig
 .text.UART_ReadBlocking
                0x000028f4       0x98 ./drivers/fsl_uart.o
                0x000028f4                UART_ReadBlocking
 .text.UART1_DriverIRQHandler
                0x0000298c       0x24 ./drivers/fsl_uart.o
                0x0000298c                UART1_DriverIRQHandler
 .text.UART2_DriverIRQHandler
                0x000029b0       0x24 ./drivers/fsl_uart.o
                0x000029b0                UART2_DriverIRQHandler
 .text.CLOCK_SetLpsci0Clock
                0x000029d4       0x38 ./board/board.o
 .text.BOARD_InitDebugConsole
                0x00002a0c       0x30 ./board/board.o
                0x00002a0c                BOARD_InitDebugConsole
 .text.CLOCK_SetSimSafeDivs
                0x00002a3c       0x20 ./board/clock_config.o
 .text.CLOCK_SetXtal0Freq
                0x00002a5c       0x1c ./board/clock_config.o
 .text.CLOCK_CONFIG_SetFllExtRefDiv
                0x00002a78       0x3c ./board/clock_config.o
 .text.BOARD_BootClockRUN
                0x00002ab4       0x64 ./board/clock_config.o
                0x00002ab4                BOARD_BootClockRUN
 .text.CLOCK_EnableClock
                0x00002b18       0x34 ./board/pin_mux.o
 .text.PORT_SetPinMux
                0x00002b4c       0x40 ./board/pin_mux.o
 .text.BOARD_InitPins
                0x00002b8c       0xac ./board/pin_mux.o
                0x00002b8c                BOARD_InitPins
 .text.SystemInit
                0x00002c38       0x18 ./CMSIS/system_MKL25Z4.o
                0x00002c38                SystemInit
 .text._initio  0x00002c50       0x7c d:/mcuxpressoide_11.9.0_2144/ide/plugins/com.nxp.mcuxpresso.tools.win32_11.9.0.202307121226/tools/bin/../lib/gcc/arm-none-eabi/12.3.1/../../../../arm-none-eabi/lib/thumb/v6-m/nofp\libcr_c.a(initio.o)
                0x00002c50                _initio
 .text.setvbuf  0x00002ccc       0x4c d:/mcuxpressoide_11.9.0_2144/ide/plugins/com.nxp.mcuxpresso.tools.win32_11.9.0.202307121226/tools/bin/../lib/gcc/arm-none-eabi/12.3.1/../../../../arm-none-eabi/lib/thumb/v6-m/nofp\libcr_c.a(setvbuf.o)
                0x00002ccc                setvbuf
 .text.strlen   0x00002d18       0x5c d:/mcuxpressoide_11.9.0_2144/ide/plugins/com.nxp.mcuxpresso.tools.win32_11.9.0.202307121226/tools/bin/../lib/gcc/arm-none-eabi/12.3.1/../../../../arm-none-eabi/lib/thumb/v6-m/nofp\libcr_c.a(strlen.o)
                0x00002d18                strlen
 .text._fdopen  0x00002d74       0x74 d:/mcuxpressoide_11.9.0_2144/ide/plugins/com.nxp.mcuxpresso.tools.win32_11.9.0.202307121226/tools/bin/../lib/gcc/arm-none-eabi/12.3.1/../../../../arm-none-eabi/lib/thumb/v6-m/nofp\libcr_c.a(_fdopen.o)
                0x00002d74                _fdopen
 .text.fclose   0x00002de8       0x5c d:/mcuxpressoide_11.9.0_2144/ide/plugins/com.nxp.mcuxpresso.tools.win32_11.9.0.202307121226/tools/bin/../lib/gcc/arm-none-eabi/12.3.1/../../../../arm-none-eabi/lib/thumb/v6-m/nofp\libcr_c.a(fclose.o)
                0x00002de8                fclose
 .text.fflush   0x00002e44       0x40 d:/mcuxpressoide_11.9.0_2144/ide/plugins/com.nxp.mcuxpresso.tools.win32_11.9.0.202307121226/tools/bin/../lib/gcc/arm-none-eabi/12.3.1/../../../../arm-none-eabi/lib/thumb/v6-m/nofp\libcr_c.a(fflush.o)
                0x00002e44                fflush
 .text.fseek    0x00002e84       0xec d:/mcuxpressoide_11.9.0_2144/ide/plugins/com.nxp.mcuxpresso.tools.win32_11.9.0.202307121226/tools/bin/../lib/gcc/arm-none-eabi/12.3.1/../../../../arm-none-eabi/lib/thumb/v6-m/nofp\libcr_c.a(fseek.o)
                0x00002e84                fseek
 .text.ftell    0x00002f70       0x4c d:/mcuxpressoide_11.9.0_2144/ide/plugins/com.nxp.mcuxpresso.tools.win32_11.9.0.202307121226/tools/bin/../lib/gcc/arm-none-eabi/12.3.1/../../../../arm-none-eabi/lib/thumb/v6-m/nofp\libcr_c.a(ftell.o)
                0x00002f70                ftell
 .text._do_fflush
                0x00002fbc       0x48 d:/mcuxpressoide_11.9.0_2144/ide/plugins/com.nxp.mcuxpresso.tools.win32_11.9.0.202307121226/tools/bin/../lib/gcc/arm-none-eabi/12.3.1/../../../../arm-none-eabi/lib/thumb/v6-m/nofp\libcr_c.a(_do_fflush.o)
                0x00002fbc                _do_fflush
 .text._fflush  0x00003004       0x5c d:/mcuxpressoide_11.9.0_2144/ide/plugins/com.nxp.mcuxpresso.tools.win32_11.9.0.202307121226/tools/bin/../lib/gcc/arm-none-eabi/12.3.1/../../../../arm-none-eabi/lib/thumb/v6-m/nofp\libcr_c.a(_fflush.o)
                0x00003004                _fflush
 .text._Cwritebuf
                0x00003060       0x68 d:/mcuxpressoide_11.9.0_2144/ide/plugins/com.nxp.mcuxpresso.tools.win32_11.9.0.202307121226/tools/bin/../lib/gcc/arm-none-eabi/12.3.1/../../../../arm-none-eabi/lib/thumb/v6-m/nofp\libcr_c.a(_writebuf.o)
                0x00003060                _Cwritebuf
 .text._deferredlazyseek
                0x000030c8       0x40 d:/mcuxpressoide_11.9.0_2144/ide/plugins/com.nxp.mcuxpresso.tools.win32_11.9.0.202307121226/tools/bin/../lib/gcc/arm-none-eabi/12.3.1/../../../../arm-none-eabi/lib/thumb/v6-m/nofp\libcr_c.a(_deferredlazyseek.o)
                0x000030c8                _deferredlazyseek
 .text.__aeabi_fmul
                0x00003108       0xd0 d:/mcuxpressoide_11.9.0_2144/ide/plugins/com.nxp.mcuxpresso.tools.win32_11.9.0.202307121226/tools/bin/../lib/gcc/arm-none-eabi/12.3.1/thumb/v6-m/nofp\libcr_eabihelpers.a(float.o)
                0x00003108                __aeabi_fmul
 .text.__aeabi_fdiv
                0x000031d8       0xe4 d:/mcuxpressoide_11.9.0_2144/ide/plugins/com.nxp.mcuxpresso.tools.win32_11.9.0.202307121226/tools/bin/../lib/gcc/arm-none-eabi/12.3.1/thumb/v6-m/nofp\libcr_eabihelpers.a(float.o)
                0x000031d8                __aeabi_fdiv
 .text.__aeabi_fsub
                0x000032bc      0x12c d:/mcuxpressoide_11.9.0_2144/ide/plugins/com.nxp.mcuxpresso.tools.win32_11.9.0.202307121226/tools/bin/../lib/gcc/arm-none-eabi/12.3.1/thumb/v6-m/nofp\libcr_eabihelpers.a(float.o)
                0x000032bc                __aeabi_fsub
 .text.__aeabi_fadd
                0x000033e8       0xac d:/mcuxpressoide_11.9.0_2144/ide/plugins/com.nxp.mcuxpresso.tools.win32_11.9.0.202307121226/tools/bin/../lib/gcc/arm-none-eabi/12.3.1/thumb/v6-m/nofp\libcr_eabihelpers.a(float.o)
                0x000033e8                __aeabi_fadd
 .text.__aeabi_f2iz
                0x00003494       0x34 d:/mcuxpressoide_11.9.0_2144/ide/plugins/com.nxp.mcuxpresso.tools.win32_11.9.0.202307121226/tools/bin/../lib/gcc/arm-none-eabi/12.3.1/thumb/v6-m/nofp\libcr_eabihelpers.a(float.o)
                0x00003494                __aeabi_f2iz
 .text.UART_EnableTx
                0x000034c8       0x40 ./utilities/fsl_debug_console.o
 .text.UART_EnableRx
                0x00003508       0x40 ./utilities/fsl_debug_console.o
 .text.LPSCI_EnableTx
                0x00003548       0x40 ./utilities/fsl_debug_console.o
 .text.LPSCI_EnableRx
                0x00003588       0x40 ./utilities/fsl_debug_console.o
 .text.DbgConsole_PrintfPaddingCharacter
                0x000035c8       0x48 ./utilities/fsl_debug_console.o
 .text.DbgConsole_ConvertRadixNumToString
                0x00003610      0x114 ./utilities/fsl_debug_console.o
 .text.DbgConsole_PrintfFormattedData
                0x00003724      0x33a ./utilities/fsl_debug_console.o
 .text.lsm6dsv16x_read_reg
                0x00003a5e       0x42 ./source/lsm6dsv16x_reg.o
                0x00003a5e                lsm6dsv16x_read_reg
 .text.lsm6dsv16x_write_reg
                0x00003aa0       0x42 ./source/lsm6dsv16x_reg.o
                0x00003aa0                lsm6dsv16x_write_reg
 .text.lsm6dsv16x_device_id_get
                0x00003ae2       0x24 ./source/lsm6dsv16x_reg.o
                0x00003ae2                lsm6dsv16x_device_id_get
 .text.lsm6dsv16x_xl_data_rate_set
                0x00003b06       0xc0 ./source/lsm6dsv16x_reg.o
                0x00003b06                lsm6dsv16x_xl_data_rate_set
 .text.lsm6dsv16x_gy_data_rate_set
                0x00003bc6       0xc0 ./source/lsm6dsv16x_reg.o
                0x00003bc6                lsm6dsv16x_gy_data_rate_set
 .text.lsm6dsv16x_block_data_update_set
                0x00003c86       0x60 ./source/lsm6dsv16x_reg.o
                0x00003c86                lsm6dsv16x_block_data_update_set
 .text.lsm6dsv16x_gy_full_scale_set
                0x00003ce6       0x60 ./source/lsm6dsv16x_reg.o
                0x00003ce6                lsm6dsv16x_gy_full_scale_set
 .text.lsm6dsv16x_xl_full_scale_set
                0x00003d46       0x60 ./source/lsm6dsv16x_reg.o
                0x00003d46                lsm6dsv16x_xl_full_scale_set
 .text.lsm6dsv16x_xl_full_scale_get
                0x00003da6       0x6e ./source/lsm6dsv16x_reg.o
                0x00003da6                lsm6dsv16x_xl_full_scale_get
 .text.lsm6dsv16x_angular_rate_raw_get
                0x00003e14       0xa0 ./source/lsm6dsv16x_reg.o
                0x00003e14                lsm6dsv16x_angular_rate_raw_get
 .text.lsm6dsv16x_acceleration_raw_get
                0x00003eb4       0xa0 ./source/lsm6dsv16x_reg.o
                0x00003eb4                lsm6dsv16x_acceleration_raw_get
 .text.SFE_LSM6DSV16X_Init
                0x00003f54       0x6c ./source/sfe_lsm6dsv16x.o
                0x00003f54                SFE_LSM6DSV16X_Init
 .text.SFE_LSM6DSV16X_IsConnected
                0x00003fc0       0x2c ./source/sfe_lsm6dsv16x.o
                0x00003fc0                SFE_LSM6DSV16X_IsConnected
 .text.SFE_LSM6DSV16X_SetAccelFullScale
                0x00003fec       0x4c ./source/sfe_lsm6dsv16x.o
                0x00003fec                SFE_LSM6DSV16X_SetAccelFullScale
 .text.SFE_LSM6DSV16X_SetGyroFullScale
                0x00004038       0x4c ./source/sfe_lsm6dsv16x.o
                0x00004038                SFE_LSM6DSV16X_SetGyroFullScale
 .text.SFE_LSM6DSV16X_GetAccelFullScale
                0x00004084       0x38 ./source/sfe_lsm6dsv16x.o
                0x00004084                SFE_LSM6DSV16X_GetAccelFullScale
 .text.SFE_LSM6DSV16X_GetGyroFullScale
                0x000040bc       0x38 ./source/sfe_lsm6dsv16x.o
                0x000040bc                SFE_LSM6DSV16X_GetGyroFullScale
 .text.SFE_LSM6DSV16X_GetUniqueId
                0x000040f4       0x42 ./source/sfe_lsm6dsv16x.o
                0x000040f4                SFE_LSM6DSV16X_GetUniqueId
 .text.SFE_LSM6DSV16X_GetAccel
                0x00004136      0x176 ./source/sfe_lsm6dsv16x.o
                0x00004136                SFE_LSM6DSV16X_GetAccel
 .text.SFE_LSM6DSV16X_Convert2gToMg
                0x000042ac       0x22 ./source/sfe_lsm6dsv16x.o
                0x000042ac                SFE_LSM6DSV16X_Convert2gToMg
 .text.SFE_LSM6DSV16X_Convert4gToMg
                0x000042ce       0x22 ./source/sfe_lsm6dsv16x.o
                0x000042ce                SFE_LSM6DSV16X_Convert4gToMg
 .text.SFE_LSM6DSV16X_Convert8gToMg
                0x000042f0       0x22 ./source/sfe_lsm6dsv16x.o
                0x000042f0                SFE_LSM6DSV16X_Convert8gToMg
 .text.SFE_LSM6DSV16X_Convert16gToMg
                0x00004312       0x22 ./source/sfe_lsm6dsv16x.o
                0x00004312                SFE_LSM6DSV16X_Convert16gToMg
 .text.SFE_LSM6DSV16X_Convert125dpsToMdps
                0x00004334       0x22 ./source/sfe_lsm6dsv16x.o
                0x00004334                SFE_LSM6DSV16X_Convert125dpsToMdps
 .text.SFE_LSM6DSV16X_Convert250dpsToMdps
                0x00004356       0x22 ./source/sfe_lsm6dsv16x.o
                0x00004356                SFE_LSM6DSV16X_Convert250dpsToMdps
 .text.SFE_LSM6DSV16X_Convert500dpsToMdps
                0x00004378       0x22 ./source/sfe_lsm6dsv16x.o
                0x00004378                SFE_LSM6DSV16X_Convert500dpsToMdps
 .text.SFE_LSM6DSV16X_Convert1000dpsToMdps
                0x0000439a       0x22 ./source/sfe_lsm6dsv16x.o
                0x0000439a                SFE_LSM6DSV16X_Convert1000dpsToMdps
 .text.SFE_LSM6DSV16X_Convert2000dpsToMdps
                0x000043bc       0x22 ./source/sfe_lsm6dsv16x.o
                0x000043bc                SFE_LSM6DSV16X_Convert2000dpsToMdps
 .text.SFE_LSM6DSV16X_Convert4000dpsToMdps
                0x000043de       0x22 ./source/sfe_lsm6dsv16x.o
                0x000043de                SFE_LSM6DSV16X_Convert4000dpsToMdps
 .text.SFE_LSM6DSV16X_EnableBlockDataUpdate
                0x00004400       0x3e ./source/sfe_lsm6dsv16x.o
                0x00004400                SFE_LSM6DSV16X_EnableBlockDataUpdate
 .text.SFE_LSM6DSV16X_SetAccelDataRate
                0x0000443e       0x3e ./source/sfe_lsm6dsv16x.o
                0x0000443e                SFE_LSM6DSV16X_SetAccelDataRate
 .text.SFE_LSM6DSV16X_SetGyroDataRate
                0x0000447c       0x3e ./source/sfe_lsm6dsv16x.o
                0x0000447c                SFE_LSM6DSV16X_SetGyroDataRate
 .text.OSC_SetExtRefClkConfig
                0x000044ba       0x3e ./drivers/fsl_clock.o
 .text.OSC_SetCapLoad
                0x000044f8       0x42 ./drivers/fsl_clock.o
 .text.CLOCK_GetPll0RefFreq
                0x0000453a       0x10 ./drivers/fsl_clock.o
 .text.CLOCK_GetFixedFreqClkFreq
                0x0000454a       0x30 ./drivers/fsl_clock.o
                0x0000454a                CLOCK_GetFixedFreqClkFreq
 .text.CLOCK_SetExternalRefClkConfig
                0x0000457a       0x16 ./drivers/fsl_clock.o
                0x0000457a                CLOCK_SetExternalRefClkConfig
 .text.I2C_MasterClearStatusFlags
                0x00004590       0x38 ./drivers/fsl_i2c.o
 .text.I2C_MasterStop
                0x000045c8       0x64 ./drivers/fsl_i2c.o
                0x000045c8                I2C_MasterStop
 .text.I2C_MasterGetStatusFlags
                0x0000462c       0x32 ./drivers/fsl_i2c.o
                0x0000462c                I2C_MasterGetStatusFlags
 .text.I2C_MasterReadBlocking
                0x0000465e       0xea ./drivers/fsl_i2c.o
                0x0000465e                I2C_MasterReadBlocking
 .text.LPSCI_GetStatusFlags
                0x00004748       0x26 ./drivers/fsl_lpsci.o
                0x00004748                LPSCI_GetStatusFlags
 .text.UART_GetStatusFlags
                0x0000476e       0x26 ./drivers/fsl_uart.o
                0x0000476e                UART_GetStatusFlags
 .text.UART_WriteBlocking
                0x00004794       0x3c ./drivers/fsl_uart.o
                0x00004794                UART_WriteBlocking
 .text.BOARD_InitBootClocks
                0x000047d0        0xe ./board/clock_config.o
                0x000047d0                BOARD_InitBootClocks
 .text.BOARD_InitBootPins
                0x000047de        0xe ./board/pin_mux.o
                0x000047de                BOARD_InitBootPins
 .text.__main   0x000047ec        0xc d:/mcuxpressoide_11.9.0_2144/ide/plugins/com.nxp.mcuxpresso.tools.win32_11.9.0.202307121226/tools/bin/../lib/gcc/arm-none-eabi/12.3.1/../../../../arm-none-eabi/lib/thumb/v6-m/nofp\libcr_nohost_nf.a(_cr__main.o)
                0x000047ec                __main
 .text.memset   0x000047f8        0x8 d:/mcuxpressoide_11.9.0_2144/ide/plugins/com.nxp.mcuxpresso.tools.win32_11.9.0.202307121226/tools/bin/../lib/gcc/arm-none-eabi/12.3.1/../../../../arm-none-eabi/lib/thumb/v6-m/nofp\libcr_c.a(memset.o)
                0x000047f8                memset
 .text.remove   0x00004800       0x12 d:/mcuxpressoide_11.9.0_2144/ide/plugins/com.nxp.mcuxpresso.tools.win32_11.9.0.202307121226/tools/bin/../lib/gcc/arm-none-eabi/12.3.1/../../../../arm-none-eabi/lib/thumb/v6-m/nofp\libcr_c.a(remove.o)
                0x00004800                remove
 .text.free     0x00004812       0x2c d:/mcuxpressoide_11.9.0_2144/ide/plugins/com.nxp.mcuxpresso.tools.win32_11.9.0.202307121226/tools/bin/../lib/gcc/arm-none-eabi/12.3.1/../../../../arm-none-eabi/lib/thumb/v6-m/nofp\libcr_c.a(alloc.o)
                0x00004812                free
 .text.__aeabi_division_idivmod
                0x0000483e       0x78 d:/mcuxpressoide_11.9.0_2144/ide/plugins/com.nxp.mcuxpresso.tools.win32_11.9.0.202307121226/tools/bin/../lib/gcc/arm-none-eabi/12.3.1/thumb/v6-m/nofp\libcr_eabihelpers.a(division_32.o)
                0x0000483e                __aeabi_idivmod
                0x0000483e                __aeabi_idiv
                0x00004844                __aeabi_uidivmod
                0x00004844                __aeabi_uidiv
 .text.__aeabi_division_idiv0
                0x000048b6        0x2 d:/mcuxpressoide_11.9.0_2144/ide/plugins/com.nxp.mcuxpresso.tools.win32_11.9.0.202307121226/tools/bin/../lib/gcc/arm-none-eabi/12.3.1/thumb/v6-m/nofp\libcr_eabihelpers.a(division_idiv0.o)
                0x000048b6                __aeabi_idiv0
 .text.__bhs_ui2f
                0x000048b8       0x60 d:/mcuxpressoide_11.9.0_2144/ide/plugins/com.nxp.mcuxpresso.tools.win32_11.9.0.202307121226/tools/bin/../lib/gcc/arm-none-eabi/12.3.1/thumb/v6-m/nofp\libcr_eabihelpers.a(float.o)
                0x000048b8                __bhs_ui2f
 .text.__aeabi_i2f
                0x00004918       0x18 d:/mcuxpressoide_11.9.0_2144/ide/plugins/com.nxp.mcuxpresso.tools.win32_11.9.0.202307121226/tools/bin/../lib/gcc/arm-none-eabi/12.3.1/thumb/v6-m/nofp\libcr_eabihelpers.a(float.o)
                0x00004918                __aeabi_i2f
 .text.__aeabi_llong_lmul
                0x00004930       0x2e d:/mcuxpressoide_11.9.0_2144/ide/plugins/com.nxp.mcuxpresso.tools.win32_11.9.0.202307121226/tools/bin/../lib/gcc/arm-none-eabi/12.3.1/thumb/v6-m/nofp\libcr_eabihelpers.a(llong.o)
                0x00004930                __aeabi_lmul
 .text.__aeabi_memset_lowlevel
                0x0000495e       0x2a d:/mcuxpressoide_11.9.0_2144/ide/plugins/com.nxp.mcuxpresso.tools.win32_11.9.0.202307121226/tools/bin/../lib/gcc/arm-none-eabi/12.3.1/thumb/v6-m/nofp\libcr_eabihelpers.a(memcpy.o)
                0x0000495e                __aeabi_lowlevel_memset
 .text.__sys_close
                0x00004988        0x6 d:/mcuxpressoide_11.9.0_2144/ide/plugins/com.nxp.mcuxpresso.tools.win32_11.9.0.202307121226/tools/bin/../lib/gcc/arm-none-eabi/12.3.1/../../../../arm-none-eabi/lib/thumb/v6-m/nofp\libcr_nohost_nf.a(__sys_close.o)
                0x00004988                __sys_close
 .text.__sys_flen
                0x0000498e        0x6 d:/mcuxpressoide_11.9.0_2144/ide/plugins/com.nxp.mcuxpresso.tools.win32_11.9.0.202307121226/tools/bin/../lib/gcc/arm-none-eabi/12.3.1/../../../../arm-none-eabi/lib/thumb/v6-m/nofp\libcr_nohost_nf.a(__sys_flen.o)
                0x0000498e                __sys_flen
 .text.__sys_istty
                0x00004994        0x6 d:/mcuxpressoide_11.9.0_2144/ide/plugins/com.nxp.mcuxpresso.tools.win32_11.9.0.202307121226/tools/bin/../lib/gcc/arm-none-eabi/12.3.1/../../../../arm-none-eabi/lib/thumb/v6-m/nofp\libcr_nohost_nf.a(__sys_istty.o)
                0x00004994                __sys_istty
 .text.__sys_remove
                0x0000499a        0x6 d:/mcuxpressoide_11.9.0_2144/ide/plugins/com.nxp.mcuxpresso.tools.win32_11.9.0.202307121226/tools/bin/../lib/gcc/arm-none-eabi/12.3.1/../../../../arm-none-eabi/lib/thumb/v6-m/nofp\libcr_nohost_nf.a(__sys_remove.o)
                0x0000499a                __sys_remove
 .text.__sys_seek
                0x000049a0        0x6 d:/mcuxpressoide_11.9.0_2144/ide/plugins/com.nxp.mcuxpresso.tools.win32_11.9.0.202307121226/tools/bin/../lib/gcc/arm-none-eabi/12.3.1/../../../../arm-none-eabi/lib/thumb/v6-m/nofp\libcr_nohost_nf.a(__sys_seek.o)
                0x000049a0                __sys_seek
 .text.__sys_tmpnam
                0x000049a6        0x6 d:/mcuxpressoide_11.9.0_2144/ide/plugins/com.nxp.mcuxpresso.tools.win32_11.9.0.202307121226/tools/bin/../lib/gcc/arm-none-eabi/12.3.1/../../../../arm-none-eabi/lib/thumb/v6-m/nofp\libcr_nohost_nf.a(__sys_tmpnam.o)
                0x000049a6                __sys_tmpnam
 .text.__sys_write
                0x000049ac        0x4 d:/mcuxpressoide_11.9.0_2144/ide/plugins/com.nxp.mcuxpresso.tools.win32_11.9.0.202307121226/tools/bin/../lib/gcc/arm-none-eabi/12.3.1/../../../../arm-none-eabi/lib/thumb/v6-m/nofp\libcr_nohost_nf.a(__sys_write.o)
                0x000049ac                __sys_write
 *(SORT_BY_ALIGNMENT(.rodata) SORT_BY_ALIGNMENT(.rodata.*) SORT_BY_ALIGNMENT(.constdata) SORT_BY_ALIGNMENT(.constdata.*))
 .rodata.main.str1.4
                0x000049b0      0x4bd ./source/IMU.o
                                0x4c1 (size before relaxing)
 *fill*         0x00004e6d        0x3 ff
 .rodata.lsm6dsv16x_gy_full_scale_get
                0x00004e70       0x18 ./source/lsm6dsv16x_reg.o
 .rodata.SFE_LSM6DSV16X_GetGyro
                0x00004e88       0x18 ./source/sfe_lsm6dsv16x.o
 .rodata.LSM6DSV16X_PlatformWrite.str1.4
                0x00004ea0       0x53 ./source/sfe_lsm_shim.o
 *fill*         0x00004ef3        0x1 ff
 .rodata.LSM6DSV16X_PlatformRead.str1.4
                0x00004ef4       0x52 ./source/sfe_lsm_shim.o
 *fill*         0x00004f46        0x2 ff
 .rodata.CLOCK_GetMcgExtClkFreq.str1.4
                0x00004f48       0x1e ./drivers/fsl_clock.o
 *fill*         0x00004f66        0x2 ff
 .rodata.CLOCK_GetOsc0ErClkFreq.str1.4
                0x00004f68       0x1e ./drivers/fsl_clock.o
 *fill*         0x00004f86        0x2 ff
 .rodata.CLOCK_GetEr32kClkFreq.str1.4
                0x00004f88       0x1f ./drivers/fsl_clock.o
 *fill*         0x00004fa7        0x1 ff
 .rodata.CLOCK_GetFreq
                0x00004fa8       0x38 ./drivers/fsl_clock.o
 .rodata.CLOCK_GetPll0Freq.str1.4
                0x00004fe0       0x1d ./drivers/fsl_clock.o
 *fill*         0x00004ffd        0x3 ff
 .rodata.CLOCK_EnablePll0.str1.4
                0x00005000       0x19 ./drivers/fsl_clock.o
 *fill*         0x00005019        0x3 ff
 .rodata.CLOCK_SetPbeMode.str1.4
                0x0000501c       0x1a ./drivers/fsl_clock.o
 *fill*         0x00005036        0x2 ff
 .rodata.CLOCK_BootToPeeMode.str1.4
                0x00005038       0x1a ./drivers/fsl_clock.o
 *fill*         0x00005052        0x2 ff
 .rodata.fllFactorTable.1
                0x00005054       0x10 ./drivers/fsl_clock.o
 .rodata.__assertion_failed.str1.4
                0x00005064        0x4 ./drivers/fsl_common.o
 .rodata.s_i2cDividerTable
                0x00005068       0x80 ./drivers/fsl_i2c.o
 .rodata.s_i2cBases
                0x000050e8        0x8 ./drivers/fsl_i2c.o
 .rodata.s_i2cClocks
                0x000050f0        0x8 ./drivers/fsl_i2c.o
 .rodata.I2C_GetInstance.str1.4
                0x000050f8       0x32 ./drivers/fsl_i2c.o
 *fill*         0x0000512a        0x2 ff
 .rodata.I2C_MasterInit.str1.4
                0x0000512c       0x2c ./drivers/fsl_i2c.o
 .rodata.I2C_MasterGetDefaultConfig.str1.4
                0x00005158       0x1d ./drivers/fsl_i2c.o
 *fill*         0x00005175        0x3 ff
 .rodata.I2C_MasterTransferBlocking.str1.4
                0x00005178       0x15 ./drivers/fsl_i2c.o
 *fill*         0x0000518d        0x3 ff
 .rodata.LPSCI_GetInstance.str1.4
                0x00005190       0x36 ./drivers/fsl_lpsci.o
 *fill*         0x000051c6        0x2 ff
 .rodata.LPSCI_Init.str1.4
                0x000051c8       0x43 ./drivers/fsl_lpsci.o
 *fill*         0x0000520b        0x1 ff
 .rodata.LPSCI_GetDefaultConfig.str1.4
                0x0000520c       0x19 ./drivers/fsl_lpsci.o
 *fill*         0x00005225        0x3 ff
 .rodata.LPSCI_WriteBlocking.str1.4
                0x00005228       0x17 ./drivers/fsl_lpsci.o
 *fill*         0x0000523f        0x1 ff
 .rodata.LPSCI_ReadBlocking.str1.4
                0x00005240       0x17 ./drivers/fsl_lpsci.o
 *fill*         0x00005257        0x1 ff
 .rodata.s_uartBases
                0x00005258        0xc ./drivers/fsl_uart.o
 .rodata.s_uartClock
                0x00005264        0xc ./drivers/fsl_uart.o
 .rodata.UART_GetInstance.str1.4
                0x00005270       0x2b ./drivers/fsl_uart.o
 *fill*         0x0000529b        0x1 ff
 .rodata.UART_Init.str1.4
                0x0000529c       0x3e ./drivers/fsl_uart.o
 *fill*         0x000052da        0x2 ff
 .rodata.UART_GetDefaultConfig.str1.4
                0x000052dc       0x18 ./drivers/fsl_uart.o
 .rodata.UART_ReadBlocking.str1.4
                0x000052f4       0x16 ./drivers/fsl_uart.o
 *fill*         0x0000530a        0x2 ff
 .rodata.mcgConfig_BOARD_BootClockRUN
                0x0000530c        0xa ./board/clock_config.o
                0x0000530c                mcgConfig_BOARD_BootClockRUN
 *fill*         0x00005316        0x2 ff
 .rodata.simConfig_BOARD_BootClockRUN
                0x00005318        0x8 ./board/clock_config.o
                0x00005318                simConfig_BOARD_BootClockRUN
 .rodata.oscConfig_BOARD_BootClockRUN
                0x00005320        0x8 ./board/clock_config.o
                0x00005320                oscConfig_BOARD_BootClockRUN
 .rodata.__num_Ciob_streams
                0x00005328        0x4 d:/mcuxpressoide_11.9.0_2144/ide/plugins/com.nxp.mcuxpresso.tools.win32_11.9.0.202307121226/tools/bin/../lib/gcc/arm-none-eabi/12.3.1/../../../../arm-none-eabi/lib/thumb/v6-m/nofp\libcr_nohost_nf.a(__ciob.o)
                0x00005328                __num_Ciob_streams
 .rodata._initio.str1.1
                0x0000532c        0x4 d:/mcuxpressoide_11.9.0_2144/ide/plugins/com.nxp.mcuxpresso.tools.win32_11.9.0.202307121226/tools/bin/../lib/gcc/arm-none-eabi/12.3.1/../../../../arm-none-eabi/lib/thumb/v6-m/nofp\libcr_c.a(initio.o)
                0x00005330                        . = ALIGN (0x4)

.glue_7         0x00005330        0x0
 .glue_7        0x00005330        0x0 linker stubs

.glue_7t        0x00005330        0x0
 .glue_7t       0x00005330        0x0 linker stubs

.vfp11_veneer   0x00005330        0x0
 .vfp11_veneer  0x00005330        0x0 linker stubs

.v4_bx          0x00005330        0x0
 .v4_bx         0x00005330        0x0 linker stubs

.iplt           0x00005330        0x0
 .iplt          0x00005330        0x0 ./utilities/fsl_debug_console.o

.rel.dyn        0x00005330        0x0
 .rel.iplt      0x00005330        0x0 ./utilities/fsl_debug_console.o

.ARM.extab
 *(SORT_BY_ALIGNMENT(.ARM.extab*) SORT_BY_ALIGNMENT(.gnu.linkonce.armextab.*))

.ARM.exidx      0x00005330        0x0
                0x00005330                        __exidx_start = .
 *(SORT_BY_ALIGNMENT(.ARM.exidx*) SORT_BY_ALIGNMENT(.gnu.linkonce.armexidx.*))
                0x00005330                        __exidx_end = .
                0x00005330                        _etext = .

.m_usb_data
 *(SORT_BY_ALIGNMENT(m_usb_bdt))

.mtb_buffer_default
                0x1ffff000       0x80
 *(SORT_BY_ALIGNMENT(.mtb*))
 .mtb.$RAM1     0x1ffff000       0x80 ./source/mtb.o
                0x1ffff000                __mtb_buffer__

.uninit_RESERVED
                0x1ffff080        0x0
                0x1ffff080                        _start_uninit_RESERVED = .
 *(SORT_BY_ALIGNMENT(.bss.$RESERVED*))
                0x1ffff080                        . = ALIGN (0x4)
                0x1ffff080                        _end_uninit_RESERVED = .

.data           0x1ffff080        0xc load address 0x00005330
 FILL mask 0xff
                0x1ffff080                        _data = .
                [!provide]                        PROVIDE (__start_data_RAM = .)
                [!provide]                        PROVIDE (__start_data_SRAM = .)
 *(SORT_BY_ALIGNMENT(vtable))
 *(SORT_BY_ALIGNMENT(.ramfunc*))
 *(SORT_BY_ALIGNMENT(CodeQuickAccess))
 *(SORT_BY_ALIGNMENT(DataQuickAccess))
 *(SORT_BY_ALIGNMENT(RamFunction))
 *(SORT_BY_ALIGNMENT(.data*))
 .data.s_slowIrcFreq
                0x1ffff080        0x4 ./drivers/fsl_clock.o
 .data.s_fastIrcFreq
                0x1ffff084        0x4 ./drivers/fsl_clock.o
 .data.SystemCoreClock
                0x1ffff088        0x4 ./CMSIS/system_MKL25Z4.o
                0x1ffff088                SystemCoreClock
                0x1ffff08c                        . = ALIGN (0x4)
                0x1ffff08c                        _edata = .
                [!provide]                        PROVIDE (__end_data_RAM = .)
                [!provide]                        PROVIDE (__end_data_SRAM = .)

.igot.plt       0x1ffff08c        0x0 load address 0x0000533c
 .igot.plt      0x1ffff08c        0x0 ./utilities/fsl_debug_console.o

.bss            0x1ffff08c       0xf8
                0x1ffff08c                        _bss = .
                [!provide]                        PROVIDE (__start_bss_RAM = .)
                [!provide]                        PROVIDE (__start_bss_SRAM = .)
 *(SORT_BY_ALIGNMENT(.bss*))
 .bss.s_debugConsole
                0x1ffff08c       0x10 ./utilities/fsl_debug_console.o
 .bss.g_xtal0Freq
                0x1ffff09c        0x4 ./drivers/fsl_clock.o
                0x1ffff09c                g_xtal0Freq
 .bss.g_xtal32Freq
                0x1ffff0a0        0x4 ./drivers/fsl_clock.o
                0x1ffff0a0                g_xtal32Freq
 .bss.s_i2cHandle
                0x1ffff0a4        0x8 ./drivers/fsl_i2c.o
 .bss.s_i2cMasterIsr
                0x1ffff0ac        0x4 ./drivers/fsl_i2c.o
 .bss.s_i2cSlaveIsr
                0x1ffff0b0        0x4 ./drivers/fsl_i2c.o
 .bss.s_lpsciHandle
                0x1ffff0b4        0x4 ./drivers/fsl_lpsci.o
 .bss.s_lpsciIsr
                0x1ffff0b8        0x4 ./drivers/fsl_lpsci.o
 .bss.s_uartHandle
                0x1ffff0bc        0xc ./drivers/fsl_uart.o
 .bss.s_uartIsr
                0x1ffff0c8        0x4 ./drivers/fsl_uart.o
 .bss.errno     0x1ffff0cc        0x4 d:/mcuxpressoide_11.9.0_2144/ide/plugins/com.nxp.mcuxpresso.tools.win32_11.9.0.202307121226/tools/bin/../lib/gcc/arm-none-eabi/12.3.1/../../../../arm-none-eabi/lib/thumb/v6-m/nofp\libcr_c.a(errno.o)
                0x1ffff0cc                errno
 .bss.__Ciob    0x1ffff0d0       0xb4 d:/mcuxpressoide_11.9.0_2144/ide/plugins/com.nxp.mcuxpresso.tools.win32_11.9.0.202307121226/tools/bin/../lib/gcc/arm-none-eabi/12.3.1/../../../../arm-none-eabi/lib/thumb/v6-m/nofp\libcr_nohost_nf.a(__ciob.o)
                0x1ffff0d0                __Ciob
 *(SORT_BY_ALIGNMENT(COMMON))
                0x1ffff184                        . = ALIGN (0x4)
                0x1ffff184                        _ebss = .
                [!provide]                        PROVIDE (__end_bss_RAM = .)
                [!provide]                        PROVIDE (__end_bss_SRAM = .)
                [!provide]                        PROVIDE (end = .)

.noinit         0x1ffff184        0x0
                0x1ffff184                        _noinit = .
                [!provide]                        PROVIDE (__start_noinit_RAM = .)
                [!provide]                        PROVIDE (__start_noinit_SRAM = .)
 *(SORT_BY_ALIGNMENT(.noinit*))
                0x1ffff184                        . = ALIGN (0x4)
                0x1ffff184                        _end_noinit = .
                [!provide]                        PROVIDE (__end_noinit_RAM = .)
                [!provide]                        PROVIDE (__end_noinit_SRAM = .)
                0x00000400                        _HeapSize = 0x400

.heap           0x1ffff184      0x400
                0x1ffff184                        _pvHeapStart = .
                0x1ffff584                        . = (. + _HeapSize)
 *fill*         0x1ffff184      0x400 
                0x1ffff584                        . = ALIGN (0x4)
                0x1ffff584                        _pvHeapLimit = .
                0x00000400                        _StackSize = 0x400

.heap2stackfill
                0x1ffff584      0x400
                0x1ffff984                        . = (. + _StackSize)
 *fill*         0x1ffff584      0x400 

.stack          0x20002c00        0x0
                0x20002c00                        _vStackBase = .
                0x20002c00                        . = ALIGN (0x4)
                0x20003000                        _vStackTop = (. + _StackSize)
                0x00000000                        _image_start = LOADADDR (.text)
                0x0000533c                        _image_end = (LOADADDR (.data) + SIZEOF (.data))
                0x0000533c                        _image_size = (_image_end - _image_start)
OUTPUT(MKL25Z4_Project_LSM6DSV16X.axf elf32-littlearm)
LOAD linker stubs

.debug_info     0x00000000    0x1d209
 .debug_info    0x00000000      0xf55 ./utilities/fsl_debug_console.o
 .debug_info    0x00000f55      0x68b ./startup/startup_mkl25z4.o
 .debug_info    0x000015e0      0x837 ./source/IMU.o
 .debug_info    0x00001e17     0xb8b8 ./source/lsm6dsv16x_reg.o
 .debug_info    0x0000d6cf       0x53 ./source/mtb.o
 .debug_info    0x0000d722       0x3c ./source/semihost_hardfault.o
 .debug_info    0x0000d75e     0x3781 ./source/sfe_lsm6dsv16x.o
 .debug_info    0x00010edf      0x556 ./source/sfe_lsm_shim.o
 .debug_info    0x00011435     0x1a79 ./drivers/fsl_clock.o
 .debug_info    0x00012eae      0x40a ./drivers/fsl_common.o
 .debug_info    0x000132b8     0x1a7d ./drivers/fsl_i2c.o
 .debug_info    0x00014d35     0x144c ./drivers/fsl_lpsci.o
 .debug_info    0x00016181     0x13ed ./drivers/fsl_uart.o
 .debug_info    0x0001756e      0x3de ./board/board.o
 .debug_info    0x0001794c      0xba3 ./board/clock_config.o
 .debug_info    0x000184ef      0x547 ./board/pin_mux.o
 .debug_info    0x00018a36      0x401 ./CMSIS/system_MKL25Z4.o
 .debug_info    0x00018e37       0x85 d:/mcuxpressoide_11.9.0_2144/ide/plugins/com.nxp.mcuxpresso.tools.win32_11.9.0.202307121226/tools/bin/../lib/gcc/arm-none-eabi/12.3.1/../../../../arm-none-eabi/lib/thumb/v6-m/nofp\libcr_nohost_nf.a(_cr__main.o)
 .debug_info    0x00018ebc       0xe3 d:/mcuxpressoide_11.9.0_2144/ide/plugins/com.nxp.mcuxpresso.tools.win32_11.9.0.202307121226/tools/bin/../lib/gcc/arm-none-eabi/12.3.1/../../../../arm-none-eabi/lib/thumb/v6-m/nofp\libcr_c.a(memset.o)
 .debug_info    0x00018f9f      0x353 d:/mcuxpressoide_11.9.0_2144/ide/plugins/com.nxp.mcuxpresso.tools.win32_11.9.0.202307121226/tools/bin/../lib/gcc/arm-none-eabi/12.3.1/../../../../arm-none-eabi/lib/thumb/v6-m/nofp\libcr_c.a(initio.o)
 .debug_info    0x000192f2      0x1f6 d:/mcuxpressoide_11.9.0_2144/ide/plugins/com.nxp.mcuxpresso.tools.win32_11.9.0.202307121226/tools/bin/../lib/gcc/arm-none-eabi/12.3.1/../../../../arm-none-eabi/lib/thumb/v6-m/nofp\libcr_c.a(setvbuf.o)
 .debug_info    0x000194e8       0xd6 d:/mcuxpressoide_11.9.0_2144/ide/plugins/com.nxp.mcuxpresso.tools.win32_11.9.0.202307121226/tools/bin/../lib/gcc/arm-none-eabi/12.3.1/../../../../arm-none-eabi/lib/thumb/v6-m/nofp\libcr_c.a(strlen.o)
 .debug_info    0x000195be      0x244 d:/mcuxpressoide_11.9.0_2144/ide/plugins/com.nxp.mcuxpresso.tools.win32_11.9.0.202307121226/tools/bin/../lib/gcc/arm-none-eabi/12.3.1/../../../../arm-none-eabi/lib/thumb/v6-m/nofp\libcr_c.a(_fdopen.o)
 .debug_info    0x00019802      0x31e d:/mcuxpressoide_11.9.0_2144/ide/plugins/com.nxp.mcuxpresso.tools.win32_11.9.0.202307121226/tools/bin/../lib/gcc/arm-none-eabi/12.3.1/../../../../arm-none-eabi/lib/thumb/v6-m/nofp\libcr_c.a(fclose.o)
 .debug_info    0x00019b20      0x203 d:/mcuxpressoide_11.9.0_2144/ide/plugins/com.nxp.mcuxpresso.tools.win32_11.9.0.202307121226/tools/bin/../lib/gcc/arm-none-eabi/12.3.1/../../../../arm-none-eabi/lib/thumb/v6-m/nofp\libcr_c.a(fflush.o)
 .debug_info    0x00019d23      0x278 d:/mcuxpressoide_11.9.0_2144/ide/plugins/com.nxp.mcuxpresso.tools.win32_11.9.0.202307121226/tools/bin/../lib/gcc/arm-none-eabi/12.3.1/../../../../arm-none-eabi/lib/thumb/v6-m/nofp\libcr_c.a(fseek.o)
 .debug_info    0x00019f9b      0x190 d:/mcuxpressoide_11.9.0_2144/ide/plugins/com.nxp.mcuxpresso.tools.win32_11.9.0.202307121226/tools/bin/../lib/gcc/arm-none-eabi/12.3.1/../../../../arm-none-eabi/lib/thumb/v6-m/nofp\libcr_c.a(ftell.o)
 .debug_info    0x0001a12b      0x1c9 d:/mcuxpressoide_11.9.0_2144/ide/plugins/com.nxp.mcuxpresso.tools.win32_11.9.0.202307121226/tools/bin/../lib/gcc/arm-none-eabi/12.3.1/../../../../arm-none-eabi/lib/thumb/v6-m/nofp\libcr_c.a(remove.o)
 .debug_info    0x0001a2f4      0x23a d:/mcuxpressoide_11.9.0_2144/ide/plugins/com.nxp.mcuxpresso.tools.win32_11.9.0.202307121226/tools/bin/../lib/gcc/arm-none-eabi/12.3.1/../../../../arm-none-eabi/lib/thumb/v6-m/nofp\libcr_c.a(_do_fflush.o)
 .debug_info    0x0001a52e      0x1e3 d:/mcuxpressoide_11.9.0_2144/ide/plugins/com.nxp.mcuxpresso.tools.win32_11.9.0.202307121226/tools/bin/../lib/gcc/arm-none-eabi/12.3.1/../../../../arm-none-eabi/lib/thumb/v6-m/nofp\libcr_c.a(_fflush.o)
 .debug_info    0x0001a711      0x283 d:/mcuxpressoide_11.9.0_2144/ide/plugins/com.nxp.mcuxpresso.tools.win32_11.9.0.202307121226/tools/bin/../lib/gcc/arm-none-eabi/12.3.1/../../../../arm-none-eabi/lib/thumb/v6-m/nofp\libcr_c.a(_writebuf.o)
 .debug_info    0x0001a994      0x50c d:/mcuxpressoide_11.9.0_2144/ide/plugins/com.nxp.mcuxpresso.tools.win32_11.9.0.202307121226/tools/bin/../lib/gcc/arm-none-eabi/12.3.1/../../../../arm-none-eabi/lib/thumb/v6-m/nofp\libcr_c.a(alloc.o)
 .debug_info    0x0001aea0       0x44 d:/mcuxpressoide_11.9.0_2144/ide/plugins/com.nxp.mcuxpresso.tools.win32_11.9.0.202307121226/tools/bin/../lib/gcc/arm-none-eabi/12.3.1/../../../../arm-none-eabi/lib/thumb/v6-m/nofp\libcr_c.a(errno.o)
 .debug_info    0x0001aee4      0x35d d:/mcuxpressoide_11.9.0_2144/ide/plugins/com.nxp.mcuxpresso.tools.win32_11.9.0.202307121226/tools/bin/../lib/gcc/arm-none-eabi/12.3.1/../../../../arm-none-eabi/lib/thumb/v6-m/nofp\libcr_c.a(_deferredlazyseek.o)
 .debug_info    0x0001b241     0x1b39 d:/mcuxpressoide_11.9.0_2144/ide/plugins/com.nxp.mcuxpresso.tools.win32_11.9.0.202307121226/tools/bin/../lib/gcc/arm-none-eabi/12.3.1/thumb/v6-m/nofp\libcr_eabihelpers.a(float.o)
 .debug_info    0x0001cd7a      0x18b d:/mcuxpressoide_11.9.0_2144/ide/plugins/com.nxp.mcuxpresso.tools.win32_11.9.0.202307121226/tools/bin/../lib/gcc/arm-none-eabi/12.3.1/../../../../arm-none-eabi/lib/thumb/v6-m/nofp\libcr_nohost_nf.a(__ciob.o)
 .debug_info    0x0001cf05       0x5c d:/mcuxpressoide_11.9.0_2144/ide/plugins/com.nxp.mcuxpresso.tools.win32_11.9.0.202307121226/tools/bin/../lib/gcc/arm-none-eabi/12.3.1/../../../../arm-none-eabi/lib/thumb/v6-m/nofp\libcr_nohost_nf.a(__sys_close.o)
 .debug_info    0x0001cf61       0x5c d:/mcuxpressoide_11.9.0_2144/ide/plugins/com.nxp.mcuxpresso.tools.win32_11.9.0.202307121226/tools/bin/../lib/gcc/arm-none-eabi/12.3.1/../../../../arm-none-eabi/lib/thumb/v6-m/nofp\libcr_nohost_nf.a(__sys_flen.o)
 .debug_info    0x0001cfbd       0x5c d:/mcuxpressoide_11.9.0_2144/ide/plugins/com.nxp.mcuxpresso.tools.win32_11.9.0.202307121226/tools/bin/../lib/gcc/arm-none-eabi/12.3.1/../../../../arm-none-eabi/lib/thumb/v6-m/nofp\libcr_nohost_nf.a(__sys_istty.o)
 .debug_info    0x0001d019       0x7c d:/mcuxpressoide_11.9.0_2144/ide/plugins/com.nxp.mcuxpresso.tools.win32_11.9.0.202307121226/tools/bin/../lib/gcc/arm-none-eabi/12.3.1/../../../../arm-none-eabi/lib/thumb/v6-m/nofp\libcr_nohost_nf.a(__sys_remove.o)
 .debug_info    0x0001d095       0x6a d:/mcuxpressoide_11.9.0_2144/ide/plugins/com.nxp.mcuxpresso.tools.win32_11.9.0.202307121226/tools/bin/../lib/gcc/arm-none-eabi/12.3.1/../../../../arm-none-eabi/lib/thumb/v6-m/nofp\libcr_nohost_nf.a(__sys_seek.o)
 .debug_info    0x0001d0ff       0x85 d:/mcuxpressoide_11.9.0_2144/ide/plugins/com.nxp.mcuxpresso.tools.win32_11.9.0.202307121226/tools/bin/../lib/gcc/arm-none-eabi/12.3.1/../../../../arm-none-eabi/lib/thumb/v6-m/nofp\libcr_nohost_nf.a(__sys_tmpnam.o)
 .debug_info    0x0001d184       0x85 d:/mcuxpressoide_11.9.0_2144/ide/plugins/com.nxp.mcuxpresso.tools.win32_11.9.0.202307121226/tools/bin/../lib/gcc/arm-none-eabi/12.3.1/../../../../arm-none-eabi/lib/thumb/v6-m/nofp\libcr_nohost_nf.a(__sys_write.o)

.debug_abbrev   0x00000000     0x3bcd
 .debug_abbrev  0x00000000      0x2fd ./utilities/fsl_debug_console.o
 .debug_abbrev  0x000002fd      0x17a ./startup/startup_mkl25z4.o
 .debug_abbrev  0x00000477      0x1ef ./source/IMU.o
 .debug_abbrev  0x00000666      0x2c0 ./source/lsm6dsv16x_reg.o
 .debug_abbrev  0x00000926       0x46 ./source/mtb.o
 .debug_abbrev  0x0000096c       0x31 ./source/semihost_hardfault.o
 .debug_abbrev  0x0000099d      0x270 ./source/sfe_lsm6dsv16x.o
 .debug_abbrev  0x00000c0d      0x1a4 ./source/sfe_lsm_shim.o
 .debug_abbrev  0x00000db1      0x376 ./drivers/fsl_clock.o
 .debug_abbrev  0x00001127      0x27e ./drivers/fsl_common.o
 .debug_abbrev  0x000013a5      0x36b ./drivers/fsl_i2c.o
 .debug_abbrev  0x00001710      0x306 ./drivers/fsl_lpsci.o
 .debug_abbrev  0x00001a16      0x320 ./drivers/fsl_uart.o
 .debug_abbrev  0x00001d36      0x14e ./board/board.o
 .debug_abbrev  0x00001e84      0x225 ./board/clock_config.o
 .debug_abbrev  0x000020a9      0x189 ./board/pin_mux.o
 .debug_abbrev  0x00002232      0x12e ./CMSIS/system_MKL25Z4.o
 .debug_abbrev  0x00002360       0x62 d:/mcuxpressoide_11.9.0_2144/ide/plugins/com.nxp.mcuxpresso.tools.win32_11.9.0.202307121226/tools/bin/../lib/gcc/arm-none-eabi/12.3.1/../../../../arm-none-eabi/lib/thumb/v6-m/nofp\libcr_nohost_nf.a(_cr__main.o)
 .debug_abbrev  0x000023c2       0xa5 d:/mcuxpressoide_11.9.0_2144/ide/plugins/com.nxp.mcuxpresso.tools.win32_11.9.0.202307121226/tools/bin/../lib/gcc/arm-none-eabi/12.3.1/../../../../arm-none-eabi/lib/thumb/v6-m/nofp\libcr_c.a(memset.o)
 .debug_abbrev  0x00002467      0x14b d:/mcuxpressoide_11.9.0_2144/ide/plugins/com.nxp.mcuxpresso.tools.win32_11.9.0.202307121226/tools/bin/../lib/gcc/arm-none-eabi/12.3.1/../../../../arm-none-eabi/lib/thumb/v6-m/nofp\libcr_c.a(initio.o)
 .debug_abbrev  0x000025b2       0xe1 d:/mcuxpressoide_11.9.0_2144/ide/plugins/com.nxp.mcuxpresso.tools.win32_11.9.0.202307121226/tools/bin/../lib/gcc/arm-none-eabi/12.3.1/../../../../arm-none-eabi/lib/thumb/v6-m/nofp\libcr_c.a(setvbuf.o)
 .debug_abbrev  0x00002693       0xa5 d:/mcuxpressoide_11.9.0_2144/ide/plugins/com.nxp.mcuxpresso.tools.win32_11.9.0.202307121226/tools/bin/../lib/gcc/arm-none-eabi/12.3.1/../../../../arm-none-eabi/lib/thumb/v6-m/nofp\libcr_c.a(strlen.o)
 .debug_abbrev  0x00002738      0x119 d:/mcuxpressoide_11.9.0_2144/ide/plugins/com.nxp.mcuxpresso.tools.win32_11.9.0.202307121226/tools/bin/../lib/gcc/arm-none-eabi/12.3.1/../../../../arm-none-eabi/lib/thumb/v6-m/nofp\libcr_c.a(_fdopen.o)
 .debug_abbrev  0x00002851      0x158 d:/mcuxpressoide_11.9.0_2144/ide/plugins/com.nxp.mcuxpresso.tools.win32_11.9.0.202307121226/tools/bin/../lib/gcc/arm-none-eabi/12.3.1/../../../../arm-none-eabi/lib/thumb/v6-m/nofp\libcr_c.a(fclose.o)
 .debug_abbrev  0x000029a9      0x122 d:/mcuxpressoide_11.9.0_2144/ide/plugins/com.nxp.mcuxpresso.tools.win32_11.9.0.202307121226/tools/bin/../lib/gcc/arm-none-eabi/12.3.1/../../../../arm-none-eabi/lib/thumb/v6-m/nofp\libcr_c.a(fflush.o)
 .debug_abbrev  0x00002acb      0x11b d:/mcuxpressoide_11.9.0_2144/ide/plugins/com.nxp.mcuxpresso.tools.win32_11.9.0.202307121226/tools/bin/../lib/gcc/arm-none-eabi/12.3.1/../../../../arm-none-eabi/lib/thumb/v6-m/nofp\libcr_c.a(fseek.o)
 .debug_abbrev  0x00002be6       0xc2 d:/mcuxpressoide_11.9.0_2144/ide/plugins/com.nxp.mcuxpresso.tools.win32_11.9.0.202307121226/tools/bin/../lib/gcc/arm-none-eabi/12.3.1/../../../../arm-none-eabi/lib/thumb/v6-m/nofp\libcr_c.a(ftell.o)
 .debug_abbrev  0x00002ca8       0xed d:/mcuxpressoide_11.9.0_2144/ide/plugins/com.nxp.mcuxpresso.tools.win32_11.9.0.202307121226/tools/bin/../lib/gcc/arm-none-eabi/12.3.1/../../../../arm-none-eabi/lib/thumb/v6-m/nofp\libcr_c.a(remove.o)
 .debug_abbrev  0x00002d95      0x12c d:/mcuxpressoide_11.9.0_2144/ide/plugins/com.nxp.mcuxpresso.tools.win32_11.9.0.202307121226/tools/bin/../lib/gcc/arm-none-eabi/12.3.1/../../../../arm-none-eabi/lib/thumb/v6-m/nofp\libcr_c.a(_do_fflush.o)
 .debug_abbrev  0x00002ec1       0xf1 d:/mcuxpressoide_11.9.0_2144/ide/plugins/com.nxp.mcuxpresso.tools.win32_11.9.0.202307121226/tools/bin/../lib/gcc/arm-none-eabi/12.3.1/../../../../arm-none-eabi/lib/thumb/v6-m/nofp\libcr_c.a(_fflush.o)
 .debug_abbrev  0x00002fb2      0x126 d:/mcuxpressoide_11.9.0_2144/ide/plugins/com.nxp.mcuxpresso.tools.win32_11.9.0.202307121226/tools/bin/../lib/gcc/arm-none-eabi/12.3.1/../../../../arm-none-eabi/lib/thumb/v6-m/nofp\libcr_c.a(_writebuf.o)
 .debug_abbrev  0x000030d8      0x27b d:/mcuxpressoide_11.9.0_2144/ide/plugins/com.nxp.mcuxpresso.tools.win32_11.9.0.202307121226/tools/bin/../lib/gcc/arm-none-eabi/12.3.1/../../../../arm-none-eabi/lib/thumb/v6-m/nofp\libcr_c.a(alloc.o)
 .debug_abbrev  0x00003353       0x44 d:/mcuxpressoide_11.9.0_2144/ide/plugins/com.nxp.mcuxpresso.tools.win32_11.9.0.202307121226/tools/bin/../lib/gcc/arm-none-eabi/12.3.1/../../../../arm-none-eabi/lib/thumb/v6-m/nofp\libcr_c.a(errno.o)
 .debug_abbrev  0x00003397      0x147 d:/mcuxpressoide_11.9.0_2144/ide/plugins/com.nxp.mcuxpresso.tools.win32_11.9.0.202307121226/tools/bin/../lib/gcc/arm-none-eabi/12.3.1/../../../../arm-none-eabi/lib/thumb/v6-m/nofp\libcr_c.a(_deferredlazyseek.o)
 .debug_abbrev  0x000034de      0x37c d:/mcuxpressoide_11.9.0_2144/ide/plugins/com.nxp.mcuxpresso.tools.win32_11.9.0.202307121226/tools/bin/../lib/gcc/arm-none-eabi/12.3.1/thumb/v6-m/nofp\libcr_eabihelpers.a(float.o)
 .debug_abbrev  0x0000385a       0xb5 d:/mcuxpressoide_11.9.0_2144/ide/plugins/com.nxp.mcuxpresso.tools.win32_11.9.0.202307121226/tools/bin/../lib/gcc/arm-none-eabi/12.3.1/../../../../arm-none-eabi/lib/thumb/v6-m/nofp\libcr_nohost_nf.a(__ciob.o)
 .debug_abbrev  0x0000390f       0x51 d:/mcuxpressoide_11.9.0_2144/ide/plugins/com.nxp.mcuxpresso.tools.win32_11.9.0.202307121226/tools/bin/../lib/gcc/arm-none-eabi/12.3.1/../../../../arm-none-eabi/lib/thumb/v6-m/nofp\libcr_nohost_nf.a(__sys_close.o)
 .debug_abbrev  0x00003960       0x51 d:/mcuxpressoide_11.9.0_2144/ide/plugins/com.nxp.mcuxpresso.tools.win32_11.9.0.202307121226/tools/bin/../lib/gcc/arm-none-eabi/12.3.1/../../../../arm-none-eabi/lib/thumb/v6-m/nofp\libcr_nohost_nf.a(__sys_flen.o)
 .debug_abbrev  0x000039b1       0x51 d:/mcuxpressoide_11.9.0_2144/ide/plugins/com.nxp.mcuxpresso.tools.win32_11.9.0.202307121226/tools/bin/../lib/gcc/arm-none-eabi/12.3.1/../../../../arm-none-eabi/lib/thumb/v6-m/nofp\libcr_nohost_nf.a(__sys_istty.o)
 .debug_abbrev  0x00003a02       0x7d d:/mcuxpressoide_11.9.0_2144/ide/plugins/com.nxp.mcuxpresso.tools.win32_11.9.0.202307121226/tools/bin/../lib/gcc/arm-none-eabi/12.3.1/../../../../arm-none-eabi/lib/thumb/v6-m/nofp\libcr_nohost_nf.a(__sys_remove.o)
 .debug_abbrev  0x00003a7f       0x62 d:/mcuxpressoide_11.9.0_2144/ide/plugins/com.nxp.mcuxpresso.tools.win32_11.9.0.202307121226/tools/bin/../lib/gcc/arm-none-eabi/12.3.1/../../../../arm-none-eabi/lib/thumb/v6-m/nofp\libcr_nohost_nf.a(__sys_seek.o)
 .debug_abbrev  0x00003ae1       0x76 d:/mcuxpressoide_11.9.0_2144/ide/plugins/com.nxp.mcuxpresso.tools.win32_11.9.0.202307121226/tools/bin/../lib/gcc/arm-none-eabi/12.3.1/../../../../arm-none-eabi/lib/thumb/v6-m/nofp\libcr_nohost_nf.a(__sys_tmpnam.o)
 .debug_abbrev  0x00003b57       0x76 d:/mcuxpressoide_11.9.0_2144/ide/plugins/com.nxp.mcuxpresso.tools.win32_11.9.0.202307121226/tools/bin/../lib/gcc/arm-none-eabi/12.3.1/../../../../arm-none-eabi/lib/thumb/v6-m/nofp\libcr_nohost_nf.a(__sys_write.o)

.debug_aranges  0x00000000     0x1a18
 .debug_aranges
                0x00000000       0x90 ./utilities/fsl_debug_console.o
 .debug_aranges
                0x00000090      0x160 ./startup/startup_mkl25z4.o
 .debug_aranges
                0x000001f0       0x28 ./source/IMU.o
 .debug_aranges
                0x00000218      0x9d0 ./source/lsm6dsv16x_reg.o
 .debug_aranges
                0x00000be8       0x18 ./source/mtb.o
 .debug_aranges
                0x00000c00       0x20 ./source/semihost_hardfault.o
 .debug_aranges
                0x00000c20      0x2f0 ./source/sfe_lsm6dsv16x.o
 .debug_aranges
                0x00000f10       0x30 ./source/sfe_lsm_shim.o
 .debug_aranges
                0x00000f40      0x1d8 ./drivers/fsl_clock.o
 .debug_aranges
                0x00001118       0x38 ./drivers/fsl_common.o
 .debug_aranges
                0x00001150      0x178 ./drivers/fsl_i2c.o
 .debug_aranges
                0x000012c8      0x118 ./drivers/fsl_lpsci.o
 .debug_aranges
                0x000013e0      0x130 ./drivers/fsl_uart.o
 .debug_aranges
                0x00001510       0x28 ./board/board.o
 .debug_aranges
                0x00001538       0x58 ./board/clock_config.o
 .debug_aranges
                0x00001590       0x38 ./board/pin_mux.o
 .debug_aranges
                0x000015c8       0x28 ./CMSIS/system_MKL25Z4.o
 .debug_aranges
                0x000015f0       0x20 d:/mcuxpressoide_11.9.0_2144/ide/plugins/com.nxp.mcuxpresso.tools.win32_11.9.0.202307121226/tools/bin/../lib/gcc/arm-none-eabi/12.3.1/../../../../arm-none-eabi/lib/thumb/v6-m/nofp\libcr_nohost_nf.a(_cr__main.o)
 .debug_aranges
                0x00001610       0x20 d:/mcuxpressoide_11.9.0_2144/ide/plugins/com.nxp.mcuxpresso.tools.win32_11.9.0.202307121226/tools/bin/../lib/gcc/arm-none-eabi/12.3.1/../../../../arm-none-eabi/lib/thumb/v6-m/nofp\libcr_c.a(memset.o)
 .debug_aranges
                0x00001630       0x28 d:/mcuxpressoide_11.9.0_2144/ide/plugins/com.nxp.mcuxpresso.tools.win32_11.9.0.202307121226/tools/bin/../lib/gcc/arm-none-eabi/12.3.1/../../../../arm-none-eabi/lib/thumb/v6-m/nofp\libcr_c.a(initio.o)
 .debug_aranges
                0x00001658       0x20 d:/mcuxpressoide_11.9.0_2144/ide/plugins/com.nxp.mcuxpresso.tools.win32_11.9.0.202307121226/tools/bin/../lib/gcc/arm-none-eabi/12.3.1/../../../../arm-none-eabi/lib/thumb/v6-m/nofp\libcr_c.a(setvbuf.o)
 .debug_aranges
                0x00001678       0x20 d:/mcuxpressoide_11.9.0_2144/ide/plugins/com.nxp.mcuxpresso.tools.win32_11.9.0.202307121226/tools/bin/../lib/gcc/arm-none-eabi/12.3.1/../../../../arm-none-eabi/lib/thumb/v6-m/nofp\libcr_c.a(strlen.o)
 .debug_aranges
                0x00001698       0x20 d:/mcuxpressoide_11.9.0_2144/ide/plugins/com.nxp.mcuxpresso.tools.win32_11.9.0.202307121226/tools/bin/../lib/gcc/arm-none-eabi/12.3.1/../../../../arm-none-eabi/lib/thumb/v6-m/nofp\libcr_c.a(_fdopen.o)
 .debug_aranges
                0x000016b8       0x20 d:/mcuxpressoide_11.9.0_2144/ide/plugins/com.nxp.mcuxpresso.tools.win32_11.9.0.202307121226/tools/bin/../lib/gcc/arm-none-eabi/12.3.1/../../../../arm-none-eabi/lib/thumb/v6-m/nofp\libcr_c.a(fclose.o)
 .debug_aranges
                0x000016d8       0x20 d:/mcuxpressoide_11.9.0_2144/ide/plugins/com.nxp.mcuxpresso.tools.win32_11.9.0.202307121226/tools/bin/../lib/gcc/arm-none-eabi/12.3.1/../../../../arm-none-eabi/lib/thumb/v6-m/nofp\libcr_c.a(fflush.o)
 .debug_aranges
                0x000016f8       0x20 d:/mcuxpressoide_11.9.0_2144/ide/plugins/com.nxp.mcuxpresso.tools.win32_11.9.0.202307121226/tools/bin/../lib/gcc/arm-none-eabi/12.3.1/../../../../arm-none-eabi/lib/thumb/v6-m/nofp\libcr_c.a(fseek.o)
 .debug_aranges
                0x00001718       0x20 d:/mcuxpressoide_11.9.0_2144/ide/plugins/com.nxp.mcuxpresso.tools.win32_11.9.0.202307121226/tools/bin/../lib/gcc/arm-none-eabi/12.3.1/../../../../arm-none-eabi/lib/thumb/v6-m/nofp\libcr_c.a(ftell.o)
 .debug_aranges
                0x00001738       0x28 d:/mcuxpressoide_11.9.0_2144/ide/plugins/com.nxp.mcuxpresso.tools.win32_11.9.0.202307121226/tools/bin/../lib/gcc/arm-none-eabi/12.3.1/../../../../arm-none-eabi/lib/thumb/v6-m/nofp\libcr_c.a(remove.o)
 .debug_aranges
                0x00001760       0x20 d:/mcuxpressoide_11.9.0_2144/ide/plugins/com.nxp.mcuxpresso.tools.win32_11.9.0.202307121226/tools/bin/../lib/gcc/arm-none-eabi/12.3.1/../../../../arm-none-eabi/lib/thumb/v6-m/nofp\libcr_c.a(_do_fflush.o)
 .debug_aranges
                0x00001780       0x20 d:/mcuxpressoide_11.9.0_2144/ide/plugins/com.nxp.mcuxpresso.tools.win32_11.9.0.202307121226/tools/bin/../lib/gcc/arm-none-eabi/12.3.1/../../../../arm-none-eabi/lib/thumb/v6-m/nofp\libcr_c.a(_fflush.o)
 .debug_aranges
                0x000017a0       0x20 d:/mcuxpressoide_11.9.0_2144/ide/plugins/com.nxp.mcuxpresso.tools.win32_11.9.0.202307121226/tools/bin/../lib/gcc/arm-none-eabi/12.3.1/../../../../arm-none-eabi/lib/thumb/v6-m/nofp\libcr_c.a(_writebuf.o)
 .debug_aranges
                0x000017c0       0x40 d:/mcuxpressoide_11.9.0_2144/ide/plugins/com.nxp.mcuxpresso.tools.win32_11.9.0.202307121226/tools/bin/../lib/gcc/arm-none-eabi/12.3.1/../../../../arm-none-eabi/lib/thumb/v6-m/nofp\libcr_c.a(alloc.o)
 .debug_aranges
                0x00001800       0x18 d:/mcuxpressoide_11.9.0_2144/ide/plugins/com.nxp.mcuxpresso.tools.win32_11.9.0.202307121226/tools/bin/../lib/gcc/arm-none-eabi/12.3.1/../../../../arm-none-eabi/lib/thumb/v6-m/nofp\libcr_c.a(errno.o)
 .debug_aranges
                0x00001818       0x28 d:/mcuxpressoide_11.9.0_2144/ide/plugins/com.nxp.mcuxpresso.tools.win32_11.9.0.202307121226/tools/bin/../lib/gcc/arm-none-eabi/12.3.1/../../../../arm-none-eabi/lib/thumb/v6-m/nofp\libcr_c.a(_deferredlazyseek.o)
 .debug_aranges
                0x00001840       0xe0 d:/mcuxpressoide_11.9.0_2144/ide/plugins/com.nxp.mcuxpresso.tools.win32_11.9.0.202307121226/tools/bin/../lib/gcc/arm-none-eabi/12.3.1/thumb/v6-m/nofp\libcr_eabihelpers.a(float.o)
 .debug_aranges
                0x00001920       0x18 d:/mcuxpressoide_11.9.0_2144/ide/plugins/com.nxp.mcuxpresso.tools.win32_11.9.0.202307121226/tools/bin/../lib/gcc/arm-none-eabi/12.3.1/../../../../arm-none-eabi/lib/thumb/v6-m/nofp\libcr_nohost_nf.a(__ciob.o)
 .debug_aranges
                0x00001938       0x20 d:/mcuxpressoide_11.9.0_2144/ide/plugins/com.nxp.mcuxpresso.tools.win32_11.9.0.202307121226/tools/bin/../lib/gcc/arm-none-eabi/12.3.1/../../../../arm-none-eabi/lib/thumb/v6-m/nofp\libcr_nohost_nf.a(__sys_close.o)
 .debug_aranges
                0x00001958       0x20 d:/mcuxpressoide_11.9.0_2144/ide/plugins/com.nxp.mcuxpresso.tools.win32_11.9.0.202307121226/tools/bin/../lib/gcc/arm-none-eabi/12.3.1/../../../../arm-none-eabi/lib/thumb/v6-m/nofp\libcr_nohost_nf.a(__sys_flen.o)
 .debug_aranges
                0x00001978       0x20 d:/mcuxpressoide_11.9.0_2144/ide/plugins/com.nxp.mcuxpresso.tools.win32_11.9.0.202307121226/tools/bin/../lib/gcc/arm-none-eabi/12.3.1/../../../../arm-none-eabi/lib/thumb/v6-m/nofp\libcr_nohost_nf.a(__sys_istty.o)
 .debug_aranges
                0x00001998       0x20 d:/mcuxpressoide_11.9.0_2144/ide/plugins/com.nxp.mcuxpresso.tools.win32_11.9.0.202307121226/tools/bin/../lib/gcc/arm-none-eabi/12.3.1/../../../../arm-none-eabi/lib/thumb/v6-m/nofp\libcr_nohost_nf.a(__sys_remove.o)
 .debug_aranges
                0x000019b8       0x20 d:/mcuxpressoide_11.9.0_2144/ide/plugins/com.nxp.mcuxpresso.tools.win32_11.9.0.202307121226/tools/bin/../lib/gcc/arm-none-eabi/12.3.1/../../../../arm-none-eabi/lib/thumb/v6-m/nofp\libcr_nohost_nf.a(__sys_seek.o)
 .debug_aranges
                0x000019d8       0x20 d:/mcuxpressoide_11.9.0_2144/ide/plugins/com.nxp.mcuxpresso.tools.win32_11.9.0.202307121226/tools/bin/../lib/gcc/arm-none-eabi/12.3.1/../../../../arm-none-eabi/lib/thumb/v6-m/nofp\libcr_nohost_nf.a(__sys_tmpnam.o)
 .debug_aranges
                0x000019f8       0x20 d:/mcuxpressoide_11.9.0_2144/ide/plugins/com.nxp.mcuxpresso.tools.win32_11.9.0.202307121226/tools/bin/../lib/gcc/arm-none-eabi/12.3.1/../../../../arm-none-eabi/lib/thumb/v6-m/nofp\libcr_nohost_nf.a(__sys_write.o)

.debug_ranges   0x00000000     0x19c0
 .debug_ranges  0x00000000       0x80 ./utilities/fsl_debug_console.o
 .debug_ranges  0x00000080      0x150 ./startup/startup_mkl25z4.o
 .debug_ranges  0x000001d0       0x18 ./source/IMU.o
 .debug_ranges  0x000001e8      0x9c0 ./source/lsm6dsv16x_reg.o
 .debug_ranges  0x00000ba8       0x10 ./source/semihost_hardfault.o
 .debug_ranges  0x00000bb8      0x2e0 ./source/sfe_lsm6dsv16x.o
 .debug_ranges  0x00000e98       0x20 ./source/sfe_lsm_shim.o
 .debug_ranges  0x00000eb8      0x1c8 ./drivers/fsl_clock.o
 .debug_ranges  0x00001080       0x28 ./drivers/fsl_common.o
 .debug_ranges  0x000010a8      0x168 ./drivers/fsl_i2c.o
 .debug_ranges  0x00001210      0x108 ./drivers/fsl_lpsci.o
 .debug_ranges  0x00001318      0x120 ./drivers/fsl_uart.o
 .debug_ranges  0x00001438       0x18 ./board/board.o
 .debug_ranges  0x00001450       0x48 ./board/clock_config.o
 .debug_ranges  0x00001498       0x28 ./board/pin_mux.o
 .debug_ranges  0x000014c0       0x18 ./CMSIS/system_MKL25Z4.o
 .debug_ranges  0x000014d8       0x10 d:/mcuxpressoide_11.9.0_2144/ide/plugins/com.nxp.mcuxpresso.tools.win32_11.9.0.202307121226/tools/bin/../lib/gcc/arm-none-eabi/12.3.1/../../../../arm-none-eabi/lib/thumb/v6-m/nofp\libcr_nohost_nf.a(_cr__main.o)
 .debug_ranges  0x000014e8       0x10 d:/mcuxpressoide_11.9.0_2144/ide/plugins/com.nxp.mcuxpresso.tools.win32_11.9.0.202307121226/tools/bin/../lib/gcc/arm-none-eabi/12.3.1/../../../../arm-none-eabi/lib/thumb/v6-m/nofp\libcr_c.a(memset.o)
 .debug_ranges  0x000014f8       0x38 d:/mcuxpressoide_11.9.0_2144/ide/plugins/com.nxp.mcuxpresso.tools.win32_11.9.0.202307121226/tools/bin/../lib/gcc/arm-none-eabi/12.3.1/../../../../arm-none-eabi/lib/thumb/v6-m/nofp\libcr_c.a(initio.o)
 .debug_ranges  0x00001530       0x10 d:/mcuxpressoide_11.9.0_2144/ide/plugins/com.nxp.mcuxpresso.tools.win32_11.9.0.202307121226/tools/bin/../lib/gcc/arm-none-eabi/12.3.1/../../../../arm-none-eabi/lib/thumb/v6-m/nofp\libcr_c.a(setvbuf.o)
 .debug_ranges  0x00001540       0x28 d:/mcuxpressoide_11.9.0_2144/ide/plugins/com.nxp.mcuxpresso.tools.win32_11.9.0.202307121226/tools/bin/../lib/gcc/arm-none-eabi/12.3.1/../../../../arm-none-eabi/lib/thumb/v6-m/nofp\libcr_c.a(strlen.o)
 .debug_ranges  0x00001568       0x10 d:/mcuxpressoide_11.9.0_2144/ide/plugins/com.nxp.mcuxpresso.tools.win32_11.9.0.202307121226/tools/bin/../lib/gcc/arm-none-eabi/12.3.1/../../../../arm-none-eabi/lib/thumb/v6-m/nofp\libcr_c.a(_fdopen.o)
 .debug_ranges  0x00001578       0x10 d:/mcuxpressoide_11.9.0_2144/ide/plugins/com.nxp.mcuxpresso.tools.win32_11.9.0.202307121226/tools/bin/../lib/gcc/arm-none-eabi/12.3.1/../../../../arm-none-eabi/lib/thumb/v6-m/nofp\libcr_c.a(fclose.o)
 .debug_ranges  0x00001588       0x28 d:/mcuxpressoide_11.9.0_2144/ide/plugins/com.nxp.mcuxpresso.tools.win32_11.9.0.202307121226/tools/bin/../lib/gcc/arm-none-eabi/12.3.1/../../../../arm-none-eabi/lib/thumb/v6-m/nofp\libcr_c.a(fflush.o)
 .debug_ranges  0x000015b0       0x10 d:/mcuxpressoide_11.9.0_2144/ide/plugins/com.nxp.mcuxpresso.tools.win32_11.9.0.202307121226/tools/bin/../lib/gcc/arm-none-eabi/12.3.1/../../../../arm-none-eabi/lib/thumb/v6-m/nofp\libcr_c.a(fseek.o)
 .debug_ranges  0x000015c0       0x10 d:/mcuxpressoide_11.9.0_2144/ide/plugins/com.nxp.mcuxpresso.tools.win32_11.9.0.202307121226/tools/bin/../lib/gcc/arm-none-eabi/12.3.1/../../../../arm-none-eabi/lib/thumb/v6-m/nofp\libcr_c.a(ftell.o)
 .debug_ranges  0x000015d0       0x18 d:/mcuxpressoide_11.9.0_2144/ide/plugins/com.nxp.mcuxpresso.tools.win32_11.9.0.202307121226/tools/bin/../lib/gcc/arm-none-eabi/12.3.1/../../../../arm-none-eabi/lib/thumb/v6-m/nofp\libcr_c.a(remove.o)
 .debug_ranges  0x000015e8       0x28 d:/mcuxpressoide_11.9.0_2144/ide/plugins/com.nxp.mcuxpresso.tools.win32_11.9.0.202307121226/tools/bin/../lib/gcc/arm-none-eabi/12.3.1/../../../../arm-none-eabi/lib/thumb/v6-m/nofp\libcr_c.a(_do_fflush.o)
 .debug_ranges  0x00001610       0x10 d:/mcuxpressoide_11.9.0_2144/ide/plugins/com.nxp.mcuxpresso.tools.win32_11.9.0.202307121226/tools/bin/../lib/gcc/arm-none-eabi/12.3.1/../../../../arm-none-eabi/lib/thumb/v6-m/nofp\libcr_c.a(_fflush.o)
 .debug_ranges  0x00001620       0x10 d:/mcuxpressoide_11.9.0_2144/ide/plugins/com.nxp.mcuxpresso.tools.win32_11.9.0.202307121226/tools/bin/../lib/gcc/arm-none-eabi/12.3.1/../../../../arm-none-eabi/lib/thumb/v6-m/nofp\libcr_c.a(_writebuf.o)
 .debug_ranges  0x00001630       0x50 d:/mcuxpressoide_11.9.0_2144/ide/plugins/com.nxp.mcuxpresso.tools.win32_11.9.0.202307121226/tools/bin/../lib/gcc/arm-none-eabi/12.3.1/../../../../arm-none-eabi/lib/thumb/v6-m/nofp\libcr_c.a(alloc.o)
 .debug_ranges  0x00001680       0x50 d:/mcuxpressoide_11.9.0_2144/ide/plugins/com.nxp.mcuxpresso.tools.win32_11.9.0.202307121226/tools/bin/../lib/gcc/arm-none-eabi/12.3.1/../../../../arm-none-eabi/lib/thumb/v6-m/nofp\libcr_c.a(_deferredlazyseek.o)
 .debug_ranges  0x000016d0      0x280 d:/mcuxpressoide_11.9.0_2144/ide/plugins/com.nxp.mcuxpresso.tools.win32_11.9.0.202307121226/tools/bin/../lib/gcc/arm-none-eabi/12.3.1/thumb/v6-m/nofp\libcr_eabihelpers.a(float.o)
 .debug_ranges  0x00001950       0x10 d:/mcuxpressoide_11.9.0_2144/ide/plugins/com.nxp.mcuxpresso.tools.win32_11.9.0.202307121226/tools/bin/../lib/gcc/arm-none-eabi/12.3.1/../../../../arm-none-eabi/lib/thumb/v6-m/nofp\libcr_nohost_nf.a(__sys_close.o)
 .debug_ranges  0x00001960       0x10 d:/mcuxpressoide_11.9.0_2144/ide/plugins/com.nxp.mcuxpresso.tools.win32_11.9.0.202307121226/tools/bin/../lib/gcc/arm-none-eabi/12.3.1/../../../../arm-none-eabi/lib/thumb/v6-m/nofp\libcr_nohost_nf.a(__sys_flen.o)
 .debug_ranges  0x00001970       0x10 d:/mcuxpressoide_11.9.0_2144/ide/plugins/com.nxp.mcuxpresso.tools.win32_11.9.0.202307121226/tools/bin/../lib/gcc/arm-none-eabi/12.3.1/../../../../arm-none-eabi/lib/thumb/v6-m/nofp\libcr_nohost_nf.a(__sys_istty.o)
 .debug_ranges  0x00001980       0x10 d:/mcuxpressoide_11.9.0_2144/ide/plugins/com.nxp.mcuxpresso.tools.win32_11.9.0.202307121226/tools/bin/../lib/gcc/arm-none-eabi/12.3.1/../../../../arm-none-eabi/lib/thumb/v6-m/nofp\libcr_nohost_nf.a(__sys_remove.o)
 .debug_ranges  0x00001990       0x10 d:/mcuxpressoide_11.9.0_2144/ide/plugins/com.nxp.mcuxpresso.tools.win32_11.9.0.202307121226/tools/bin/../lib/gcc/arm-none-eabi/12.3.1/../../../../arm-none-eabi/lib/thumb/v6-m/nofp\libcr_nohost_nf.a(__sys_seek.o)
 .debug_ranges  0x000019a0       0x10 d:/mcuxpressoide_11.9.0_2144/ide/plugins/com.nxp.mcuxpresso.tools.win32_11.9.0.202307121226/tools/bin/../lib/gcc/arm-none-eabi/12.3.1/../../../../arm-none-eabi/lib/thumb/v6-m/nofp\libcr_nohost_nf.a(__sys_tmpnam.o)
 .debug_ranges  0x000019b0       0x10 d:/mcuxpressoide_11.9.0_2144/ide/plugins/com.nxp.mcuxpresso.tools.win32_11.9.0.202307121226/tools/bin/../lib/gcc/arm-none-eabi/12.3.1/../../../../arm-none-eabi/lib/thumb/v6-m/nofp\libcr_nohost_nf.a(__sys_write.o)

.debug_macro    0x00000000     0x96c2
 .debug_macro   0x00000000      0x127 ./utilities/fsl_debug_console.o
 .debug_macro   0x00000127      0xac0 ./utilities/fsl_debug_console.o
 .debug_macro   0x00000be7       0x10 ./utilities/fsl_debug_console.o
 .debug_macro   0x00000bf7       0x16 ./utilities/fsl_debug_console.o
 .debug_macro   0x00000c0d       0x10 ./utilities/fsl_debug_console.o
 .debug_macro   0x00000c1d      0x12e ./utilities/fsl_debug_console.o
 .debug_macro   0x00000d4b       0x28 ./utilities/fsl_debug_console.o
 .debug_macro   0x00000d73       0xc4 ./utilities/fsl_debug_console.o
 .debug_macro   0x00000e37       0x16 ./utilities/fsl_debug_console.o
 .debug_macro   0x00000e4d       0x22 ./utilities/fsl_debug_console.o
 .debug_macro   0x00000e6f      0x5b3 ./utilities/fsl_debug_console.o
 .debug_macro   0x00001422       0x10 ./utilities/fsl_debug_console.o
 .debug_macro   0x00001432       0x3f ./utilities/fsl_debug_console.o
 .debug_macro   0x00001471       0x3a ./utilities/fsl_debug_console.o
 .debug_macro   0x000014ab       0x26 ./utilities/fsl_debug_console.o
 .debug_macro   0x000014d1      0x329 ./utilities/fsl_debug_console.o
 .debug_macro   0x000017fa       0x30 ./utilities/fsl_debug_console.o
 .debug_macro   0x0000182a     0x51e2 ./utilities/fsl_debug_console.o
 .debug_macro   0x00006a0c     0x1352 ./utilities/fsl_debug_console.o
 .debug_macro   0x00007d5e       0x3a ./utilities/fsl_debug_console.o
 .debug_macro   0x00007d98       0xf4 ./utilities/fsl_debug_console.o
 .debug_macro   0x00007e8c       0x35 ./utilities/fsl_debug_console.o
 .debug_macro   0x00007ec1       0x2e ./utilities/fsl_debug_console.o
 .debug_macro   0x00007eef       0x10 ./utilities/fsl_debug_console.o
 .debug_macro   0x00007eff       0x10 ./utilities/fsl_debug_console.o
 .debug_macro   0x00007f0f       0x29 ./startup/startup_mkl25z4.o
 .debug_macro   0x00007f38      0x189 ./source/IMU.o
 .debug_macro   0x000080c1       0x16 ./source/IMU.o
 .debug_macro   0x000080d7       0x10 ./source/IMU.o
 .debug_macro   0x000080e7      0x112 ./source/IMU.o
 .debug_macro   0x000081f9       0x3a ./source/IMU.o
 .debug_macro   0x00008233       0x34 ./source/IMU.o
 .debug_macro   0x00008267       0x16 ./source/IMU.o
 .debug_macro   0x0000827d       0x10 ./source/IMU.o
 .debug_macro   0x0000828d      0x736 ./source/IMU.o
 .debug_macro   0x000089c3       0x1c ./source/IMU.o
 .debug_macro   0x000089df       0x67 ./source/lsm6dsv16x_reg.o
 .debug_macro   0x00008a46       0x16 ./source/lsm6dsv16x_reg.o
 .debug_macro   0x00008a5c       0x2f ./source/mtb.o
 .debug_macro   0x00008a8b       0x82 ./source/mtb.o
 .debug_macro   0x00008b0d       0x10 ./source/mtb.o
 .debug_macro   0x00008b1d       0x11 ./source/semihost_hardfault.o
 .debug_macro   0x00008b2e      0x120 ./source/sfe_lsm6dsv16x.o
 .debug_macro   0x00008c4e      0x133 ./source/sfe_lsm_shim.o
 .debug_macro   0x00008d81       0x10 ./source/sfe_lsm_shim.o
 .debug_macro   0x00008d91      0x196 ./drivers/fsl_clock.o
 .debug_macro   0x00008f27       0x1c ./drivers/fsl_clock.o
 .debug_macro   0x00008f43       0xef ./drivers/fsl_common.o
 .debug_macro   0x00009032       0xeb ./drivers/fsl_i2c.o
 .debug_macro   0x0000911d       0xec ./drivers/fsl_lpsci.o
 .debug_macro   0x00009209       0xf2 ./drivers/fsl_uart.o
 .debug_macro   0x000092fb      0x112 ./board/board.o
 .debug_macro   0x0000940d      0x123 ./board/clock_config.o
 .debug_macro   0x00009530       0xee ./board/pin_mux.o
 .debug_macro   0x0000961e       0x10 ./board/pin_mux.o
 .debug_macro   0x0000962e       0x94 ./CMSIS/system_MKL25Z4.o

.debug_line     0x00000000     0xfd89
 .debug_line    0x00000000      0xcae ./utilities/fsl_debug_console.o
 .debug_line    0x00000cae      0x310 ./startup/startup_mkl25z4.o
 .debug_line    0x00000fbe      0x5d1 ./source/IMU.o
 .debug_line    0x0000158f     0x4a5e ./source/lsm6dsv16x_reg.o
 .debug_line    0x00005fed       0xcd ./source/mtb.o
 .debug_line    0x000060ba       0x59 ./source/semihost_hardfault.o
 .debug_line    0x00006113     0x1335 ./source/sfe_lsm6dsv16x.o
 .debug_line    0x00007448      0x47e ./source/sfe_lsm_shim.o
 .debug_line    0x000078c6     0x1324 ./drivers/fsl_clock.o
 .debug_line    0x00008bea      0x45d ./drivers/fsl_common.o
 .debug_line    0x00009047     0x12e8 ./drivers/fsl_i2c.o
 .debug_line    0x0000a32f      0xd78 ./drivers/fsl_lpsci.o
 .debug_line    0x0000b0a7      0xd54 ./drivers/fsl_uart.o
 .debug_line    0x0000bdfb      0x3d1 ./board/board.o
 .debug_line    0x0000c1cc      0x423 ./board/clock_config.o
 .debug_line    0x0000c5ef      0x3a0 ./board/pin_mux.o
 .debug_line    0x0000c98f      0x32b ./CMSIS/system_MKL25Z4.o
 .debug_line    0x0000ccba       0xcd d:/mcuxpressoide_11.9.0_2144/ide/plugins/com.nxp.mcuxpresso.tools.win32_11.9.0.202307121226/tools/bin/../lib/gcc/arm-none-eabi/12.3.1/../../../../arm-none-eabi/lib/thumb/v6-m/nofp\libcr_nohost_nf.a(_cr__main.o)
 .debug_line    0x0000cd87       0x82 d:/mcuxpressoide_11.9.0_2144/ide/plugins/com.nxp.mcuxpresso.tools.win32_11.9.0.202307121226/tools/bin/../lib/gcc/arm-none-eabi/12.3.1/../../../../arm-none-eabi/lib/thumb/v6-m/nofp\libcr_c.a(memset.o)
 .debug_line    0x0000ce09      0x126 d:/mcuxpressoide_11.9.0_2144/ide/plugins/com.nxp.mcuxpresso.tools.win32_11.9.0.202307121226/tools/bin/../lib/gcc/arm-none-eabi/12.3.1/../../../../arm-none-eabi/lib/thumb/v6-m/nofp\libcr_c.a(initio.o)
 .debug_line    0x0000cf2f       0xf7 d:/mcuxpressoide_11.9.0_2144/ide/plugins/com.nxp.mcuxpresso.tools.win32_11.9.0.202307121226/tools/bin/../lib/gcc/arm-none-eabi/12.3.1/../../../../arm-none-eabi/lib/thumb/v6-m/nofp\libcr_c.a(setvbuf.o)
 .debug_line    0x0000d026      0x11b d:/mcuxpressoide_11.9.0_2144/ide/plugins/com.nxp.mcuxpresso.tools.win32_11.9.0.202307121226/tools/bin/../lib/gcc/arm-none-eabi/12.3.1/../../../../arm-none-eabi/lib/thumb/v6-m/nofp\libcr_c.a(strlen.o)
 .debug_line    0x0000d141      0x15f d:/mcuxpressoide_11.9.0_2144/ide/plugins/com.nxp.mcuxpresso.tools.win32_11.9.0.202307121226/tools/bin/../lib/gcc/arm-none-eabi/12.3.1/../../../../arm-none-eabi/lib/thumb/v6-m/nofp\libcr_c.a(_fdopen.o)
 .debug_line    0x0000d2a0      0x107 d:/mcuxpressoide_11.9.0_2144/ide/plugins/com.nxp.mcuxpresso.tools.win32_11.9.0.202307121226/tools/bin/../lib/gcc/arm-none-eabi/12.3.1/../../../../arm-none-eabi/lib/thumb/v6-m/nofp\libcr_c.a(fclose.o)
 .debug_line    0x0000d3a7       0xcf d:/mcuxpressoide_11.9.0_2144/ide/plugins/com.nxp.mcuxpresso.tools.win32_11.9.0.202307121226/tools/bin/../lib/gcc/arm-none-eabi/12.3.1/../../../../arm-none-eabi/lib/thumb/v6-m/nofp\libcr_c.a(fflush.o)
 .debug_line    0x0000d476      0x242 d:/mcuxpressoide_11.9.0_2144/ide/plugins/com.nxp.mcuxpresso.tools.win32_11.9.0.202307121226/tools/bin/../lib/gcc/arm-none-eabi/12.3.1/../../../../arm-none-eabi/lib/thumb/v6-m/nofp\libcr_c.a(fseek.o)
 .debug_line    0x0000d6b8      0x10c d:/mcuxpressoide_11.9.0_2144/ide/plugins/com.nxp.mcuxpresso.tools.win32_11.9.0.202307121226/tools/bin/../lib/gcc/arm-none-eabi/12.3.1/../../../../arm-none-eabi/lib/thumb/v6-m/nofp\libcr_c.a(ftell.o)
 .debug_line    0x0000d7c4       0xe2 d:/mcuxpressoide_11.9.0_2144/ide/plugins/com.nxp.mcuxpresso.tools.win32_11.9.0.202307121226/tools/bin/../lib/gcc/arm-none-eabi/12.3.1/../../../../arm-none-eabi/lib/thumb/v6-m/nofp\libcr_c.a(remove.o)
 .debug_line    0x0000d8a6      0x118 d:/mcuxpressoide_11.9.0_2144/ide/plugins/com.nxp.mcuxpresso.tools.win32_11.9.0.202307121226/tools/bin/../lib/gcc/arm-none-eabi/12.3.1/../../../../arm-none-eabi/lib/thumb/v6-m/nofp\libcr_c.a(_do_fflush.o)
 .debug_line    0x0000d9be      0x11f d:/mcuxpressoide_11.9.0_2144/ide/plugins/com.nxp.mcuxpresso.tools.win32_11.9.0.202307121226/tools/bin/../lib/gcc/arm-none-eabi/12.3.1/../../../../arm-none-eabi/lib/thumb/v6-m/nofp\libcr_c.a(_fflush.o)
 .debug_line    0x0000dadd      0x139 d:/mcuxpressoide_11.9.0_2144/ide/plugins/com.nxp.mcuxpresso.tools.win32_11.9.0.202307121226/tools/bin/../lib/gcc/arm-none-eabi/12.3.1/../../../../arm-none-eabi/lib/thumb/v6-m/nofp\libcr_c.a(_writebuf.o)
 .debug_line    0x0000dc16      0x3db d:/mcuxpressoide_11.9.0_2144/ide/plugins/com.nxp.mcuxpresso.tools.win32_11.9.0.202307121226/tools/bin/../lib/gcc/arm-none-eabi/12.3.1/../../../../arm-none-eabi/lib/thumb/v6-m/nofp\libcr_c.a(alloc.o)
 .debug_line    0x0000dff1       0x4e d:/mcuxpressoide_11.9.0_2144/ide/plugins/com.nxp.mcuxpresso.tools.win32_11.9.0.202307121226/tools/bin/../lib/gcc/arm-none-eabi/12.3.1/../../../../arm-none-eabi/lib/thumb/v6-m/nofp\libcr_c.a(errno.o)
 .debug_line    0x0000e03f      0x305 d:/mcuxpressoide_11.9.0_2144/ide/plugins/com.nxp.mcuxpresso.tools.win32_11.9.0.202307121226/tools/bin/../lib/gcc/arm-none-eabi/12.3.1/../../../../arm-none-eabi/lib/thumb/v6-m/nofp\libcr_c.a(_deferredlazyseek.o)
 .debug_line    0x0000e344     0x1725 d:/mcuxpressoide_11.9.0_2144/ide/plugins/com.nxp.mcuxpresso.tools.win32_11.9.0.202307121226/tools/bin/../lib/gcc/arm-none-eabi/12.3.1/thumb/v6-m/nofp\libcr_eabihelpers.a(float.o)
 .debug_line    0x0000fa69       0xf2 d:/mcuxpressoide_11.9.0_2144/ide/plugins/com.nxp.mcuxpresso.tools.win32_11.9.0.202307121226/tools/bin/../lib/gcc/arm-none-eabi/12.3.1/../../../../arm-none-eabi/lib/thumb/v6-m/nofp\libcr_nohost_nf.a(__ciob.o)
 .debug_line    0x0000fb5b       0x50 d:/mcuxpressoide_11.9.0_2144/ide/plugins/com.nxp.mcuxpresso.tools.win32_11.9.0.202307121226/tools/bin/../lib/gcc/arm-none-eabi/12.3.1/../../../../arm-none-eabi/lib/thumb/v6-m/nofp\libcr_nohost_nf.a(__sys_close.o)
 .debug_line    0x0000fbab       0x4f d:/mcuxpressoide_11.9.0_2144/ide/plugins/com.nxp.mcuxpresso.tools.win32_11.9.0.202307121226/tools/bin/../lib/gcc/arm-none-eabi/12.3.1/../../../../arm-none-eabi/lib/thumb/v6-m/nofp\libcr_nohost_nf.a(__sys_flen.o)
 .debug_line    0x0000fbfa       0x50 d:/mcuxpressoide_11.9.0_2144/ide/plugins/com.nxp.mcuxpresso.tools.win32_11.9.0.202307121226/tools/bin/../lib/gcc/arm-none-eabi/12.3.1/../../../../arm-none-eabi/lib/thumb/v6-m/nofp\libcr_nohost_nf.a(__sys_istty.o)
 .debug_line    0x0000fc4a       0x51 d:/mcuxpressoide_11.9.0_2144/ide/plugins/com.nxp.mcuxpresso.tools.win32_11.9.0.202307121226/tools/bin/../lib/gcc/arm-none-eabi/12.3.1/../../../../arm-none-eabi/lib/thumb/v6-m/nofp\libcr_nohost_nf.a(__sys_remove.o)
 .debug_line    0x0000fc9b       0x4f d:/mcuxpressoide_11.9.0_2144/ide/plugins/com.nxp.mcuxpresso.tools.win32_11.9.0.202307121226/tools/bin/../lib/gcc/arm-none-eabi/12.3.1/../../../../arm-none-eabi/lib/thumb/v6-m/nofp\libcr_nohost_nf.a(__sys_seek.o)
 .debug_line    0x0000fcea       0x51 d:/mcuxpressoide_11.9.0_2144/ide/plugins/com.nxp.mcuxpresso.tools.win32_11.9.0.202307121226/tools/bin/../lib/gcc/arm-none-eabi/12.3.1/../../../../arm-none-eabi/lib/thumb/v6-m/nofp\libcr_nohost_nf.a(__sys_tmpnam.o)
 .debug_line    0x0000fd3b       0x4e d:/mcuxpressoide_11.9.0_2144/ide/plugins/com.nxp.mcuxpresso.tools.win32_11.9.0.202307121226/tools/bin/../lib/gcc/arm-none-eabi/12.3.1/../../../../arm-none-eabi/lib/thumb/v6-m/nofp\libcr_nohost_nf.a(__sys_write.o)

.debug_str      0x00000000    0x40dd3
 .debug_str     0x00000000    0x3154e ./utilities/fsl_debug_console.o
                              0x31805 (size before relaxing)
 .debug_str     0x0003154e      0x3ea ./startup/startup_mkl25z4.o
                               0x3212 (size before relaxing)
 .debug_str     0x00031938     0x3599 ./source/IMU.o
                              0x340e2 (size before relaxing)
 .debug_str     0x00034ed1     0x6954 ./source/lsm6dsv16x_reg.o
                               0xda22 (size before relaxing)
 .debug_str     0x0003b825      0x532 ./source/mtb.o
                               0x3315 (size before relaxing)
 .debug_str     0x0003bd57       0x1f ./source/semihost_hardfault.o
                               0x2e02 (size before relaxing)
 .debug_str     0x0003bd76      0xba1 ./source/sfe_lsm6dsv16x.o
                              0x3595d (size before relaxing)
 .debug_str     0x0003c917      0x14f ./source/sfe_lsm_shim.o
                              0x32eb8 (size before relaxing)
 .debug_str     0x0003ca66     0x1784 ./drivers/fsl_clock.o
                              0x322e2 (size before relaxing)
 .debug_str     0x0003e1ea      0x2c3 ./drivers/fsl_common.o
                              0x308aa (size before relaxing)
 .debug_str     0x0003e4ad      0xa8e ./drivers/fsl_i2c.o
                              0x31aaa (size before relaxing)
 .debug_str     0x0003ef3b      0x8bf ./drivers/fsl_lpsci.o
                              0x318d8 (size before relaxing)
 .debug_str     0x0003f7fa      0x7e1 ./drivers/fsl_uart.o
                              0x318fb (size before relaxing)
 .debug_str     0x0003ffdb       0x35 ./board/board.o
                              0x310cc (size before relaxing)
 .debug_str     0x00040010      0x3b1 ./board/clock_config.o
                              0x312ac (size before relaxing)
 .debug_str     0x000403c1      0x193 ./board/pin_mux.o
                              0x30a24 (size before relaxing)
 .debug_str     0x00040554       0x44 ./CMSIS/system_MKL25Z4.o
                              0x2fc44 (size before relaxing)
 .debug_str     0x00040598      0x129 d:/mcuxpressoide_11.9.0_2144/ide/plugins/com.nxp.mcuxpresso.tools.win32_11.9.0.202307121226/tools/bin/../lib/gcc/arm-none-eabi/12.3.1/../../../../arm-none-eabi/lib/thumb/v6-m/nofp\libcr_nohost_nf.a(_cr__main.o)
                                0x16e (size before relaxing)
 .debug_str     0x000406c1       0x78 d:/mcuxpressoide_11.9.0_2144/ide/plugins/com.nxp.mcuxpresso.tools.win32_11.9.0.202307121226/tools/bin/../lib/gcc/arm-none-eabi/12.3.1/../../../../arm-none-eabi/lib/thumb/v6-m/nofp\libcr_c.a(memset.o)
                                0x16e (size before relaxing)
 .debug_str     0x00040739       0xda d:/mcuxpressoide_11.9.0_2144/ide/plugins/com.nxp.mcuxpresso.tools.win32_11.9.0.202307121226/tools/bin/../lib/gcc/arm-none-eabi/12.3.1/../../../../arm-none-eabi/lib/thumb/v6-m/nofp\libcr_c.a(initio.o)
                                0x242 (size before relaxing)
 .debug_str     0x00040813       0x1d d:/mcuxpressoide_11.9.0_2144/ide/plugins/com.nxp.mcuxpresso.tools.win32_11.9.0.202307121226/tools/bin/../lib/gcc/arm-none-eabi/12.3.1/../../../../arm-none-eabi/lib/thumb/v6-m/nofp\libcr_c.a(setvbuf.o)
                                0x221 (size before relaxing)
 .debug_str     0x00040830       0x26 d:/mcuxpressoide_11.9.0_2144/ide/plugins/com.nxp.mcuxpresso.tools.win32_11.9.0.202307121226/tools/bin/../lib/gcc/arm-none-eabi/12.3.1/../../../../arm-none-eabi/lib/thumb/v6-m/nofp\libcr_c.a(strlen.o)
                                0x168 (size before relaxing)
 .debug_str     0x00040856       0x20 d:/mcuxpressoide_11.9.0_2144/ide/plugins/com.nxp.mcuxpresso.tools.win32_11.9.0.202307121226/tools/bin/../lib/gcc/arm-none-eabi/12.3.1/../../../../arm-none-eabi/lib/thumb/v6-m/nofp\libcr_c.a(_fdopen.o)
                                0x21e (size before relaxing)
 .debug_str     0x00040876       0x2e d:/mcuxpressoide_11.9.0_2144/ide/plugins/com.nxp.mcuxpresso.tools.win32_11.9.0.202307121226/tools/bin/../lib/gcc/arm-none-eabi/12.3.1/../../../../arm-none-eabi/lib/thumb/v6-m/nofp\libcr_c.a(fclose.o)