Archive member included to satisfy reference by file (symbol)

d:/mcuxpressoide_11.9.0_2144/ide/plugins/com.nxp.mcuxpresso.tools.win32_11.9.0.202307121226/tools/bin/../lib/gcc/arm-none-eabi/12.3.1/../../../../arm-none-eabi/lib/thumb/v6-m/nofp\libcr_nohost_nf.a(_cr__main.o)
                              ./startup/startup_mkl25z4.o (__main)
d:/mcuxpressoide_11.9.0_2144/ide/plugins/com.nxp.mcuxpresso.tools.win32_11.9.0.202307121226/tools/bin/../lib/gcc/arm-none-eabi/12.3.1/../../../../arm-none-eabi/lib/thumb/v6-m/nofp\libcr_c.a(atan2f.o)
                              ./source/MKL25Z4_Project_SparkfunTFTHyperDisplayConfigure.o (atan2f)
d:/mcuxpressoide_11.9.0_2144/ide/plugins/com.nxp.mcuxpresso.tools.win32_11.9.0.202307121226/tools/bin/../lib/gcc/arm-none-eabi/12.3.1/../../../../arm-none-eabi/lib/thumb/v6-m/nofp\libcr_c.a(atanf.o)
                              d:/mcuxpressoide_11.9.0_2144/ide/plugins/com.nxp.mcuxpresso.tools.win32_11.9.0.202307121226/tools/bin/../lib/gcc/arm-none-eabi/12.3.1/../../../../arm-none-eabi/lib/thumb/v6-m/nofp\libcr_c.a(atan2f.o) (atanf)
d:/mcuxpressoide_11.9.0_2144/ide/plugins/com.nxp.mcuxpresso.tools.win32_11.9.0.202307121226/tools/bin/../lib/gcc/arm-none-eabi/12.3.1/../../../../arm-none-eabi/lib/thumb/v6-m/nofp\libcr_c.a(fabsf.o)
                              d:/mcuxpressoide_11.9.0_2144/ide/plugins/com.nxp.mcuxpresso.tools.win32_11.9.0.202307121226/tools/bin/../lib/gcc/arm-none-eabi/12.3.1/../../../../arm-none-eabi/lib/thumb/v6-m/nofp\libcr_c.a(atan2f.o) (fabsf)
d:/mcuxpressoide_11.9.0_2144/ide/plugins/com.nxp.mcuxpresso.tools.win32_11.9.0.202307121226/tools/bin/../lib/gcc/arm-none-eabi/12.3.1/../../../../arm-none-eabi/lib/thumb/v6-m/nofp\libcr_c.a(memcpy.o)
                              ./source/HyperDisplay_ILI9163C.o (memcpy)
d:/mcuxpressoide_11.9.0_2144/ide/plugins/com.nxp.mcuxpresso.tools.win32_11.9.0.202307121226/tools/bin/../lib/gcc/arm-none-eabi/12.3.1/../../../../arm-none-eabi/lib/thumb/v6-m/nofp\libcr_c.a(memset.o)
                              ./source/HyperDisplay_ILI9163C.o (memset)
d:/mcuxpressoide_11.9.0_2144/ide/plugins/com.nxp.mcuxpresso.tools.win32_11.9.0.202307121226/tools/bin/../lib/gcc/arm-none-eabi/12.3.1/../../../../arm-none-eabi/lib/thumb/v6-m/nofp\libcr_c.a(alloc.o)
                              ./source/hyperdisplay.o (malloc)
d:/mcuxpressoide_11.9.0_2144/ide/plugins/com.nxp.mcuxpresso.tools.win32_11.9.0.202307121226/tools/bin/../lib/gcc/arm-none-eabi/12.3.1/../../../../arm-none-eabi/lib/thumb/v6-m/nofp\libcr_c.a(errno.o)
                              d:/mcuxpressoide_11.9.0_2144/ide/plugins/com.nxp.mcuxpresso.tools.win32_11.9.0.202307121226/tools/bin/../lib/gcc/arm-none-eabi/12.3.1/../../../../arm-none-eabi/lib/thumb/v6-m/nofp\libcr_c.a(atan2f.o) (errno)
d:/mcuxpressoide_11.9.0_2144/ide/plugins/com.nxp.mcuxpresso.tools.win32_11.9.0.202307121226/tools/bin/../lib/gcc/arm-none-eabi/12.3.1/../../../../arm-none-eabi/lib/thumb/v6-m/nofp\libcr_c.a(initio.o)
                              d:/mcuxpressoide_11.9.0_2144/ide/plugins/com.nxp.mcuxpresso.tools.win32_11.9.0.202307121226/tools/bin/../lib/gcc/arm-none-eabi/12.3.1/../../../../arm-none-eabi/lib/thumb/v6-m/nofp\libcr_nohost_nf.a(_cr__main.o) (_initio)
d:/mcuxpressoide_11.9.0_2144/ide/plugins/com.nxp.mcuxpresso.tools.win32_11.9.0.202307121226/tools/bin/../lib/gcc/arm-none-eabi/12.3.1/../../../../arm-none-eabi/lib/thumb/v6-m/nofp\libcr_c.a(setvbuf.o)
                              d:/mcuxpressoide_11.9.0_2144/ide/plugins/com.nxp.mcuxpresso.tools.win32_11.9.0.202307121226/tools/bin/../lib/gcc/arm-none-eabi/12.3.1/../../../../arm-none-eabi/lib/thumb/v6-m/nofp\libcr_c.a(initio.o) (setvbuf)
d:/mcuxpressoide_11.9.0_2144/ide/plugins/com.nxp.mcuxpresso.tools.win32_11.9.0.202307121226/tools/bin/../lib/gcc/arm-none-eabi/12.3.1/../../../../arm-none-eabi/lib/thumb/v6-m/nofp\libcr_c.a(stdlib.o)
                              ./source/hyperdisplay.o (abs)
d:/mcuxpressoide_11.9.0_2144/ide/plugins/com.nxp.mcuxpresso.tools.win32_11.9.0.202307121226/tools/bin/../lib/gcc/arm-none-eabi/12.3.1/../../../../arm-none-eabi/lib/thumb/v6-m/nofp\libcr_c.a(strlen.o)
                              ./utilities/fsl_debug_console.o (strlen)
d:/mcuxpressoide_11.9.0_2144/ide/plugins/com.nxp.mcuxpresso.tools.win32_11.9.0.202307121226/tools/bin/../lib/gcc/arm-none-eabi/12.3.1/../../../../arm-none-eabi/lib/thumb/v6-m/nofp\libcr_c.a(__init_alloc.o)
                              d:/mcuxpressoide_11.9.0_2144/ide/plugins/com.nxp.mcuxpresso.tools.win32_11.9.0.202307121226/tools/bin/../lib/gcc/arm-none-eabi/12.3.1/../../../../arm-none-eabi/lib/thumb/v6-m/nofp\libcr_c.a(alloc.o) (__heaps)
d:/mcuxpressoide_11.9.0_2144/ide/plugins/com.nxp.mcuxpresso.tools.win32_11.9.0.202307121226/tools/bin/../lib/gcc/arm-none-eabi/12.3.1/../../../../arm-none-eabi/lib/thumb/v6-m/nofp\libcr_c.a(_cr_sbrk.o)
[...]
Memory Configuration

Name             Origin             Length             Attributes
PROGRAM_FLASH    0x00000000         0x00020000         xr
SRAM             0x1ffff000         0x00004000         xrw
*default*        0x00000000         0xffffffff

Linker script and memory map

LOAD ./utilities/fsl_debug_console.o
LOAD ./startup/startup_mkl25z4.o
LOAD ./source/HyperDisplay_ILI9163C.o
LOAD ./source/HyperDisplay_KWH018ST01_4WSPI.o
LOAD ./source/MKL25Z4_Project_SparkfunTFTHyperDisplayConfigure.o
LOAD ./source/compass.o
LOAD ./source/fast_hsv2rgb_32bit.o
LOAD ./source/fast_hsv2rgb_8bit.o
LOAD ./source/hyperdisplay.o
LOAD ./source/mtb.o
LOAD ./source/semihost_hardfault.o
LOAD ./drivers/fsl_clock.o
LOAD ./drivers/fsl_common.o
LOAD ./drivers/fsl_flash.o
LOAD ./drivers/fsl_gpio.o
LOAD ./drivers/fsl_i2c.o
LOAD ./drivers/fsl_lpsci.o
LOAD ./drivers/fsl_smc.o
LOAD ./drivers/fsl_spi.o
LOAD ./drivers/fsl_uart.o
LOAD ./board/board.o
LOAD ./board/clock_config.o
LOAD ./board/peripherals.o
LOAD ./board/pin_mux.o
LOAD ./CMSIS/system_MKL25Z4.o
START GROUP
LOAD d:/mcuxpressoide_11.9.0_2144/ide/plugins/com.nxp.mcuxpresso.tools.win32_11.9.0.202307121226/tools/bin/../lib/gcc/arm-none-eabi/12.3.1/../../../../arm-none-eabi/lib/thumb/v6-m/nofp\libcr_nohost_nf.a
LOAD d:/mcuxpressoide_11.9.0_2144/ide/plugins/com.nxp.mcuxpresso.tools.win32_11.9.0.202307121226/tools/bin/../lib/gcc/arm-none-eabi/12.3.1/../../../../arm-none-eabi/lib/thumb/v6-m/nofp\libcr_c.a
LOAD d:/mcuxpressoide_11.9.0_2144/ide/plugins/com.nxp.mcuxpresso.tools.win32_11.9.0.202307121226/tools/bin/../lib/gcc/arm-none-eabi/12.3.1/thumb/v6-m/nofp\libcr_eabihelpers.a
LOAD d:/mcuxpressoide_11.9.0_2144/ide/plugins/com.nxp.mcuxpresso.tools.win32_11.9.0.202307121226/tools/bin/../lib/gcc/arm-none-eabi/12.3.1/thumb/v6-m/nofp\libgcc.a
END GROUP
                0x00000000                        __base_PROGRAM_FLASH = 0x0
                0x00000000                        __base_Flash = 0x0
                0x00020000                        __top_PROGRAM_FLASH = 0x20000
                0x00020000                        __top_Flash = 0x20000
                0x1ffff000                        __base_SRAM = 0x1ffff000
                0x1ffff000                        __base_RAM = 0x1ffff000
                0x20003000                        __top_SRAM = 0x20003000
                0x20003000                        __top_RAM = 0x20003000

.text           0x00000000     0xac5c
 FILL mask 0xff
                0x00000000                        __vectors_start__ = ABSOLUTE (.)
 *(SORT_BY_ALIGNMENT(.isr_vector))
 .isr_vector    0x00000000       0xc0 ./startup/startup_mkl25z4.o
                0x00000000                g_pfnVectors
                0x00000000                __Vectors
                0x000000c0                        . = ALIGN (0x4)
                0x000000c0                        __section_table_start = .
                0x000000c0                        __data_section_table = .
                0x000000c0        0x4 LONG 0xac5c LOADADDR (.data)
                0x000000c4        0x4 LONG 0x1ffff080 ADDR (.data)
                0x000000c8        0x4 LONG 0xc SIZEOF (.data)
                0x000000cc                        __data_section_table_end = .
                0x000000cc                        __bss_section_table = .
                0x000000cc        0x4 LONG 0x1ffff090 ADDR (.bss)
                0x000000d0        0x4 LONG 0x248 SIZEOF (.bss)
                0x000000d4                        __bss_section_table_end = .
                0x000000d4                        __section_table_end = .
 *(SORT_BY_ALIGNMENT(.after_vectors*))
 .after_vectors.reset
                0x000000d4       0x4c ./startup/startup_mkl25z4.o
                0x000000d4                ResetISR
 .after_vectors.init_data
                0x00000120       0x12 ./startup/startup_mkl25z4.o
                0x00000120                data_init
 .after_vectors.init_bss
                0x00000132       0x10 ./startup/startup_mkl25z4.o
                0x00000132                bss_init
 .after_vectors
                0x00000142      0x10c ./startup/startup_mkl25z4.o
                0x00000142                NMI_Handler
                0x00000146                SVC_Handler
                0x00000148                PendSV_Handler
                0x0000014a                SysTick_Handler
                0x0000014c                LPTMR0_DriverIRQHandler
                0x0000014c                DMA0_DriverIRQHandler
                0x0000014c                PORTD_DriverIRQHandler
                0x0000014c                Reserved39_DriverIRQHandler
                0x0000014c                DMA2_DriverIRQHandler
                0x0000014c                CMP0_DriverIRQHandler
                0x0000014c                ADC0_DriverIRQHandler
                0x0000014c                TPM2_DriverIRQHandler
                0x0000014c                TPM0_DriverIRQHandler
                0x0000014c                DMA1_DriverIRQHandler
                0x0000014c                TSI0_DriverIRQHandler
                0x0000014c                RTC_Seconds_DriverIRQHandler
                0x0000014c                PIT_DriverIRQHandler
                0x0000014c                RTC_DriverIRQHandler
                0x0000014c                LLWU_DriverIRQHandler
                0x0000014c                MCG_DriverIRQHandler
                0x0000014c                TPM1_DriverIRQHandler
                0x0000014c                PORTA_DriverIRQHandler
                0x0000014c                Reserved45_DriverIRQHandler
                0x0000014c                FTFA_DriverIRQHandler
                0x0000014c                IntDefaultHandler
                0x0000014c                USB0_DriverIRQHandler
                0x0000014c                DAC0_DriverIRQHandler
                0x0000014c                DMA3_DriverIRQHandler
                0x0000014c                LVD_LVW_DriverIRQHandler
                0x0000014c                Reserved20_DriverIRQHandler
                0x0000014e                DMA0_IRQHandler
                0x00000156                DMA1_IRQHandler
                0x0000015e                DMA2_IRQHandler
                0x00000166                DMA3_IRQHandler
                0x0000016e                Reserved20_IRQHandler
                0x00000176                FTFA_IRQHandler
                0x0000017e                LVD_LVW_IRQHandler
                0x00000186                LLWU_IRQHandler
                0x0000018e                I2C0_IRQHandler
                0x00000196                I2C1_IRQHandler
                0x0000019e                SPI0_IRQHandler
                0x000001a6                SPI1_IRQHandler
                0x000001ae                UART0_IRQHandler
                0x000001b6                UART1_IRQHandler
                0x000001be                UART2_IRQHandler
                0x000001c6                ADC0_IRQHandler
                0x000001ce                CMP0_IRQHandler
                0x000001d6                TPM0_IRQHandler
                0x000001de                TPM1_IRQHandler
                0x000001e6                TPM2_IRQHandler
                0x000001ee                RTC_IRQHandler
                0x000001f6                RTC_Seconds_IRQHandler
                0x000001fe                PIT_IRQHandler
                0x00000206                Reserved39_IRQHandler
                0x0000020e                USB0_IRQHandler
                0x00000216                DAC0_IRQHandler
                0x0000021e                TSI0_IRQHandler
                0x00000226                MCG_IRQHandler
                0x0000022e                LPTMR0_IRQHandler
                0x00000236                Reserved45_IRQHandler
                0x0000023e                PORTA_IRQHandler
                0x00000246                PORTD_IRQHandler
                0x00000400                        . = 0x400
 *fill*         0x0000024e      0x1b2 ff
                0x00000400                        PROVIDE (__FLASH_CONFIG_START__ = .)
 *(SORT_BY_ALIGNMENT(.FlashConfig))
 .FlashConfig   0x00000400       0x10 ./startup/startup_mkl25z4.o
                0x00000400                Flash_Config
                0x00000410                        PROVIDE (__FLASH_CONFIG_END__ = .)
                0x00000001                        ASSERT (! ((__FLASH_CONFIG_START__ == __FLASH_CONFIG_END__)), Linker Flash Config Support Enabled, but no .FlashConfig section provided within application)
 *(SORT_BY_ALIGNMENT(.text*))
 .text.DbgConsole_Init
                0x00000410       0xf4 ./utilities/fsl_debug_console.o
                0x00000410                DbgConsole_Init
 .text.DbgConsole_Printf
                0x00000504       0x44 ./utilities/fsl_debug_console.o
                0x00000504                DbgConsole_Printf
 .text.DbgConsole_Putchar
                0x00000548       0x34 ./utilities/fsl_debug_console.o
                0x00000548                DbgConsole_Putchar
 .text.ILI9163C_init
                0x0000057c       0x7c ./source/HyperDisplay_ILI9163C.o
                0x0000057c                ILI9163C_init
 .text.ILI9163C_rgbTo18b
                0x000005f8       0x84 ./source/HyperDisplay_ILI9163C.o
                0x000005f8                ILI9163C_rgbTo18b
 .text.ILI9163C_4WSPI_init
                0x0000067c       0xe4 ./source/HyperDisplay_ILI9163C.o
                0x0000067c                ILI9163C_4WSPI_init
 .text.ILI9163C_4WSPI_setSPIFreq
                0x00000760       0x38 ./source/HyperDisplay_ILI9163C.o
                0x00000760                ILI9163C_4WSPI_setSPIFreq
 .text.ILI9163C_4WSPI_hwxline
                0x00000798      0x42c ./source/HyperDisplay_ILI9163C.o
                0x00000798                ILI9163C_4WSPI_hwxline
 .text.ILI9163C_4WSPI_hwyline
                0x00000bc4      0x428 ./source/HyperDisplay_ILI9163C.o
                0x00000bc4                ILI9163C_4WSPI_hwyline
 .text.KWH018ST01_delayMs
                0x00000fec       0x68 ./source/HyperDisplay_KWH018ST01_4WSPI.o
 .text.KWH018ST01_4WSPI_begin
                0x00001054      0x13c ./source/HyperDisplay_KWH018ST01_4WSPI.o
                0x00001054                KWH018ST01_4WSPI_begin
 .text.KWH018ST01_4WSPI_defaultConfigure
                0x00001190      0x284 ./source/HyperDisplay_KWH018ST01_4WSPI.o
                0x00001190                KWH018ST01_4WSPI_defaultConfigure
 .text.CLOCK_EnableClock
                0x00001414       0x34 ./source/MKL25Z4_Project_SparkfunTFTHyperDisplayConfigure.o
 .text.PORT_SetPinMux
                0x00001448       0x40 ./source/MKL25Z4_Project_SparkfunTFTHyperDisplayConfigure.o
 .text.APP_DelayUs
                0x00001488      0x100 ./source/MKL25Z4_Project_SparkfunTFTHyperDisplayConfigure.o
 .text.APP_InitI2CPins
                0x00001588       0x34 ./source/MKL25Z4_Project_SparkfunTFTHyperDisplayConfigure.o
 .text.APP_InitI2C0
                0x000015bc       0x38 ./source/MKL25Z4_Project_SparkfunTFTHyperDisplayConfigure.o
 .text.TFT_InitPins
                0x000015f4       0x5c ./source/MKL25Z4_Project_SparkfunTFTHyperDisplayConfigure.o
 .text.TFT_InitSPI
                0x00001650       0x64 ./source/MKL25Z4_Project_SparkfunTFTHyperDisplayConfigure.o
 .text.TFT_GetHyperDisplay
                0x000016b4       0x10 ./source/MKL25Z4_Project_SparkfunTFTHyperDisplayConfigure.o
 .text.APP_FloatMagnitudeToMilliUnits
                0x000016c4       0x4c ./source/MKL25Z4_Project_SparkfunTFTHyperDisplayConfigure.o
 .text.APP_NormalizedToThousandths
                0x00001710       0x4c ./source/MKL25Z4_Project_SparkfunTFTHyperDisplayConfigure.o
 .text.APP_HeadingToTenths
                0x0000175c       0x60 ./source/MKL25Z4_Project_SparkfunTFTHyperDisplayConfigure.o
 .text.Compass_DrawFace
                0x000017bc      0x14c ./source/MKL25Z4_Project_SparkfunTFTHyperDisplayConfigure.o
 .text.Compass_ClearHeadingArea
                0x00001908       0x6c ./source/MKL25Z4_Project_SparkfunTFTHyperDisplayConfigure.o
 .text.Compass_GetDirection
                0x00001974       0xa8 ./source/MKL25Z4_Project_SparkfunTFTHyperDisplayConfigure.o
 .text.Compass_CalculateNeedleVector
                0x00001a1c      0x168 ./source/MKL25Z4_Project_SparkfunTFTHyperDisplayConfigure.o
 .text.Compass_DrawNeedleVector
                0x00001b84      0x1bc ./source/MKL25Z4_Project_SparkfunTFTHyperDisplayConfigure.o
 .text.Compass_ErasePreviousNeedle
                0x00001d40       0x48 ./source/MKL25Z4_Project_SparkfunTFTHyperDisplayConfigure.o
 .text.Compass_DrawHeadingText
                0x00001d88       0xb0 ./source/MKL25Z4_Project_SparkfunTFTHyperDisplayConfigure.o
 .text.Compass_UpdateDisplay
                0x00001e38       0x78 ./source/MKL25Z4_Project_SparkfunTFTHyperDisplayConfigure.o
 .text.Compass_ShowStatus
                0x00001eb0       0x48 ./source/MKL25Z4_Project_SparkfunTFTHyperDisplayConfigure.o
 .text.main     0x00001ef8      0x5ec ./source/MKL25Z4_Project_SparkfunTFTHyperDisplayConfigure.o
                0x00001ef8                main
 .text.COMPASS_DelayUs
                0x000024e4      0x100 ./source/compass.o
 .text.COMPASS_Unsigned18ToSigned
                0x000025e4       0x1c ./source/compass.o
 .text.COMPASS_DecodeMeasurement
                0x00002600      0x1ac ./source/compass.o
 .text.COMPASS_SoftwareReset
                0x000027ac       0x3c ./source/compass.o
                0x000027ac                COMPASS_SoftwareReset
 .text.COMPASS_Measure
                0x000027e8       0x70 ./source/compass.o
                0x000027e8                COMPASS_Measure
 .text.hd_abs_len
                0x00002858       0x70 ./source/hyperdisplay.o
 .text.hd_line_core
                0x000028c8      0x23c ./source/hyperdisplay.o
 .text.hyperdisplay_init
                0x00002b04       0x5c ./source/hyperdisplay.o
                0x00002b04                hyperdisplay_init
 .text.hyperdisplay_swrectangle
                0x00002b60      0x2bc ./source/hyperdisplay.o
                0x00002b60                hyperdisplay_swrectangle
 .text.hyperdisplay_getCharInfo
                0x00002e1c      0x18c ./source/hyperdisplay.o
                0x00002e1c                hyperdisplay_getCharInfo
 .text.hyperdisplay_write
                0x00002fa8      0x208 ./source/hyperdisplay.o
                0x00002fa8                hyperdisplay_write
 .text.hyperdisplay_enforceSWLimits
                0x000031b0      0x100 ./source/hyperdisplay.o
                0x000031b0                hyperdisplay_enforceSWLimits
 .text.HardFault_Handler
                0x000032b0       0x38 ./source/semihost_hardfault.o
                0x000032b0                HardFault_Handler
 .text.CLOCK_SetEr32kClock
                0x000032e8       0x34 ./drivers/fsl_clock.o
 .text.CLOCK_SetPllFllSelClock
                0x0000331c       0x38 ./drivers/fsl_clock.o
 .text.CLOCK_GetMcgExtClkFreq
                0x00003354       0x28 ./drivers/fsl_clock.o
 .text.CLOCK_GetFllExtRefClkFreq
                0x0000337c       0xa8 ./drivers/fsl_clock.o
 .text.CLOCK_GetInternalRefClkSelectFreq
                0x00003424       0x40 ./drivers/fsl_clock.o
 .text.CLOCK_GetFllRefClkFreq
                0x00003464       0x2c ./drivers/fsl_clock.o
 .text.CLOCK_GetOscRangeFromFreq
                0x00003490       0x4c ./drivers/fsl_clock.o
 .text.CLOCK_GetOsc0ErClkFreq
                0x000034dc       0x3c ./drivers/fsl_clock.o
                0x000034dc                CLOCK_GetOsc0ErClkFreq
 .text.CLOCK_GetEr32kClkFreq
                0x00003518       0x78 ./drivers/fsl_clock.o
                0x00003518                CLOCK_GetEr32kClkFreq
 .text.CLOCK_GetPllFllSelClkFreq
                0x00003590       0x4c ./drivers/fsl_clock.o
                0x00003590                CLOCK_GetPllFllSelClkFreq
 .text.CLOCK_GetFreq
                0x000035dc       0xe0 ./drivers/fsl_clock.o
                0x000035dc                CLOCK_GetFreq
 .text.CLOCK_SetSimConfig
                0x000036bc       0x38 ./drivers/fsl_clock.o
                0x000036bc                CLOCK_SetSimConfig
 .text.CLOCK_GetOutClkFreq
                0x000036f4       0x78 ./drivers/fsl_clock.o
                0x000036f4                CLOCK_GetOutClkFreq
 .text.CLOCK_GetFllFreq
                0x0000376c       0x84 ./drivers/fsl_clock.o
                0x0000376c                CLOCK_GetFllFreq
 .text.CLOCK_GetInternalRefClkFreq
                0x000037f0       0x28 ./drivers/fsl_clock.o
                0x000037f0                CLOCK_GetInternalRefClkFreq
 .text.CLOCK_GetPll0Freq
                0x00003818       0x70 ./drivers/fsl_clock.o
                0x00003818                CLOCK_GetPll0Freq
 .text.CLOCK_SetInternalRefClkConfig
                0x00003888      0x124 ./drivers/fsl_clock.o
                0x00003888                CLOCK_SetInternalRefClkConfig
 .text.CLOCK_EnablePll0
                0x000039ac       0x94 ./drivers/fsl_clock.o
                0x000039ac                CLOCK_EnablePll0
 .text.CLOCK_InitOsc0
                0x00003a40       0x94 ./drivers/fsl_clock.o
                0x00003a40                CLOCK_InitOsc0
 .text.CLOCK_SetPbeMode
                0x00003ad4       0xb0 ./drivers/fsl_clock.o
                0x00003ad4                CLOCK_SetPbeMode
 .text.CLOCK_BootToPeeMode
                0x00003b84       0x70 ./drivers/fsl_clock.o
                0x00003b84                CLOCK_BootToPeeMode
 .text.__assertion_failed
                0x00003bf4       0x1c ./drivers/fsl_common.o
                0x00003bf4                __assertion_failed
 .text.GPIO_PinInit
                0x00003c10       0x64 ./drivers/fsl_gpio.o
                0x00003c10                GPIO_PinInit
 .text.CLOCK_EnableClock
                0x00003c74       0x34 ./drivers/fsl_i2c.o
 .text.I2C_GetInstance
                0x00003ca8       0x4c ./drivers/fsl_i2c.o
                0x00003ca8                I2C_GetInstance
 .text.I2C_CheckAndClearError
                0x00003cf4       0x40 ./drivers/fsl_i2c.o
 .text.I2C_TransferCommonIRQHandler
                0x00003d34       0x58 ./drivers/fsl_i2c.o
 .text.I2C_MasterInit
                0x00003d8c       0xfc ./drivers/fsl_i2c.o
                0x00003d8c                I2C_MasterInit
 .text.I2C_MasterGetDefaultConfig
                0x00003e88       0x40 ./drivers/fsl_i2c.o
                0x00003e88                I2C_MasterGetDefaultConfig
 .text.I2C_MasterSetBaudRate
                0x00003ec8       0xf0 ./drivers/fsl_i2c.o
                0x00003ec8                I2C_MasterSetBaudRate
 .text.I2C_MasterStart
                0x00003fb8       0x74 ./drivers/fsl_i2c.o
                0x00003fb8                I2C_MasterStart
 .text.I2C_MasterRepeatedStart
                0x0000402c       0xc0 ./drivers/fsl_i2c.o
                0x0000402c                I2C_MasterRepeatedStart
 .text.I2C_MasterWriteBlocking
                0x000040ec       0xec ./drivers/fsl_i2c.o
                0x000040ec                I2C_MasterWriteBlocking
 .text.I2C_MasterTransferBlocking
                0x000041d8      0x230 ./drivers/fsl_i2c.o
                0x000041d8                I2C_MasterTransferBlocking
 .text.I2C0_DriverIRQHandler
                0x00004408       0x20 ./drivers/fsl_i2c.o
                0x00004408                I2C0_DriverIRQHandler
 .text.I2C1_DriverIRQHandler
                0x00004428       0x20 ./drivers/fsl_i2c.o
                0x00004428                I2C1_DriverIRQHandler
 .text.CLOCK_EnableClock
                0x00004448       0x34 ./drivers/fsl_lpsci.o
 .text.LPSCI_GetInstance
                0x0000447c       0x48 ./drivers/fsl_lpsci.o
                0x0000447c                LPSCI_GetInstance
 .text.LPSCI_Init
                0x000044c4      0x258 ./drivers/fsl_lpsci.o
                0x000044c4                LPSCI_Init
 .text.LPSCI_GetDefaultConfig
                0x0000471c       0x44 ./drivers/fsl_lpsci.o
                0x0000471c                LPSCI_GetDefaultConfig
 .text.LPSCI_ClearStatusFlags
                0x00004760       0x94 ./drivers/fsl_lpsci.o
                0x00004760                LPSCI_ClearStatusFlags
 .text.LPSCI_WriteBlocking
                0x000047f4       0x4c ./drivers/fsl_lpsci.o
                0x000047f4                LPSCI_WriteBlocking
 .text.LPSCI_ReadBlocking
                0x00004840       0xc0 ./drivers/fsl_lpsci.o
                0x00004840                LPSCI_ReadBlocking
 .text.UART0_DriverIRQHandler
                0x00004900       0x24 ./drivers/fsl_lpsci.o
                0x00004900                UART0_DriverIRQHandler
 .text.CLOCK_EnableClock
                0x00004924       0x34 ./drivers/fsl_spi.o
 .text.SPI_GetInstance
                0x00004958       0x4c ./drivers/fsl_spi.o
                0x00004958                SPI_GetInstance
 .text.SPI_MasterGetDefaultConfig
                0x000049a4       0x44 ./drivers/fsl_spi.o
                0x000049a4                SPI_MasterGetDefaultConfig
 .text.SPI_MasterInit
                0x000049e8      0x114 ./drivers/fsl_spi.o
                0x000049e8                SPI_MasterInit
 .text.SPI_MasterTransferBlocking
                0x00004afc       0xec ./drivers/fsl_spi.o
                0x00004afc                SPI_MasterTransferBlocking
 .text.SPI_CommonIRQHandler
                0x00004be8       0x54 ./drivers/fsl_spi.o
 .text.SPI0_DriverIRQHandler
                0x00004c3c       0x30 ./drivers/fsl_spi.o
                0x00004c3c                SPI0_DriverIRQHandler
 .text.SPI1_DriverIRQHandler
                0x00004c6c       0x30 ./drivers/fsl_spi.o
                0x00004c6c                SPI1_DriverIRQHandler
 .text.CLOCK_EnableClock
                0x00004c9c       0x34 ./drivers/fsl_uart.o
 .text.UART_GetInstance
                0x00004cd0       0x54 ./drivers/fsl_uart.o
                0x00004cd0                UART_GetInstance
 .text.UART_Init
                0x00004d24      0x1e0 ./drivers/fsl_uart.o
                0x00004d24                UART_Init
 .text.UART_GetDefaultConfig
                0x00004f04       0x44 ./drivers/fsl_uart.o
                0x00004f04                UART_GetDefaultConfig
 .text.UART_ReadBlocking
                0x00004f48       0x98 ./drivers/fsl_uart.o
                0x00004f48                UART_ReadBlocking
 .text.UART1_DriverIRQHandler
                0x00004fe0       0x24 ./drivers/fsl_uart.o
                0x00004fe0                UART1_DriverIRQHandler
 .text.UART2_DriverIRQHandler
                0x00005004       0x24 ./drivers/fsl_uart.o
                0x00005004                UART2_DriverIRQHandler
 .text.CLOCK_SetLpsci0Clock
                0x00005028       0x38 ./board/board.o
 .text.BOARD_InitDebugConsole
                0x00005060       0x30 ./board/board.o
                0x00005060                BOARD_InitDebugConsole
 .text.CLOCK_SetSimSafeDivs
                0x00005090       0x20 ./board/clock_config.o
 .text.CLOCK_SetXtal0Freq
                0x000050b0       0x1c ./board/clock_config.o
 .text.CLOCK_CONFIG_SetFllExtRefDiv
                0x000050cc       0x3c ./board/clock_config.o
 .text.BOARD_BootClockRUN
                0x00005108       0x64 ./board/clock_config.o
                0x00005108                BOARD_BootClockRUN
 .text.CLOCK_EnableClock
                0x0000516c       0x34 ./board/pin_mux.o
 .text.PORT_SetPinMux
                0x000051a0       0x40 ./board/pin_mux.o
 .text.BOARD_InitPins
                0x000051e0       0x4c ./board/pin_mux.o
                0x000051e0                BOARD_InitPins
 .text.SystemInit
                0x0000522c       0x18 ./CMSIS/system_MKL25Z4.o
                0x0000522c                SystemInit
 .text.atan2f   0x00005244       0xc0 d:/mcuxpressoide_11.9.0_2144/ide/plugins/com.nxp.mcuxpresso.tools.win32_11.9.0.202307121226/tools/bin/../lib/gcc/arm-none-eabi/12.3.1/../../../../arm-none-eabi/lib/thumb/v6-m/nofp\libcr_c.a(atan2f.o)
                0x00005244                atan2f
 .text.atanf    0x00005304      0x110 d:/mcuxpressoide_11.9.0_2144/ide/plugins/com.nxp.mcuxpresso.tools.win32_11.9.0.202307121226/tools/bin/../lib/gcc/arm-none-eabi/12.3.1/../../../../arm-none-eabi/lib/thumb/v6-m/nofp\libcr_c.a(atanf.o)
                0x00005304                atanf
 .text._initio  0x00005414       0x7c d:/mcuxpressoide_11.9.0_2144/ide/plugins/com.nxp.mcuxpresso.tools.win32_11.9.0.202307121226/tools/bin/../lib/gcc/arm-none-eabi/12.3.1/../../../../arm-none-eabi/lib/thumb/v6-m/nofp\libcr_c.a(initio.o)
                0x00005414                _initio
 .text.setvbuf  0x00005490       0x4c d:/mcuxpressoide_11.9.0_2144/ide/plugins/com.nxp.mcuxpresso.tools.win32_11.9.0.202307121226/tools/bin/../lib/gcc/arm-none-eabi/12.3.1/../../../../arm-none-eabi/lib/thumb/v6-m/nofp\libcr_c.a(setvbuf.o)
                0x00005490                setvbuf
 .text.strlen   0x000054dc       0x5c d:/mcuxpressoide_11.9.0_2144/ide/plugins/com.nxp.mcuxpresso.tools.win32_11.9.0.202307121226/tools/bin/../lib/gcc/arm-none-eabi/12.3.1/../../../../arm-none-eabi/lib/thumb/v6-m/nofp\libcr_c.a(strlen.o)
                0x000054dc                strlen
 .text._fdopen  0x00005538       0x74 d:/mcuxpressoide_11.9.0_2144/ide/plugins/com.nxp.mcuxpresso.tools.win32_11.9.0.202307121226/tools/bin/../lib/gcc/arm-none-eabi/12.3.1/../../../../arm-none-eabi/lib/thumb/v6-m/nofp\libcr_c.a(_fdopen.o)
                0x00005538                _fdopen
 .text.fclose   0x000055ac       0x5c d:/mcuxpressoide_11.9.0_2144/ide/plugins/com.nxp.mcuxpresso.tools.win32_11.9.0.202307121226/tools/bin/../lib/gcc/arm-none-eabi/12.3.1/../../../../arm-none-eabi/lib/thumb/v6-m/nofp\libcr_c.a(fclose.o)
                0x000055ac                fclose
 .text.fflush   0x00005608       0x40 d:/mcuxpressoide_11.9.0_2144/ide/plugins/com.nxp.mcuxpresso.tools.win32_11.9.0.202307121226/tools/bin/../lib/gcc/arm-none-eabi/12.3.1/../../../../arm-none-eabi/lib/thumb/v6-m/nofp\libcr_c.a(fflush.o)
                0x00005608                fflush
 .text.fseek    0x00005648       0xec d:/mcuxpressoide_11.9.0_2144/ide/plugins/com.nxp.mcuxpresso.tools.win32_11.9.0.202307121226/tools/bin/../lib/gcc/arm-none-eabi/12.3.1/../../../../arm-none-eabi/lib/thumb/v6-m/nofp\libcr_c.a(fseek.o)
                0x00005648                fseek
 .text.ftell    0x00005734       0x4c d:/mcuxpressoide_11.9.0_2144/ide/plugins/com.nxp.mcuxpresso.tools.win32_11.9.0.202307121226/tools/bin/../lib/gcc/arm-none-eabi/12.3.1/../../../../arm-none-eabi/lib/thumb/v6-m/nofp\libcr_c.a(ftell.o)
                0x00005734                ftell
 .text._do_fflush
                0x00005780       0x48 d:/mcuxpressoide_11.9.0_2144/ide/plugins/com.nxp.mcuxpresso.tools.win32_11.9.0.202307121226/tools/bin/../lib/gcc/arm-none-eabi/12.3.1/../../../../arm-none-eabi/lib/thumb/v6-m/nofp\libcr_c.a(_do_fflush.o)
                0x00005780                _do_fflush
 .text._fflush  0x000057c8       0x5c d:/mcuxpressoide_11.9.0_2144/ide/plugins/com.nxp.mcuxpresso.tools.win32_11.9.0.202307121226/tools/bin/../lib/gcc/arm-none-eabi/12.3.1/../../../../arm-none-eabi/lib/thumb/v6-m/nofp\libcr_c.a(_fflush.o)
                0x000057c8                _fflush
 .text._Cwritebuf
                0x00005824       0x68 d:/mcuxpressoide_11.9.0_2144/ide/plugins/com.nxp.mcuxpresso.tools.win32_11.9.0.202307121226/tools/bin/../lib/gcc/arm-none-eabi/12.3.1/../../../../arm-none-eabi/lib/thumb/v6-m/nofp\libcr_c.a(_writebuf.o)
                0x00005824                _Cwritebuf
 .text._deferredlazyseek
                0x0000588c       0x40 d:/mcuxpressoide_11.9.0_2144/ide/plugins/com.nxp.mcuxpresso.tools.win32_11.9.0.202307121226/tools/bin/../lib/gcc/arm-none-eabi/12.3.1/../../../../arm-none-eabi/lib/thumb/v6-m/nofp\libcr_c.a(_deferredlazyseek.o)
                0x0000588c                _deferredlazyseek
 .text.__aeabi_dsub
                0x000058cc      0x1d4 d:/mcuxpressoide_11.9.0_2144/ide/plugins/com.nxp.mcuxpresso.tools.win32_11.9.0.202307121226/tools/bin/../lib/gcc/arm-none-eabi/12.3.1/thumb/v6-m/nofp\libcr_eabihelpers.a(double.o)
                0x000058cc                __aeabi_dsub
 .text.__aeabi_dadd
                0x00005aa0      0x150 d:/mcuxpressoide_11.9.0_2144/ide/plugins/com.nxp.mcuxpresso.tools.win32_11.9.0.202307121226/tools/bin/../lib/gcc/arm-none-eabi/12.3.1/thumb/v6-m/nofp\libcr_eabihelpers.a(double.o)
                0x00005aa0                __aeabi_dadd
 .text.__aeabi_d2iz
                0x00005bf0       0x50 d:/mcuxpressoide_11.9.0_2144/ide/plugins/com.nxp.mcuxpresso.tools.win32_11.9.0.202307121226/tools/bin/../lib/gcc/arm-none-eabi/12.3.1/thumb/v6-m/nofp\libcr_eabihelpers.a(double.o)
                0x00005bf0                __aeabi_d2iz
 .text.__aeabi_d2uiz
                0x00005c40       0x38 d:/mcuxpressoide_11.9.0_2144/ide/plugins/com.nxp.mcuxpresso.tools.win32_11.9.0.202307121226/tools/bin/../lib/gcc/arm-none-eabi/12.3.1/thumb/v6-m/nofp\libcr_eabihelpers.a(double.o)
                0x00005c40                __aeabi_d2uiz
 .text.__aeabi_dcmpeq
                0x00005c78       0x40 d:/mcuxpressoide_11.9.0_2144/ide/plugins/com.nxp.mcuxpresso.tools.win32_11.9.0.202307121226/tools/bin/../lib/gcc/arm-none-eabi/12.3.1/thumb/v6-m/nofp\libcr_eabihelpers.a(double.o)
                0x00005c78                __aeabi_dcmpeq
 .text.__aeabi_dcmplt
                0x00005cb8       0x74 d:/mcuxpressoide_11.9.0_2144/ide/plugins/com.nxp.mcuxpresso.tools.win32_11.9.0.202307121226/tools/bin/../lib/gcc/arm-none-eabi/12.3.1/thumb/v6-m/nofp\libcr_eabihelpers.a(double.o)
                0x00005cb8                __aeabi_dcmplt
 .text.__aeabi_dcmpgt
                0x00005d2c       0x60 d:/mcuxpressoide_11.9.0_2144/ide/plugins/com.nxp.mcuxpresso.tools.win32_11.9.0.202307121226/tools/bin/../lib/gcc/arm-none-eabi/12.3.1/thumb/v6-m/nofp\libcr_eabihelpers.a(double.o)
                0x00005d2c                __aeabi_dcmpgt
 .text.__aeabi_dcmple
                0x00005d8c       0x70 d:/mcuxpressoide_11.9.0_2144/ide/plugins/com.nxp.mcuxpresso.tools.win32_11.9.0.202307121226/tools/bin/../lib/gcc/arm-none-eabi/12.3.1/thumb/v6-m/nofp\libcr_eabihelpers.a(double.o)
                0x00005d8c                __aeabi_dcmple
 .text.__aeabi_dcmpge
                0x00005dfc       0x68 d:/mcuxpressoide_11.9.0_2144/ide/plugins/com.nxp.mcuxpresso.tools.win32_11.9.0.202307121226/tools/bin/../lib/gcc/arm-none-eabi/12.3.1/thumb/v6-m/nofp\libcr_eabihelpers.a(double.o)
                0x00005dfc                __aeabi_dcmpge
 .text.__aeabi_fmul
                0x00005e64       0xd0 d:/mcuxpressoide_11.9.0_2144/ide/plugins/com.nxp.mcuxpresso.tools.win32_11.9.0.202307121226/tools/bin/../lib/gcc/arm-none-eabi/12.3.1/thumb/v6-m/nofp\libcr_eabihelpers.a(float.o)
                0x00005e64                __aeabi_fmul
 .text.__aeabi_fdiv
                0x00005f34       0xe4 d:/mcuxpressoide_11.9.0_2144/ide/plugins/com.nxp.mcuxpresso.tools.win32_11.9.0.202307121226/tools/bin/../lib/gcc/arm-none-eabi/12.3.1/thumb/v6-m/nofp\libcr_eabihelpers.a(float.o)
                0x00005f34                __aeabi_fdiv
 .text.__aeabi_fsub
                0x00006018      0x12c d:/mcuxpressoide_11.9.0_2144/ide/plugins/com.nxp.mcuxpresso.tools.win32_11.9.0.202307121226/tools/bin/../lib/gcc/arm-none-eabi/12.3.1/thumb/v6-m/nofp\libcr_eabihelpers.a(float.o)
                0x00006018                __aeabi_fsub
 .text.__aeabi_fadd
                0x00006144       0xac d:/mcuxpressoide_11.9.0_2144/ide/plugins/com.nxp.mcuxpresso.tools.win32_11.9.0.202307121226/tools/bin/../lib/gcc/arm-none-eabi/12.3.1/thumb/v6-m/nofp\libcr_eabihelpers.a(float.o)
                0x00006144                __aeabi_fadd
 .text.__aeabi_f2iz
                0x000061f0       0x34 d:/mcuxpressoide_11.9.0_2144/ide/plugins/com.nxp.mcuxpresso.tools.win32_11.9.0.202307121226/tools/bin/../lib/gcc/arm-none-eabi/12.3.1/thumb/v6-m/nofp\libcr_eabihelpers.a(float.o)
                0x000061f0                __aeabi_f2iz
 .text.UART_EnableTx
                0x00006224       0x40 ./utilities/fsl_debug_console.o
 .text.UART_EnableRx
                0x00006264       0x40 ./utilities/fsl_debug_console.o
 .text.LPSCI_EnableTx
                0x000062a4       0x40 ./utilities/fsl_debug_console.o
 .text.LPSCI_EnableRx
                0x000062e4       0x40 ./utilities/fsl_debug_console.o
 .text.DbgConsole_PrintfPaddingCharacter
                0x00006324       0x48 ./utilities/fsl_debug_console.o
 .text.DbgConsole_ConvertRadixNumToString
                0x0000636c      0x114 ./utilities/fsl_debug_console.o
 .text.DbgConsole_PrintfFormattedData
                0x00006480      0x33a ./utilities/fsl_debug_console.o
 .text.GPIO_WritePinOutput
                0x000067ba       0x34 ./source/HyperDisplay_ILI9163C.o
 .text.ILI9163C_fromHyperdisplay
                0x000067ee       0x12 ./source/HyperDisplay_ILI9163C.o
 .text.ILI9163C_4WSPI_fromBase
                0x00006800       0x12 ./source/HyperDisplay_ILI9163C.o
 .text.ILI9163C_4WSPI_fromHyperdisplay
                0x00006812       0x12 ./source/HyperDisplay_ILI9163C.o
 .text.ILI9163C_callWritePacket
                0x00006824       0x3e ./source/HyperDisplay_ILI9163C.o
 .text.ILI9163C_getBytesPerPixel
                0x00006862       0x3e ./source/HyperDisplay_ILI9163C.o
                0x00006862                ILI9163C_getBytesPerPixel
 .text.ILI9163C_getOffsetColor
                0x000068a0       0x6a ./source/HyperDisplay_ILI9163C.o
                0x000068a0                ILI9163C_getOffsetColor
 .text.ILI9163C_hwpixel
                0x0000690a       0xce ./source/HyperDisplay_ILI9163C.o
                0x0000690a                ILI9163C_hwpixel
 .text.ILI9163C_swpixel
                0x000069d8       0xec ./source/HyperDisplay_ILI9163C.o
                0x000069d8                ILI9163C_swpixel
 .text.ILI9163C_sleepOut
                0x00006ac4       0x26 ./source/HyperDisplay_ILI9163C.o
                0x00006ac4                ILI9163C_sleepOut
 .text.ILI9163C_setPower
                0x00006aea       0x38 ./source/HyperDisplay_ILI9163C.o
                0x00006aea                ILI9163C_setPower
 .text.ILI9163C_setColumnAddress
                0x00006b22       0x68 ./source/HyperDisplay_ILI9163C.o
                0x00006b22                ILI9163C_setColumnAddress
 .text.ILI9163C_setRowAddress
                0x00006b8a       0x68 ./source/HyperDisplay_ILI9163C.o
                0x00006b8a                ILI9163C_setRowAddress
 .text.ILI9163C_writeToRAM
                0x00006bf2       0x42 ./source/HyperDisplay_ILI9163C.o
                0x00006bf2                ILI9163C_writeToRAM
 .text.ILI9163C_setMemoryAccessControl
                0x00006c34       0xe0 ./source/HyperDisplay_ILI9163C.o
                0x00006c34                ILI9163C_setMemoryAccessControl
 .text.ILI9163C_selectGammaCurve
                0x00006d14       0x36 ./source/HyperDisplay_ILI9163C.o
                0x00006d14                ILI9163C_selectGammaCurve
 .text.ILI9163C_setInterfacePixelFormat
                0x00006d4a       0x98 ./source/HyperDisplay_ILI9163C.o
                0x00006d4a                ILI9163C_setInterfacePixelFormat
 .text.ILI9163C_setNormalFramerate
                0x00006de2       0x48 ./source/HyperDisplay_ILI9163C.o
                0x00006de2                ILI9163C_setNormalFramerate
 .text.ILI9163C_setPowerControl1
                0x00006e2a       0x54 ./source/HyperDisplay_ILI9163C.o
                0x00006e2a                ILI9163C_setPowerControl1
 .text.ILI9163C_setPowerControl2
                0x00006e7e       0x3c ./source/HyperDisplay_ILI9163C.o
                0x00006e7e                ILI9163C_setPowerControl2
 .text.ILI9163C_setPowerControl3
                0x00006eba       0x3c ./source/HyperDisplay_ILI9163C.o
                0x00006eba                ILI9163C_setPowerControl3
 .text.ILI9163C_setVCOMControl1
                0x00006ef6       0x54 ./source/HyperDisplay_ILI9163C.o
                0x00006ef6                ILI9163C_setVCOMControl1
 .text.ILI9163C_setVCOMOffsetControl
                0x00006f4a       0x62 ./source/HyperDisplay_ILI9163C.o
                0x00006f4a                ILI9163C_setVCOMOffsetControl
 .text.ILI9163C_setSrcDriverDir
                0x00006fac       0x42 ./source/HyperDisplay_ILI9163C.o
                0x00006fac                ILI9163C_setSrcDriverDir
 .text.ILI9163C_setGamRSel
                0x00006fee       0x42 ./source/HyperDisplay_ILI9163C.o
                0x00006fee                ILI9163C_setGamRSel
 .text.ILI9163C_setPositiveGamCorr
                0x00007030       0x34 ./source/HyperDisplay_ILI9163C.o
                0x00007030                ILI9163C_setPositiveGamCorr
 .text.ILI9163C_setNegativeGamCorr
                0x00007064       0x34 ./source/HyperDisplay_ILI9163C.o
                0x00007064                ILI9163C_setNegativeGamCorr
 .text.ILI9163C_4WSPI_selectDriver
                0x00007098       0x34 ./source/HyperDisplay_ILI9163C.o
                0x00007098                ILI9163C_4WSPI_selectDriver
 .text.ILI9163C_4WSPI_deselectDriver
                0x000070cc       0x34 ./source/HyperDisplay_ILI9163C.o
                0x000070cc                ILI9163C_4WSPI_deselectDriver
 .text.ILI9163C_4WSPI_transferSPIbuffer
                0x00007100       0x78 ./source/HyperDisplay_ILI9163C.o
                0x00007100                ILI9163C_4WSPI_transferSPIbuffer
 .text.ILI9163C_4WSPI_writePacket
                0x00007178      0x116 ./source/HyperDisplay_ILI9163C.o
                0x00007178                ILI9163C_4WSPI_writePacket
 .text.ILI9163C_4WSPI_hwfillFromArray
                0x0000728e      0x18e ./source/HyperDisplay_ILI9163C.o
                0x0000728e                ILI9163C_4WSPI_hwfillFromArray
 .text.GPIO_WritePinOutput
                0x0000741c       0x34 ./source/HyperDisplay_KWH018ST01_4WSPI.o
 .text.KWH018ST01_controller
                0x00007450       0x1c ./source/HyperDisplay_KWH018ST01_4WSPI.o
 .text.KWH018ST01_hyperdisplay
                0x0000746c       0x28 ./source/HyperDisplay_KWH018ST01_4WSPI.o
 .text.KWH018ST01_4WSPI_init
                0x00007494       0x38 ./source/HyperDisplay_KWH018ST01_4WSPI.o
                0x00007494                KWH018ST01_4WSPI_init
 .text.KWH018ST01_4WSPI_startup
                0x000074cc       0x94 ./source/HyperDisplay_KWH018ST01_4WSPI.o
                0x000074cc                KWH018ST01_4WSPI_startup
 .text.KWH018ST01_4WSPI_clearDisplay
                0x00007560       0x6e ./source/HyperDisplay_KWH018ST01_4WSPI.o
                0x00007560                KWH018ST01_4WSPI_clearDisplay
 .text.KWH018ST01_4WSPI_setWindowDefaults
                0x000075ce       0xe6 ./source/HyperDisplay_KWH018ST01_4WSPI.o
                0x000075ce                KWH018ST01_4WSPI_setWindowDefaults
 .text.TFT_SetTextColor
                0x000076b4       0x24 ./source/MKL25Z4_Project_SparkfunTFTHyperDisplayConfigure.o
 .text.TFT_PrintString
                0x000076d8       0x4e ./source/MKL25Z4_Project_SparkfunTFTHyperDisplayConfigure.o
 .text.APP_GetFloatSign
                0x00007726       0x22 ./source/MKL25Z4_Project_SparkfunTFTHyperDisplayConfigure.o
 .text.Compass_FormatHeading
                0x00007748       0xca ./source/MKL25Z4_Project_SparkfunTFTHyperDisplayConfigure.o
 .text.COMPASS_WriteRegister
                0x00007812       0x7e ./source/compass.o
 .text.COMPASS_ReadRegisters
                0x00007890       0x88 ./source/compass.o
 .text.COMPASS_ReadRegister
                0x00007918       0x2a ./source/compass.o
 .text.COMPASS_Init
                0x00007942       0x44 ./source/compass.o
                0x00007942                COMPASS_Init
 .text.COMPASS_Begin
                0x00007986       0xd0 ./source/compass.o
                0x00007986                COMPASS_Begin
 .text.COMPASS_ReadProductId
                0x00007a56       0x2a ./source/compass.o
                0x00007a56                COMPASS_ReadProductId
 .text.COMPASS_SetBandwidth
                0x00007a80       0x40 ./source/compass.o
                0x00007a80                COMPASS_SetBandwidth
 .text.COMPASS_Set
                0x00007ac0       0x3a ./source/compass.o
                0x00007ac0                COMPASS_Set
 .text.COMPASS_Reset
                0x00007afa       0x3a ./source/compass.o
                0x00007afa                COMPASS_Reset
 .text.COMPASS_WaitForMagneticMeasurement
                0x00007b34       0x68 ./source/compass.o
                0x00007b34                COMPASS_WaitForMagneticMeasurement
 .text.COMPASS_ReadData
                0x00007b9c       0x52 ./source/compass.o
                0x00007b9c                COMPASS_ReadData
 .text.COMPASS_CalibrateBridgeOffset
                0x00007bee      0x12e ./source/compass.o
                0x00007bee                COMPASS_CalibrateBridgeOffset
 .text.COMPASS_ClearBridgeOffset
                0x00007d1c       0x30 ./source/compass.o
                0x00007d1c                COMPASS_ClearBridgeOffset
 .text.COMPASS_LastI2CStatus
                0x00007d4c       0x1e ./source/compass.o
                0x00007d4c                COMPASS_LastI2CStatus
 .text.hd_swap  0x00007d6a       0x40 ./source/hyperdisplay.o
 .text.hd_abs_len_hw
                0x00007daa       0x48 ./source/hyperdisplay.o
 .text.hd_offset_color
                0x00007df2       0x3e ./source/hyperdisplay.o
 .text.hd_resolve_color
                0x00007e30       0x4c ./source/hyperdisplay.o
 .text.hyperdisplay_hwpixel
                0x00007e7c       0x52 ./source/hyperdisplay.o
                0x00007e7c                hyperdisplay_hwpixel
 .text.hyperdisplay_swpixel
                0x00007ece       0x4a ./source/hyperdisplay.o
                0x00007ece                hyperdisplay_swpixel
 .text.hyperdisplay_hwxline
                0x00007f18      0x152 ./source/hyperdisplay.o
                0x00007f18                hyperdisplay_hwxline
 .text.hyperdisplay_hwyline
                0x0000806a      0x152 ./source/hyperdisplay.o
                0x0000806a                hyperdisplay_hwyline
 .text.hyperdisplay_hwrectangle
                0x000081bc      0x2e6 ./source/hyperdisplay.o
                0x000081bc                hyperdisplay_hwrectangle
 .text.hyperdisplay_wToPix
                0x000084a2       0x48 ./source/hyperdisplay.o
                0x000084a2                hyperdisplay_wToPix
 .text.hyperdisplay_swxline
                0x000084ea       0xd4 ./source/hyperdisplay.o
                0x000084ea                hyperdisplay_swxline
 .text.hyperdisplay_swyline
                0x000085be       0xd0 ./source/hyperdisplay.o
                0x000085be                hyperdisplay_swyline
 .text.hyperdisplay_pixel
                0x0000868e      0x132 ./source/hyperdisplay.o
                0x0000868e                hyperdisplay_pixel
 .text.hyperdisplay_rectangle
                0x000087c0      0x2c4 ./source/hyperdisplay.o
                0x000087c0                hyperdisplay_rectangle
 .text.hyperdisplay_fillWindow
                0x00008a84       0x92 ./source/hyperdisplay.o
                0x00008a84                hyperdisplay_fillWindow
 .text.hyperdisplay_setWindowColorSequence
                0x00008b16       0x30 ./source/hyperdisplay.o
                0x00008b16                hyperdisplay_setWindowColorSequence
 .text.hyperdisplay_setCurrentWindowColorSequence
                0x00008b46       0x3a ./source/hyperdisplay.o
                0x00008b46                hyperdisplay_setCurrentWindowColorSequence
 .text.hyperdisplay_setTextCursor
                0x00008b80       0x54 ./source/hyperdisplay.o
                0x00008b80                hyperdisplay_setTextCursor
 .text.hyperdisplay_line
                0x00008bd4       0x5e ./source/hyperdisplay.o
                0x00008bd4                hyperdisplay_line
 .text.hyperdisplay_circle
                0x00008c32       0x8c ./source/hyperdisplay.o
                0x00008c32                hyperdisplay_circle
 .text.hyperdisplay_circle_midpoint
                0x00008cbe       0xb0 ./source/hyperdisplay.o
                0x00008cbe                hyperdisplay_circle_midpoint
 .text.hyperdisplay_circle_eight
                0x00008d6e      0x408 ./source/hyperdisplay.o
                0x00008d6e                hyperdisplay_circle_eight
 .text.hyperdisplay_getNewColorOffset
                0x00009176       0xac ./source/hyperdisplay.o
                0x00009176                hyperdisplay_getNewColorOffset
 .text.hyperdisplay_enforceHWLimits
                0x00009222      0x148 ./source/hyperdisplay.o
                0x00009222                hyperdisplay_enforceHWLimits
 .text.hyperdisplay_setWindowDefaults
                0x0000936a       0x88 ./source/hyperdisplay.o
                0x0000936a                hyperdisplay_setWindowDefaults
 .text.hyperdisplayXLineCallback
                0x000093f2       0x2e ./source/hyperdisplay.o
                0x000093f2                hyperdisplayXLineCallback
 .text.hyperdisplayYLineCallback
                0x00009420       0x2e ./source/hyperdisplay.o
                0x00009420                hyperdisplayYLineCallback
 .text.hyperdisplayRectangleCallback
                0x0000944e       0x2e ./source/hyperdisplay.o
                0x0000944e                hyperdisplayRectangleCallback
 .text.OSC_SetExtRefClkConfig
                0x0000947c       0x3e ./drivers/fsl_clock.o
 .text.OSC_SetCapLoad
                0x000094ba       0x42 ./drivers/fsl_clock.o
 .text.CLOCK_GetPll0RefFreq
                0x000094fc       0x10 ./drivers/fsl_clock.o
 .text.CLOCK_GetFixedFreqClkFreq
                0x0000950c       0x30 ./drivers/fsl_clock.o
                0x0000950c                CLOCK_GetFixedFreqClkFreq
 .text.CLOCK_SetExternalRefClkConfig
                0x0000953c       0x16 ./drivers/fsl_clock.o
                0x0000953c                CLOCK_SetExternalRefClkConfig
 .text.GPIO_WritePinOutput
                0x00009552       0x34 ./drivers/fsl_gpio.o
 .text.I2C_MasterClearStatusFlags
                0x00009586       0x38 ./drivers/fsl_i2c.o
 .text.I2C_MasterStop
                0x000095be       0x64 ./drivers/fsl_i2c.o
                0x000095be                I2C_MasterStop
 .text.I2C_MasterGetStatusFlags
                0x00009622       0x32 ./drivers/fsl_i2c.o
                0x00009622                I2C_MasterGetStatusFlags
 .text.I2C_MasterReadBlocking
                0x00009654       0xea ./drivers/fsl_i2c.o
                0x00009654                I2C_MasterReadBlocking
 .text.LPSCI_GetStatusFlags
                0x0000973e       0x26 ./drivers/fsl_lpsci.o
                0x0000973e                LPSCI_GetStatusFlags
 .text.SPI_WriteNonBlocking
                0x00009764       0x56 ./drivers/fsl_spi.o
 .text.SPI_ReadNonBlocking
                0x000097ba       0x56 ./drivers/fsl_spi.o
 .text.SPI_MasterSetBaudRate
                0x00009810       0xb8 ./drivers/fsl_spi.o
                0x00009810                SPI_MasterSetBaudRate
 .text.SPI_WriteData
                0x000098c8       0x20 ./drivers/fsl_spi.o
                0x000098c8                SPI_WriteData
 .text.SPI_ReadData
                0x000098e8       0x26 ./drivers/fsl_spi.o
                0x000098e8                SPI_ReadData
 .text.UART_GetStatusFlags
                0x0000990e       0x26 ./drivers/fsl_uart.o
                0x0000990e                UART_GetStatusFlags
 .text.UART_WriteBlocking
                0x00009934       0x3c ./drivers/fsl_uart.o
                0x00009934                UART_WriteBlocking
 .text.BOARD_InitBootClocks
                0x00009970        0xe ./board/clock_config.o
                0x00009970                BOARD_InitBootClocks
 .text.BOARD_InitBootPins
                0x0000997e        0xe ./board/pin_mux.o
                0x0000997e                BOARD_InitBootPins
 .text.__main   0x0000998c        0xc d:/mcuxpressoide_11.9.0_2144/ide/plugins/com.nxp.mcuxpresso.tools.win32_11.9.0.202307121226/tools/bin/../lib/gcc/arm-none-eabi/12.3.1/../../../../arm-none-eabi/lib/thumb/v6-m/nofp\libcr_nohost_nf.a(_cr__main.o)
                0x0000998c                __main
 .text.fabsf    0x00009998       0x18 d:/mcuxpressoide_11.9.0_2144/ide/plugins/com.nxp.mcuxpresso.tools.win32_11.9.0.202307121226/tools/bin/../lib/gcc/arm-none-eabi/12.3.1/../../../../arm-none-eabi/lib/thumb/v6-m/nofp\libcr_c.a(fabsf.o)
                0x00009998                fabsf
 .text.memcpy   0x000099b0        0x8 d:/mcuxpressoide_11.9.0_2144/ide/plugins/com.nxp.mcuxpresso.tools.win32_11.9.0.202307121226/tools/bin/../lib/gcc/arm-none-eabi/12.3.1/../../../../arm-none-eabi/lib/thumb/v6-m/nofp\libcr_c.a(memcpy.o)
                0x000099b0                memcpy
 .text.memset   0x000099b8        0x8 d:/mcuxpressoide_11.9.0_2144/ide/plugins/com.nxp.mcuxpresso.tools.win32_11.9.0.202307121226/tools/bin/../lib/gcc/arm-none-eabi/12.3.1/../../../../arm-none-eabi/lib/thumb/v6-m/nofp\libcr_c.a(memset.o)
                0x000099b8                memset
 .text.free     0x000099c0       0x2c d:/mcuxpressoide_11.9.0_2144/ide/plugins/com.nxp.mcuxpresso.tools.win32_11.9.0.202307121226/tools/bin/../lib/gcc/arm-none-eabi/12.3.1/../../../../arm-none-eabi/lib/thumb/v6-m/nofp\libcr_c.a(alloc.o)
                0x000099c0                free
 .text.abs      0x000099ec        0x8 d:/mcuxpressoide_11.9.0_2144/ide/plugins/com.nxp.mcuxpresso.tools.win32_11.9.0.202307121226/tools/bin/../lib/gcc/arm-none-eabi/12.3.1/../../../../arm-none-eabi/lib/thumb/v6-m/nofp\libcr_c.a(stdlib.o)
                0x000099ec                abs
 .text.remove   0x000099f4       0x12 d:/mcuxpressoide_11.9.0_2144/ide/plugins/com.nxp.mcuxpresso.tools.win32_11.9.0.202307121226/tools/bin/../lib/gcc/arm-none-eabi/12.3.1/../../../../arm-none-eabi/lib/thumb/v6-m/nofp\libcr_c.a(remove.o)
                0x000099f4                remove
 .text.__aeabi_division_idivmod
                0x00009a06       0x78 d:/mcuxpressoide_11.9.0_2144/ide/plugins/com.nxp.mcuxpresso.tools.win32_11.9.0.202307121226/tools/bin/../lib/gcc/arm-none-eabi/12.3.1/thumb/v6-m/nofp\libcr_eabihelpers.a(division_32.o)
                0x00009a06                __aeabi_idivmod
                0x00009a06                __aeabi_idiv
                0x00009a0c                __aeabi_uidivmod
                0x00009a0c                __aeabi_uidiv
 .text.__aeabi_division_uldivmod
                0x00009a7e       0x5a d:/mcuxpressoide_11.9.0_2144/ide/plugins/com.nxp.mcuxpresso.tools.win32_11.9.0.202307121226/tools/bin/../lib/gcc/arm-none-eabi/12.3.1/thumb/v6-m/nofp\libcr_eabihelpers.a(division_64.o)
                0x00009a7e                __aeabi_uldivmod
 .text.__aeabi_division_idiv0
                0x00009ad8        0x2 d:/mcuxpressoide_11.9.0_2144/ide/plugins/com.nxp.mcuxpresso.tools.win32_11.9.0.202307121226/tools/bin/../lib/gcc/arm-none-eabi/12.3.1/thumb/v6-m/nofp\libcr_eabihelpers.a(division_idiv0.o)
                0x00009ad8                __aeabi_idiv0
 .text.__bhs_ui2d
                0x00009ada       0x5e d:/mcuxpressoide_11.9.0_2144/ide/plugins/com.nxp.mcuxpresso.tools.win32_11.9.0.202307121226/tools/bin/../lib/gcc/arm-none-eabi/12.3.1/thumb/v6-m/nofp\libcr_eabihelpers.a(double.o)
                0x00009ada                __bhs_ui2d
 .text.__aeabi_i2d
                0x00009b38       0x18 d:/mcuxpressoide_11.9.0_2144/ide/plugins/com.nxp.mcuxpresso.tools.win32_11.9.0.202307121226/tools/bin/../lib/gcc/arm-none-eabi/12.3.1/thumb/v6-m/nofp\libcr_eabihelpers.a(double.o)
                0x00009b38                __aeabi_i2d
 .text.__aeabi_ui2d
                0x00009b50        0xc d:/mcuxpressoide_11.9.0_2144/ide/plugins/com.nxp.mcuxpresso.tools.win32_11.9.0.202307121226/tools/bin/../lib/gcc/arm-none-eabi/12.3.1/thumb/v6-m/nofp\libcr_eabihelpers.a(double.o)
                0x00009b50                __aeabi_ui2d
 .text.__bhs_ui2f
                0x00009b5c       0x60 d:/mcuxpressoide_11.9.0_2144/ide/plugins/com.nxp.mcuxpresso.tools.win32_11.9.0.202307121226/tools/bin/../lib/gcc/arm-none-eabi/12.3.1/thumb/v6-m/nofp\libcr_eabihelpers.a(float.o)
                0x00009b5c                __bhs_ui2f
 .text.__aeabi_i2f
                0x00009bbc       0x18 d:/mcuxpressoide_11.9.0_2144/ide/plugins/com.nxp.mcuxpresso.tools.win32_11.9.0.202307121226/tools/bin/../lib/gcc/arm-none-eabi/12.3.1/thumb/v6-m/nofp\libcr_eabihelpers.a(float.o)
                0x00009bbc                __aeabi_i2f
 .text.__aeabi_ui2f
                0x00009bd4        0xc d:/mcuxpressoide_11.9.0_2144/ide/plugins/com.nxp.mcuxpresso.tools.win32_11.9.0.202307121226/tools/bin/../lib/gcc/arm-none-eabi/12.3.1/thumb/v6-m/nofp\libcr_eabihelpers.a(float.o)
                0x00009bd4                __aeabi_ui2f
 .text.__aeabi_fcmpeq
                0x00009be0       0x20 d:/mcuxpressoide_11.9.0_2144/ide/plugins/com.nxp.mcuxpresso.tools.win32_11.9.0.202307121226/tools/bin/../lib/gcc/arm-none-eabi/12.3.1/thumb/v6-m/nofp\libcr_eabihelpers.a(float.o)
                0x00009be0                __aeabi_fcmpeq
 .text.__aeabi_fcmplt
                0x00009c00       0x42 d:/mcuxpressoide_11.9.0_2144/ide/plugins/com.nxp.mcuxpresso.tools.win32_11.9.0.202307121226/tools/bin/../lib/gcc/arm-none-eabi/12.3.1/thumb/v6-m/nofp\libcr_eabihelpers.a(float.o)
                0x00009c00                __aeabi_fcmplt
 .text.__aeabi_fcmpgt
                0x00009c42       0x3c d:/mcuxpressoide_11.9.0_2144/ide/plugins/com.nxp.mcuxpresso.tools.win32_11.9.0.202307121226/tools/bin/../lib/gcc/arm-none-eabi/12.3.1/thumb/v6-m/nofp\libcr_eabihelpers.a(float.o)
                0x00009c42                __aeabi_fcmpgt
 .text.__aeabi_fcmpge
                0x00009c7e       0x42 d:/mcuxpressoide_11.9.0_2144/ide/plugins/com.nxp.mcuxpresso.tools.win32_11.9.0.202307121226/tools/bin/../lib/gcc/arm-none-eabi/12.3.1/thumb/v6-m/nofp\libcr_eabihelpers.a(float.o)
                0x00009c7e                __aeabi_fcmpge
 .text.__aeabi_llong_lmul
                0x00009cc0       0x2e d:/mcuxpressoide_11.9.0_2144/ide/plugins/com.nxp.mcuxpresso.tools.win32_11.9.0.202307121226/tools/bin/../lib/gcc/arm-none-eabi/12.3.1/thumb/v6-m/nofp\libcr_eabihelpers.a(llong.o)
                0x00009cc0                __aeabi_lmul
 .text.__aeabi_memcpy
                0x00009cee       0x2c d:/mcuxpressoide_11.9.0_2144/ide/plugins/com.nxp.mcuxpresso.tools.win32_11.9.0.202307121226/tools/bin/../lib/gcc/arm-none-eabi/12.3.1/thumb/v6-m/nofp\libcr_eabihelpers.a(memcpy.o)
                0x00009cee                __aeabi_memcpy4
                0x00009cee                __aeabi_memcpy8
                0x00009cee                __aeabi_memcpy
 .text.__aeabi_memset_lowlevel
                0x00009d1a       0x2a d:/mcuxpressoide_11.9.0_2144/ide/plugins/com.nxp.mcuxpresso.tools.win32_11.9.0.202307121226/tools/bin/../lib/gcc/arm-none-eabi/12.3.1/thumb/v6-m/nofp\libcr_eabihelpers.a(memcpy.o)
                0x00009d1a                __aeabi_lowlevel_memset
 .text.__sys_close
                0x00009d44        0x6 d:/mcuxpressoide_11.9.0_2144/ide/plugins/com.nxp.mcuxpresso.tools.win32_11.9.0.202307121226/tools/bin/../lib/gcc/arm-none-eabi/12.3.1/../../../../arm-none-eabi/lib/thumb/v6-m/nofp\libcr_nohost_nf.a(__sys_close.o)
                0x00009d44                __sys_close
 .text.__sys_flen
                0x00009d4a        0x6 d:/mcuxpressoide_11.9.0_2144/ide/plugins/com.nxp.mcuxpresso.tools.win32_11.9.0.202307121226/tools/bin/../lib/gcc/arm-none-eabi/12.3.1/../../../../arm-none-eabi/lib/thumb/v6-m/nofp\libcr_nohost_nf.a(__sys_flen.o)
                0x00009d4a                __sys_flen
 .text.__sys_istty
                0x00009d50        0x6 d:/mcuxpressoide_11.9.0_2144/ide/plugins/com.nxp.mcuxpresso.tools.win32_11.9.0.202307121226/tools/bin/../lib/gcc/arm-none-eabi/12.3.1/../../../../arm-none-eabi/lib/thumb/v6-m/nofp\libcr_nohost_nf.a(__sys_istty.o)
                0x00009d50                __sys_istty
 .text.__sys_remove
                0x00009d56        0x6 d:/mcuxpressoide_11.9.0_2144/ide/plugins/com.nxp.mcuxpresso.tools.win32_11.9.0.202307121226/tools/bin/../lib/gcc/arm-none-eabi/12.3.1/../../../../arm-none-eabi/lib/thumb/v6-m/nofp\libcr_nohost_nf.a(__sys_remove.o)
                0x00009d56                __sys_remove
 .text.__sys_seek
                0x00009d5c        0x6 d:/mcuxpressoide_11.9.0_2144/ide/plugins/com.nxp.mcuxpresso.tools.win32_11.9.0.202307121226/tools/bin/../lib/gcc/arm-none-eabi/12.3.1/../../../../arm-none-eabi/lib/thumb/v6-m/nofp\libcr_nohost_nf.a(__sys_seek.o)
                0x00009d5c                __sys_seek
 .text.__sys_tmpnam
                0x00009d62        0x6 d:/mcuxpressoide_11.9.0_2144/ide/plugins/com.nxp.mcuxpresso.tools.win32_11.9.0.202307121226/tools/bin/../lib/gcc/arm-none-eabi/12.3.1/../../../../arm-none-eabi/lib/thumb/v6-m/nofp\libcr_nohost_nf.a(__sys_tmpnam.o)
                0x00009d62                __sys_tmpnam
 .text.__sys_write
                0x00009d68        0x4 d:/mcuxpressoide_11.9.0_2144/ide/plugins/com.nxp.mcuxpresso.tools.win32_11.9.0.202307121226/tools/bin/../lib/gcc/arm-none-eabi/12.3.1/../../../../arm-none-eabi/lib/thumb/v6-m/nofp\libcr_nohost_nf.a(__sys_write.o)
                0x00009d68                __sys_write
 *(SORT_BY_ALIGNMENT(.rodata) SORT_BY_ALIGNMENT(.rodata.*) SORT_BY_ALIGNMENT(.constdata) SORT_BY_ALIGNMENT(.constdata.*))
 .rodata        0x00009d6c        0x2 ./source/HyperDisplay_ILI9163C.o
 *fill*         0x00009d6e        0x2 ff
 .rodata.pgam.1
                0x00009d70       0x10 ./source/HyperDisplay_KWH018ST01_4WSPI.o
 .rodata.ngam.0
                0x00009d80       0x10 ./source/HyperDisplay_KWH018ST01_4WSPI.o
 .rodata.g_compassTicks
                0x00009d90       0xc0 ./source/MKL25Z4_Project_SparkfunTFTHyperDisplayConfigure.o
 .rodata.Compass_DrawFace.str1.4
                0x00009e50        0xe ./source/MKL25Z4_Project_SparkfunTFTHyperDisplayConfigure.o
 *fill*         0x00009e5e        0x2 ff
 .rodata.Compass_GetDirection.str1.4
                0x00009e60        0xf ./source/MKL25Z4_Project_SparkfunTFTHyperDisplayConfigure.o
 *fill*         0x00009e6f        0x1 ff
 .rodata.main.str1.4
                0x00009e70      0x411 ./source/MKL25Z4_Project_SparkfunTFTHyperDisplayConfigure.o
                                0x415 (size before relaxing)
 *fill*         0x0000a281        0x3 ff
 .rodata.font5x7
                0x0000a284      0x501 ./source/hyperdisplay.o
 *fill*         0x0000a785        0x3 ff
 .rodata.CLOCK_GetMcgExtClkFreq.str1.4
                0x0000a788       0x1e ./drivers/fsl_clock.o
 *fill*         0x0000a7a6        0x2 ff
 .rodata.CLOCK_GetOsc0ErClkFreq.str1.4
                0x0000a7a8       0x1e ./drivers/fsl_clock.o
 *fill*         0x0000a7c6        0x2 ff
 .rodata.CLOCK_GetEr32kClkFreq.str1.4
                0x0000a7c8       0x1f ./drivers/fsl_clock.o
 *fill*         0x0000a7e7        0x1 ff
 .rodata.CLOCK_GetFreq
                0x0000a7e8       0x38 ./drivers/fsl_clock.o
 .rodata.CLOCK_GetPll0Freq.str1.4
                0x0000a820       0x1d ./drivers/fsl_clock.o
 *fill*         0x0000a83d        0x3 ff
 .rodata.CLOCK_EnablePll0.str1.4
                0x0000a840       0x19 ./drivers/fsl_clock.o
 *fill*         0x0000a859        0x3 ff
 .rodata.CLOCK_SetPbeMode.str1.4
                0x0000a85c       0x1a ./drivers/fsl_clock.o
 *fill*         0x0000a876        0x2 ff
 .rodata.CLOCK_BootToPeeMode.str1.4
                0x0000a878       0x1a ./drivers/fsl_clock.o
 *fill*         0x0000a892        0x2 ff
 .rodata.fllFactorTable.1
                0x0000a894       0x10 ./drivers/fsl_clock.o
 .rodata.__assertion_failed.str1.4
                0x0000a8a4        0x4 ./drivers/fsl_common.o
 .rodata.GPIO_PinInit.str1.4
                0x0000a8a8       0x17 ./drivers/fsl_gpio.o
 *fill*         0x0000a8bf        0x1 ff
 .rodata.s_i2cDividerTable
                0x0000a8c0       0x80 ./drivers/fsl_i2c.o
 .rodata.s_i2cBases
                0x0000a940        0x8 ./drivers/fsl_i2c.o
 .rodata.s_i2cClocks
                0x0000a948        0x8 ./drivers/fsl_i2c.o
 .rodata.I2C_GetInstance.str1.4
                0x0000a950       0x32 ./drivers/fsl_i2c.o
 *fill*         0x0000a982        0x2 ff
 .rodata.I2C_MasterInit.str1.4
                0x0000a984       0x2c ./drivers/fsl_i2c.o
 .rodata.I2C_MasterGetDefaultConfig.str1.4
                0x0000a9b0       0x1d ./drivers/fsl_i2c.o
 *fill*         0x0000a9cd        0x3 ff
 .rodata.I2C_MasterTransferBlocking.str1.4
                0x0000a9d0       0x15 ./drivers/fsl_i2c.o
 *fill*         0x0000a9e5        0x3 ff
 .rodata.LPSCI_GetInstance.str1.4
                0x0000a9e8       0x36 ./drivers/fsl_lpsci.o
 *fill*         0x0000aa1e        0x2 ff
 .rodata.LPSCI_Init.str1.4
                0x0000aa20       0x43 ./drivers/fsl_lpsci.o
 *fill*         0x0000aa63        0x1 ff
 .rodata.LPSCI_GetDefaultConfig.str1.4
                0x0000aa64       0x19 ./drivers/fsl_lpsci.o
 *fill*         0x0000aa7d        0x3 ff
 .rodata.LPSCI_WriteBlocking.str1.4
                0x0000aa80       0x17 ./drivers/fsl_lpsci.o
 *fill*         0x0000aa97        0x1 ff
 .rodata.LPSCI_ReadBlocking.str1.4
                0x0000aa98       0x17 ./drivers/fsl_lpsci.o
 *fill*         0x0000aaaf        0x1 ff
 .rodata.s_spiBases
                0x0000aab0        0x8 ./drivers/fsl_spi.o
 .rodata.s_spiClock
                0x0000aab8        0x8 ./drivers/fsl_spi.o
 .rodata.SPI_GetInstance.str1.4
                0x0000aac0       0x32 ./drivers/fsl_spi.o
 *fill*         0x0000aaf2        0x2 ff
 .rodata.SPI_MasterInit.str1.4
                0x0000aaf4       0x26 ./drivers/fsl_spi.o
 *fill*         0x0000ab1a        0x2 ff
 .rodata.SPI_MasterTransferBlocking.str1.4
                0x0000ab1c       0x15 ./drivers/fsl_spi.o
 *fill*         0x0000ab31        0x3 ff
 .rodata.SPI0_DriverIRQHandler.str1.4
                0x0000ab34       0x20 ./drivers/fsl_spi.o
 .rodata.SPI1_DriverIRQHandler.str1.4
                0x0000ab54       0x20 ./drivers/fsl_spi.o
 .rodata.s_uartBases
                0x0000ab74        0xc ./drivers/fsl_uart.o
 .rodata.s_uartClock
                0x0000ab80        0xc ./drivers/fsl_uart.o
 .rodata.UART_GetInstance.str1.4
                0x0000ab8c       0x2b ./drivers/fsl_uart.o
 *fill*         0x0000abb7        0x1 ff
 .rodata.UART_Init.str1.4
                0x0000abb8       0x3e ./drivers/fsl_uart.o
 *fill*         0x0000abf6        0x2 ff
 .rodata.UART_GetDefaultConfig.str1.4
                0x0000abf8       0x18 ./drivers/fsl_uart.o
 .rodata.UART_ReadBlocking.str1.4
                0x0000ac10       0x16 ./drivers/fsl_uart.o
 *fill*         0x0000ac26        0x2 ff
 .rodata.mcgConfig_BOARD_BootClockRUN
                0x0000ac28        0xa ./board/clock_config.o
                0x0000ac28                mcgConfig_BOARD_BootClockRUN
 *fill*         0x0000ac32        0x2 ff
 .rodata.simConfig_BOARD_BootClockRUN
                0x0000ac34        0x8 ./board/clock_config.o
                0x0000ac34                simConfig_BOARD_BootClockRUN
 .rodata.oscConfig_BOARD_BootClockRUN
                0x0000ac3c        0x8 ./board/clock_config.o
                0x0000ac3c                oscConfig_BOARD_BootClockRUN
 .rodata.a.0    0x0000ac44       0x10 d:/mcuxpressoide_11.9.0_2144/ide/plugins/com.nxp.mcuxpresso.tools.win32_11.9.0.202307121226/tools/bin/../lib/gcc/arm-none-eabi/12.3.1/../../../../arm-none-eabi/lib/thumb/v6-m/nofp\libcr_c.a(atanf.o)
 .rodata.__num_Ciob_streams
                0x0000ac54        0x4 d:/mcuxpressoide_11.9.0_2144/ide/plugins/com.nxp.mcuxpresso.tools.win32_11.9.0.202307121226/tools/bin/../lib/gcc/arm-none-eabi/12.3.1/../../../../arm-none-eabi/lib/thumb/v6-m/nofp\libcr_nohost_nf.a(__ciob.o)
                0x0000ac54                __num_Ciob_streams
 .rodata._initio.str1.1
                0x0000ac58        0x4 d:/mcuxpressoide_11.9.0_2144/ide/plugins/com.nxp.mcuxpresso.tools.win32_11.9.0.202307121226/tools/bin/../lib/gcc/arm-none-eabi/12.3.1/../../../../arm-none-eabi/lib/thumb/v6-m/nofp\libcr_c.a(initio.o)
                0x0000ac5c                        . = ALIGN (0x4)

.glue_7         0x0000ac5c        0x0
 .glue_7        0x0000ac5c        0x0 linker stubs

.glue_7t        0x0000ac5c        0x0
 .glue_7t       0x0000ac5c        0x0 linker stubs

.vfp11_veneer   0x0000ac5c        0x0
 .vfp11_veneer  0x0000ac5c        0x0 linker stubs

.v4_bx          0x0000ac5c        0x0
 .v4_bx         0x0000ac5c        0x0 linker stubs

.iplt           0x0000ac5c        0x0
 .iplt          0x0000ac5c        0x0 ./utilities/fsl_debug_console.o

.rel.dyn        0x0000ac5c        0x0
 .rel.iplt      0x0000ac5c        0x0 ./utilities/fsl_debug_console.o

.ARM.extab
 *(SORT_BY_ALIGNMENT(.ARM.extab*) SORT_BY_ALIGNMENT(.gnu.linkonce.armextab.*))

.ARM.exidx      0x0000ac5c        0x0
                0x0000ac5c                        __exidx_start = .
 *(SORT_BY_ALIGNMENT(.ARM.exidx*) SORT_BY_ALIGNMENT(.gnu.linkonce.armexidx.*))
                0x0000ac5c                        __exidx_end = .
                0x0000ac5c                        _etext = .

.m_usb_data
 *(SORT_BY_ALIGNMENT(m_usb_bdt))

.mtb_buffer_default
                0x1ffff000       0x80
 *(SORT_BY_ALIGNMENT(.mtb*))
 .mtb.$RAM1     0x1ffff000       0x80 ./source/mtb.o
                0x1ffff000                __mtb_buffer__

.uninit_RESERVED
                0x1ffff080        0x0
                0x1ffff080                        _start_uninit_RESERVED = .
 *(SORT_BY_ALIGNMENT(.bss.$RESERVED*))
                0x1ffff080                        . = ALIGN (0x4)
                0x1ffff080                        _end_uninit_RESERVED = .

.data           0x1ffff080        0xc load address 0x0000ac5c
 FILL mask 0xff
                0x1ffff080                        _data = .
                [!provide]                        PROVIDE (__start_data_RAM = .)
                [!provide]                        PROVIDE (__start_data_SRAM = .)
 *(SORT_BY_ALIGNMENT(vtable))
 *(SORT_BY_ALIGNMENT(.ramfunc*))
 *(SORT_BY_ALIGNMENT(CodeQuickAccess))
 *(SORT_BY_ALIGNMENT(DataQuickAccess))
 *(SORT_BY_ALIGNMENT(RamFunction))
 *(SORT_BY_ALIGNMENT(.data*))
 .data.s_slowIrcFreq
                0x1ffff080        0x4 ./drivers/fsl_clock.o
 .data.s_fastIrcFreq
                0x1ffff084        0x4 ./drivers/fsl_clock.o
 .data.SystemCoreClock
                0x1ffff088        0x4 ./CMSIS/system_MKL25Z4.o
                0x1ffff088                SystemCoreClock
                0x1ffff08c                        . = ALIGN (0x4)
                0x1ffff08c                        _edata = .
                [!provide]                        PROVIDE (__end_data_RAM = .)
                [!provide]                        PROVIDE (__end_data_SRAM = .)

.igot.plt       0x1ffff08c        0x0 load address 0x0000ac68
 .igot.plt      0x1ffff08c        0x0 ./utilities/fsl_debug_console.o

.bss            0x1ffff090      0x248
                0x1ffff090                        _bss = .
                [!provide]                        PROVIDE (__start_bss_RAM = .)
                [!provide]                        PROVIDE (__start_bss_SRAM = .)
 *(SORT_BY_ALIGNMENT(.bss*))
 .bss.hyperdisplayDefaultWindow
                0x1ffff090       0x60 ./source/hyperdisplay.o
                0x1ffff090                hyperdisplayDefaultWindow
 .bss.s_debugConsole
                0x1ffff0f0       0x10 ./utilities/fsl_debug_console.o
 .bss.g_tft     0x1ffff100       0x60 ./source/MKL25Z4_Project_SparkfunTFTHyperDisplayConfigure.o
 .bss.g_colorGreen
                0x1ffff160        0x3 ./source/MKL25Z4_Project_SparkfunTFTHyperDisplayConfigure.o
 *fill*         0x1ffff163        0x1 
 .bss.g_colorRed
                0x1ffff164        0x3 ./source/MKL25Z4_Project_SparkfunTFTHyperDisplayConfigure.o
 *fill*         0x1ffff167        0x1 
 .bss.g_colorWhite
                0x1ffff168        0x3 ./source/MKL25Z4_Project_SparkfunTFTHyperDisplayConfigure.o
 *fill*         0x1ffff16b        0x1 
 .bss.g_colorBlack
                0x1ffff16c        0x3 ./source/MKL25Z4_Project_SparkfunTFTHyperDisplayConfigure.o
 *fill*         0x1ffff16f        0x1 
 .bss.hyperdisplayDefaultCharacter
                0x1ffff170       0x18 ./source/hyperdisplay.o
                0x1ffff170                hyperdisplayDefaultCharacter
 .bss.hyperdisplayDefaultXloc
                0x1ffff188       0x28 ./source/hyperdisplay.o
 .bss.hyperdisplayDefaultYloc
                0x1ffff1b0       0x28 ./source/hyperdisplay.o
 .bss.g_xtal0Freq
                0x1ffff1d8        0x4 ./drivers/fsl_clock.o
                0x1ffff1d8                g_xtal0Freq
 .bss.g_xtal32Freq
                0x1ffff1dc        0x4 ./drivers/fsl_clock.o
                0x1ffff1dc                g_xtal32Freq
 .bss.s_i2cHandle
                0x1ffff1e0        0x8 ./drivers/fsl_i2c.o
 .bss.s_i2cMasterIsr
                0x1ffff1e8        0x4 ./drivers/fsl_i2c.o
 .bss.s_i2cSlaveIsr
                0x1ffff1ec        0x4 ./drivers/fsl_i2c.o
 .bss.s_lpsciHandle
                0x1ffff1f0        0x4 ./drivers/fsl_lpsci.o
 .bss.s_lpsciIsr
                0x1ffff1f4        0x4 ./drivers/fsl_lpsci.o
 .bss.s_spiHandle
                0x1ffff1f8        0x8 ./drivers/fsl_spi.o
 .bss.s_spiMasterIsr
                0x1ffff200        0x4 ./drivers/fsl_spi.o
 .bss.s_spiSlaveIsr
                0x1ffff204        0x4 ./drivers/fsl_spi.o
 .bss.s_uartHandle
                0x1ffff208        0xc ./drivers/fsl_uart.o
 .bss.s_uartIsr
                0x1ffff214        0x4 ./drivers/fsl_uart.o
 .bss.errno     0x1ffff218        0x4 d:/mcuxpressoide_11.9.0_2144/ide/plugins/com.nxp.mcuxpresso.tools.win32_11.9.0.202307121226/tools/bin/../lib/gcc/arm-none-eabi/12.3.1/../../../../arm-none-eabi/lib/thumb/v6-m/nofp\libcr_c.a(errno.o)
                0x1ffff218                errno
 .bss.__Ciob    0x1ffff21c       0xb4 d:/mcuxpressoide_11.9.0_2144/ide/plugins/com.nxp.mcuxpresso.tools.win32_11.9.0.202307121226/tools/bin/../lib/gcc/arm-none-eabi/12.3.1/../../../../arm-none-eabi/lib/thumb/v6-m/nofp\libcr_nohost_nf.a(__ciob.o)
                0x1ffff21c                __Ciob
 .bss.g_previousNeedleDx
                0x1ffff2d0        0x2 ./source/MKL25Z4_Project_SparkfunTFTHyperDisplayConfigure.o
 .bss.g_previousNeedleDy
                0x1ffff2d2        0x2 ./source/MKL25Z4_Project_SparkfunTFTHyperDisplayConfigure.o
 .bss.g_previousNeedleValid
                0x1ffff2d4        0x1 ./source/MKL25Z4_Project_SparkfunTFTHyperDisplayConfigure.o
 *(SORT_BY_ALIGNMENT(COMMON))
                0x1ffff2d8                        . = ALIGN (0x4)
 *fill*         0x1ffff2d5        0x3 
                0x1ffff2d8                        _ebss = .
                [!provide]                        PROVIDE (__end_bss_RAM = .)
                [!provide]                        PROVIDE (__end_bss_SRAM = .)
                [!provide]                        PROVIDE (end = .)

.noinit         0x1ffff2d8        0x0
                0x1ffff2d8                        _noinit = .
                [!provide]                        PROVIDE (__start_noinit_RAM = .)
                [!provide]                        PROVIDE (__start_noinit_SRAM = .)
 *(SORT_BY_ALIGNMENT(.noinit*))
                0x1ffff2d8                        . = ALIGN (0x4)
                0x1ffff2d8                        _end_noinit = .
                [!provide]                        PROVIDE (__end_noinit_RAM = .)
                [!provide]                        PROVIDE (__end_noinit_SRAM = .)
                0x00000400                        _HeapSize = 0x400

.heap           0x1ffff2d8      0x400
                0x1ffff2d8                        _pvHeapStart = .
                0x1ffff6d8                        . = (. + _HeapSize)
 *fill*         0x1ffff2d8      0x400 
                0x1ffff6d8                        . = ALIGN (0x4)
                0x1ffff6d8                        _pvHeapLimit = .
                0x00000400                        _StackSize = 0x400

.heap2stackfill
                0x1ffff6d8      0x400
                0x1ffffad8                        . = (. + _StackSize)
 *fill*         0x1ffff6d8      0x400 

.stack          0x20002c00        0x0
                0x20002c00                        _vStackBase = .
                0x20002c00                        . = ALIGN (0x4)
                0x20003000                        _vStackTop = (. + _StackSize)
                0x00000000                        _image_start = LOADADDR (.text)
                0x0000ac68                        _image_end = (LOADADDR (.data) + SIZEOF (.data))
                0x0000ac68                        _image_size = (_image_end - _image_start)
OUTPUT(MKL25Z4_Project_SparkfunTFTHyperDisplayConfigure.axf elf32-littlearm)
LOAD linker stubs

.debug_info     0x00000000    0x19f32
 .debug_info    0x00000000      0xf55 ./utilities/fsl_debug_console.o
 .debug_info    0x00000f55      0x68b ./startup/startup_mkl25z4.o
 .debug_info    0x000015e0     0x24f8 ./source/HyperDisplay_ILI9163C.o
 .debug_info    0x00003ad8     0x12b8 ./source/HyperDisplay_KWH018ST01_4WSPI.o
 .debug_info    0x00004d90     0x1e48 ./source/MKL25Z4_Project_SparkfunTFTHyperDisplayConfigure.o
 .debug_info    0x00006bd8      0xa0f ./source/compass.o
 .debug_info    0x000075e7     0x24cb ./source/hyperdisplay.o
 .debug_info    0x00009ab2       0x53 ./source/mtb.o
 .debug_info    0x00009b05       0x3c ./source/semihost_hardfault.o
 .debug_info    0x00009b41     0x1a79 ./drivers/fsl_clock.o
 .debug_info    0x0000b5ba      0x40a ./drivers/fsl_common.o
 .debug_info    0x0000b9c4      0x529 ./drivers/fsl_gpio.o
 .debug_info    0x0000beed     0x1a7d ./drivers/fsl_i2c.o
 .debug_info    0x0000d96a     0x144c ./drivers/fsl_lpsci.o
 .debug_info    0x0000edb6     0x13f4 ./drivers/fsl_spi.o
 .debug_info    0x000101aa     0x13ed ./drivers/fsl_uart.o
 .debug_info    0x00011597      0x3de ./board/board.o
 .debug_info    0x00011975      0xba5 ./board/clock_config.o
 .debug_info    0x0001251a      0x547 ./board/pin_mux.o
 .debug_info    0x00012a61      0x401 ./CMSIS/system_MKL25Z4.o
 .debug_info    0x00012e62       0x85 d:/mcuxpressoide_11.9.0_2144/ide/plugins/com.nxp.mcuxpresso.tools.win32_11.9.0.202307121226/tools/bin/../lib/gcc/arm-none-eabi/12.3.1/../../../../arm-none-eabi/lib/thumb/v6-m/nofp\libcr_nohost_nf.a(_cr__main.o)
 .debug_info    0x00012ee7      0x1a1 d:/mcuxpressoide_11.9.0_2144/ide/plugins/com.nxp.mcuxpresso.tools.win32_11.9.0.202307121226/tools/bin/../lib/gcc/arm-none-eabi/12.3.1/../../../../arm-none-eabi/lib/thumb/v6-m/nofp\libcr_c.a(atan2f.o)
 .debug_info    0x00013088      0x239 d:/mcuxpressoide_11.9.0_2144/ide/plugins/com.nxp.mcuxpresso.tools.win32_11.9.0.202307121226/tools/bin/../lib/gcc/arm-none-eabi/12.3.1/../../../../arm-none-eabi/lib/thumb/v6-m/nofp\libcr_c.a(atanf.o)
 .debug_info    0x000132c1       0x8f d:/mcuxpressoide_11.9.0_2144/ide/plugins/com.nxp.mcuxpresso.tools.win32_11.9.0.202307121226/tools/bin/../lib/gcc/arm-none-eabi/12.3.1/../../../../arm-none-eabi/lib/thumb/v6-m/nofp\libcr_c.a(fabsf.o)
 .debug_info    0x00013350      0x119 d:/mcuxpressoide_11.9.0_2144/ide/plugins/com.nxp.mcuxpresso.tools.win32_11.9.0.202307121226/tools/bin/../lib/gcc/arm-none-eabi/12.3.1/../../../../arm-none-eabi/lib/thumb/v6-m/nofp\libcr_c.a(memcpy.o)
 .debug_info    0x00013469       0xe3 d:/mcuxpressoide_11.9.0_2144/ide/plugins/com.nxp.mcuxpresso.tools.win32_11.9.0.202307121226/tools/bin/../lib/gcc/arm-none-eabi/12.3.1/../../../../arm-none-eabi/lib/thumb/v6-m/nofp\libcr_c.a(memset.o)
 .debug_info    0x0001354c      0x50c d:/mcuxpressoide_11.9.0_2144/ide/plugins/com.nxp.mcuxpresso.tools.win32_11.9.0.202307121226/tools/bin/../lib/gcc/arm-none-eabi/12.3.1/../../../../arm-none-eabi/lib/thumb/v6-m/nofp\libcr_c.a(alloc.o)
 .debug_info    0x00013a58       0x44 d:/mcuxpressoide_11.9.0_2144/ide/plugins/com.nxp.mcuxpresso.tools.win32_11.9.0.202307121226/tools/bin/../lib/gcc/arm-none-eabi/12.3.1/../../../../arm-none-eabi/lib/thumb/v6-m/nofp\libcr_c.a(errno.o)
 .debug_info    0x00013a9c      0x353 d:/mcuxpressoide_11.9.0_2144/ide/plugins/com.nxp.mcuxpresso.tools.win32_11.9.0.202307121226/tools/bin/../lib/gcc/arm-none-eabi/12.3.1/../../../../arm-none-eabi/lib/thumb/v6-m/nofp\libcr_c.a(initio.o)
 .debug_info    0x00013def      0x1f6 d:/mcuxpressoide_11.9.0_2144/ide/plugins/com.nxp.mcuxpresso.tools.win32_11.9.0.202307121226/tools/bin/../lib/gcc/arm-none-eabi/12.3.1/../../../../arm-none-eabi/lib/thumb/v6-m/nofp\libcr_c.a(setvbuf.o)
 .debug_info    0x00013fe5      0x4e2 d:/mcuxpressoide_11.9.0_2144/ide/plugins/com.nxp.mcuxpresso.tools.win32_11.9.0.202307121226/tools/bin/../lib/gcc/arm-none-eabi/12.3.1/../../../../arm-none-eabi/lib/thumb/v6-m/nofp\libcr_c.a(stdlib.o)
 .debug_info    0x000144c7       0xd6 d:/mcuxpressoide_11.9.0_2144/ide/plugins/com.nxp.mcuxpresso.tools.win32_11.9.0.202307121226/tools/bin/../lib/gcc/arm-none-eabi/12.3.1/../../../../arm-none-eabi/lib/thumb/v6-m/nofp\libcr_c.a(strlen.o)
 .debug_info    0x0001459d      0x244 d:/mcuxpressoide_11.9.0_2144/ide/plugins/com.nxp.mcuxpresso.tools.win32_11.9.0.202307121226/tools/bin/../lib/gcc/arm-none-eabi/12.3.1/../../../../arm-none-eabi/lib/thumb/v6-m/nofp\libcr_c.a(_fdopen.o)
 .debug_info    0x000147e1      0x31e d:/mcuxpressoide_11.9.0_2144/ide/plugins/com.nxp.mcuxpresso.tools.win32_11.9.0.202307121226/tools/bin/../lib/gcc/arm-none-eabi/12.3.1/../../../../arm-none-eabi/lib/thumb/v6-m/nofp\libcr_c.a(fclose.o)
 .debug_info    0x00014aff      0x203 d:/mcuxpressoide_11.9.0_2144/ide/plugins/com.nxp.mcuxpresso.tools.win32_11.9.0.202307121226/tools/bin/../lib/gcc/arm-none-eabi/12.3.1/../../../../arm-none-eabi/lib/thumb/v6-m/nofp\libcr_c.a(fflush.o)
 .debug_info    0x00014d02      0x278 d:/mcuxpressoide_11.9.0_2144/ide/plugins/com.nxp.mcuxpresso.tools.win32_11.9.0.202307121226/tools/bin/../lib/gcc/arm-none-eabi/12.3.1/../../../../arm-none-eabi/lib/thumb/v6-m/nofp\libcr_c.a(fseek.o)
 .debug_info    0x00014f7a      0x190 d:/mcuxpressoide_11.9.0_2144/ide/plugins/com.nxp.mcuxpresso.tools.win32_11.9.0.202307121226/tools/bin/../lib/gcc/arm-none-eabi/12.3.1/../../../../arm-none-eabi/lib/thumb/v6-m/nofp\libcr_c.a(ftell.o)
 .debug_info    0x0001510a      0x1c9 d:/mcuxpressoide_11.9.0_2144/ide/plugins/com.nxp.mcuxpresso.tools.win32_11.9.0.202307121226/tools/bin/../lib/gcc/arm-none-eabi/12.3.1/../../../../arm-none-eabi/lib/thumb/v6-m/nofp\libcr_c.a(remove.o)
 .debug_info    0x000152d3      0x23a d:/mcuxpressoide_11.9.0_2144/ide/plugins/com.nxp.mcuxpresso.tools.win32_11.9.0.202307121226/tools/bin/../lib/gcc/arm-none-eabi/12.3.1/../../../../arm-none-eabi/lib/thumb/v6-m/nofp\libcr_c.a(_do_fflush.o)
 .debug_info    0x0001550d      0x1e3 d:/mcuxpressoide_11.9.0_2144/ide/plugins/com.nxp.mcuxpresso.tools.win32_11.9.0.202307121226/tools/bin/../lib/gcc/arm-none-eabi/12.3.1/../../../../arm-none-eabi/lib/thumb/v6-m/nofp\libcr_c.a(_fflush.o)
 .debug_info    0x000156f0      0x283 d:/mcuxpressoide_11.9.0_2144/ide/plugins/com.nxp.mcuxpresso.tools.win32_11.9.0.202307121226/tools/bin/../lib/gcc/arm-none-eabi/12.3.1/../../../../arm-none-eabi/lib/thumb/v6-m/nofp\libcr_c.a(_writebuf.o)
 .debug_info    0x00015973      0x35d d:/mcuxpressoide_11.9.0_2144/ide/plugins/com.nxp.mcuxpresso.tools.win32_11.9.0.202307121226/tools/bin/../lib/gcc/arm-none-eabi/12.3.1/../../../../arm-none-eabi/lib/thumb/v6-m/nofp\libcr_c.a(_deferredlazyseek.o)
 .debug_info    0x00015cd0     0x229a d:/mcuxpressoide_11.9.0_2144/ide/plugins/com.nxp.mcuxpresso.tools.win32_11.9.0.202307121226/tools/bin/../lib/gcc/arm-none-eabi/12.3.1/thumb/v6-m/nofp\libcr_eabihelpers.a(double.o)
 .debug_info    0x00017f6a     0x1b39 d:/mcuxpressoide_11.9.0_2144/ide/plugins/com.nxp.mcuxpresso.tools.win32_11.9.0.202307121226/tools/bin/../lib/gcc/arm-none-eabi/12.3.1/thumb/v6-m/nofp\libcr_eabihelpers.a(float.o)
 .debug_info    0x00019aa3      0x18b d:/mcuxpressoide_11.9.0_2144/ide/plugins/com.nxp.mcuxpresso.tools.win32_11.9.0.202307121226/tools/bin/../lib/gcc/arm-none-eabi/12.3.1/../../../../arm-none-eabi/lib/thumb/v6-m/nofp\libcr_nohost_nf.a(__ciob.o)
 .debug_info    0x00019c2e       0x5c d:/mcuxpressoide_11.9.0_2144/ide/plugins/com.nxp.mcuxpresso.tools.win32_11.9.0.202307121226/tools/bin/../lib/gcc/arm-none-eabi/12.3.1/../../../../arm-none-eabi/lib/thumb/v6-m/nofp\libcr_nohost_nf.a(__sys_close.o)
 .debug_info    0x00019c8a       0x5c d:/mcuxpressoide_11.9.0_2144/ide/plugins/com.nxp.mcuxpresso.tools.win32_11.9.0.202307121226/tools/bin/../lib/gcc/arm-none-eabi/12.3.1/../../../../arm-none-eabi/lib/thumb/v6-m/nofp\libcr_nohost_nf.a(__sys_flen.o)
 .debug_info    0x00019ce6       0x5c d:/mcuxpressoide_11.9.0_2144/ide/plugins/com.nxp.mcuxpresso.tools.win32_11.9.0.202307121226/tools/bin/../lib/gcc/arm-none-eabi/12.3.1/../../../../arm-none-eabi/lib/thumb/v6-m/nofp\libcr_nohost_nf.a(__sys_istty.o)
 .debug_info    0x00019d42       0x7c d:/mcuxpressoide_11.9.0_2144/ide/plugins/com.nxp.mcuxpresso.tools.win32_11.9.0.202307121226/tools/bin/../lib/gcc/arm-none-eabi/12.3.1/../../../../arm-none-eabi/lib/thumb/v6-m/nofp\libcr_nohost_nf.a(__sys_remove.o)
 .debug_info    0x00019dbe       0x6a d:/mcuxpressoide_11.9.0_2144/ide/plugins/com.nxp.mcuxpresso.tools.win32_11.9.0.202307121226/tools/bin/../lib/gcc/arm-none-eabi/12.3.1/../../../../arm-none-eabi/lib/thumb/v6-m/nofp\libcr_nohost_nf.a(__sys_seek.o)
 .debug_info    0x00019e28       0x85 d:/mcuxpressoide_11.9.0_2144/ide/plugins/com.nxp.mcuxpresso.tools.win32_11.9.0.202307121226/tools/bin/../lib/gcc/arm-none-eabi/12.3.1/../../../../arm-none-eabi/lib/thumb/v6-m/nofp\libcr_nohost_nf.a(__sys_tmpnam.o)
 .debug_info    0x00019ead       0x85 d:/mcuxpressoide_11.9.0_2144/ide/plugins/com.nxp.mcuxpresso.tools.win32_11.9.0.202307121226/tools/bin/../lib/gcc/arm-none-eabi/12.3.1/../../../../arm-none-eabi/lib/thumb/v6-m/nofp\libcr_nohost_nf.a(__sys_write.o)

.debug_abbrev   0x00000000     0x4fe4
 .debug_abbrev  0x00000000      0x2fd ./utilities/fsl_debug_console.o
 .debug_abbrev  0x000002fd      0x17a ./startup/startup_mkl25z4.o
 .debug_abbrev  0x00000477      0x373 ./source/HyperDisplay_ILI9163C.o
 .debug_abbrev  0x000007ea      0x305 ./source/HyperDisplay_KWH018ST01_4WSPI.o
 .debug_abbrev  0x00000aef      0x314 ./source/MKL25Z4_Project_SparkfunTFTHyperDisplayConfigure.o
 .debug_abbrev  0x00000e03      0x290 ./source/compass.o
 .debug_abbrev  0x00001093      0x2d3 ./source/hyperdisplay.o
 .debug_abbrev  0x00001366       0x46 ./source/mtb.o
 .debug_abbrev  0x000013ac       0x31 ./source/semihost_hardfault.o
 .debug_abbrev  0x000013dd      0x376 ./drivers/fsl_clock.o
 .debug_abbrev  0x00001753      0x27e ./drivers/fsl_common.o
 .debug_abbrev  0x000019d1      0x1a5 ./drivers/fsl_gpio.o
 .debug_abbrev  0x00001b76      0x36b ./drivers/fsl_i2c.o
 .debug_abbrev  0x00001ee1      0x306 ./drivers/fsl_lpsci.o
 .debug_abbrev  0x000021e7      0x320 ./drivers/fsl_spi.o
 .debug_abbrev  0x00002507      0x320 ./drivers/fsl_uart.o
 .debug_abbrev  0x00002827      0x14e ./board/board.o
 .debug_abbrev  0x00002975      0x234 ./board/clock_config.o
 .debug_abbrev  0x00002ba9      0x189 ./board/pin_mux.o
 .debug_abbrev  0x00002d32      0x12e ./CMSIS/system_MKL25Z4.o
 .debug_abbrev  0x00002e60       0x62 d:/mcuxpressoide_11.9.0_2144/ide/plugins/com.nxp.mcuxpresso.tools.win32_11.9.0.202307121226/tools/bin/../lib/gcc/arm-none-eabi/12.3.1/../../../../arm-none-eabi/lib/thumb/v6-m/nofp\libcr_nohost_nf.a(_cr__main.o)
 .debug_abbrev  0x00002ec2       0xc5 d:/mcuxpressoide_11.9.0_2144/ide/plugins/com.nxp.mcuxpresso.tools.win32_11.9.0.202307121226/tools/bin/../lib/gcc/arm-none-eabi/12.3.1/../../../../arm-none-eabi/lib/thumb/v6-m/nofp\libcr_c.a(atan2f.o)
 .debug_abbrev  0x00002f87       0xf4 d:/mcuxpressoide_11.9.0_2144/ide/plugins/com.nxp.mcuxpresso.tools.win32_11.9.0.202307121226/tools/bin/../lib/gcc/arm-none-eabi/12.3.1/../../../../arm-none-eabi/lib/thumb/v6-m/nofp\libcr_c.a(atanf.o)
 .debug_abbrev  0x0000307b       0x74 d:/mcuxpressoide_11.9.0_2144/ide/plugins/com.nxp.mcuxpresso.tools.win32_11.9.0.202307121226/tools/bin/../lib/gcc/arm-none-eabi/12.3.1/../../../../arm-none-eabi/lib/thumb/v6-m/nofp\libcr_c.a(fabsf.o)
 .debug_abbrev  0x000030ef       0xb3 d:/mcuxpressoide_11.9.0_2144/ide/plugins/com.nxp.mcuxpresso.tools.win32_11.9.0.202307121226/tools/bin/../lib/gcc/arm-none-eabi/12.3.1/../../../../arm-none-eabi/lib/thumb/v6-m/nofp\libcr_c.a(memcpy.o)
 .debug_abbrev  0x000031a2       0xa5 d:/mcuxpressoide_11.9.0_2144/ide/plugins/com.nxp.mcuxpresso.tools.win32_11.9.0.202307121226/tools/bin/../lib/gcc/arm-none-eabi/12.3.1/../../../../arm-none-eabi/lib/thumb/v6-m/nofp\libcr_c.a(memset.o)
 .debug_abbrev  0x00003247      0x27b d:/mcuxpressoide_11.9.0_2144/ide/plugins/com.nxp.mcuxpresso.tools.win32_11.9.0.202307121226/tools/bin/../lib/gcc/arm-none-eabi/12.3.1/../../../../arm-none-eabi/lib/thumb/v6-m/nofp\libcr_c.a(alloc.o)
 .debug_abbrev  0x000034c2       0x44 d:/mcuxpressoide_11.9.0_2144/ide/plugins/com.nxp.mcuxpresso.tools.win32_11.9.0.202307121226/tools/bin/../lib/gcc/arm-none-eabi/12.3.1/../../../../arm-none-eabi/lib/thumb/v6-m/nofp\libcr_c.a(errno.o)
 .debug_abbrev  0x00003506      0x14b d:/mcuxpressoide_11.9.0_2144/ide/plugins/com.nxp.mcuxpresso.tools.win32_11.9.0.202307121226/tools/bin/../lib/gcc/arm-none-eabi/12.3.1/../../../../arm-none-eabi/lib/thumb/v6-m/nofp\libcr_c.a(initio.o)
 .debug_abbrev  0x00003651       0xe1 d:/mcuxpressoide_11.9.0_2144/ide/plugins/com.nxp.mcuxpresso.tools.win32_11.9.0.202307121226/tools/bin/../lib/gcc/arm-none-eabi/12.3.1/../../../../arm-none-eabi/lib/thumb/v6-m/nofp\libcr_c.a(setvbuf.o)
 .debug_abbrev  0x00003732      0x2a6 d:/mcuxpressoide_11.9.0_2144/ide/plugins/com.nxp.mcuxpresso.tools.win32_11.9.0.202307121226/tools/bin/../lib/gcc/arm-none-eabi/12.3.1/../../../../arm-none-eabi/lib/thumb/v6-m/nofp\libcr_c.a(stdlib.o)
 .debug_abbrev  0x000039d8       0xa5 d:/mcuxpressoide_11.9.0_2144/ide/plugins/com.nxp.mcuxpresso.tools.win32_11.9.0.202307121226/tools/bin/../lib/gcc/arm-none-eabi/12.3.1/../../../../arm-none-eabi/lib/thumb/v6-m/nofp\libcr_c.a(strlen.o)
 .debug_abbrev  0x00003a7d      0x119 d:/mcuxpressoide_11.9.0_2144/ide/plugins/com.nxp.mcuxpresso.tools.win32_11.9.0.202307121226/tools/bin/../lib/gcc/arm-none-eabi/12.3.1/../../../../arm-none-eabi/lib/thumb/v6-m/nofp\libcr_c.a(_fdopen.o)
 .debug_abbrev  0x00003b96      0x158 d:/mcuxpressoide_11.9.0_2144/ide/plugins/com.nxp.mcuxpresso.tools.win32_11.9.0.202307121226/tools/bin/../lib/gcc/arm-none-eabi/12.3.1/../../../../arm-none-eabi/lib/thumb/v6-m/nofp\libcr_c.a(fclose.o)
 .debug_abbrev  0x00003cee      0x122 d:/mcuxpressoide_11.9.0_2144/ide/plugins/com.nxp.mcuxpresso.tools.win32_11.9.0.202307121226/tools/bin/../lib/gcc/arm-none-eabi/12.3.1/../../../../arm-none-eabi/lib/thumb/v6-m/nofp\libcr_c.a(fflush.o)
 .debug_abbrev  0x00003e10      0x11b d:/mcuxpressoide_11.9.0_2144/ide/plugins/com.nxp.mcuxpresso.tools.win32_11.9.0.202307121226/tools/bin/../lib/gcc/arm-none-eabi/12.3.1/../../../../arm-none-eabi/lib/thumb/v6-m/nofp\libcr_c.a(fseek.o)
 .debug_abbrev  0x00003f2b       0xc2 d:/mcuxpressoide_11.9.0_2144/ide/plugins/com.nxp.mcuxpresso.tools.win32_11.9.0.202307121226/tools/bin/../lib/gcc/arm-none-eabi/12.3.1/../../../../arm-none-eabi/lib/thumb/v6-m/nofp\libcr_c.a(ftell.o)
 .debug_abbrev  0x00003fed       0xed d:/mcuxpressoide_11.9.0_2144/ide/plugins/com.nxp.mcuxpresso.tools.win32_11.9.0.202307121226/tools/bin/../lib/gcc/arm-none-eabi/12.3.1/../../../../arm-none-eabi/lib/thumb/v6-m/nofp\libcr_c.a(remove.o)
 .debug_abbrev  0x000040da      0x12c d:/mcuxpressoide_11.9.0_2144/ide/plugins/com.nxp.mcuxpresso.tools.win32_11.9.0.202307121226/tools/bin/../lib/gcc/arm-none-eabi/12.3.1/../../../../arm-none-eabi/lib/thumb/v6-m/nofp\libcr_c.a(_do_fflush.o)
 .debug_abbrev  0x00004206       0xf1 d:/mcuxpressoide_11.9.0_2144/ide/plugins/com.nxp.mcuxpresso.tools.win32_11.9.0.202307121226/tools/bin/../lib/gcc/arm-none-eabi/12.3.1/../../../../arm-none-eabi/lib/thumb/v6-m/nofp\libcr_c.a(_fflush.o)
 .debug_abbrev  0x000042f7      0x126 d:/mcuxpressoide_11.9.0_2144/ide/plugins/com.nxp.mcuxpresso.tools.win32_11.9.0.202307121226/tools/bin/../lib/gcc/arm-none-eabi/12.3.1/../../../../arm-none-eabi/lib/thumb/v6-m/nofp\libcr_c.a(_writebuf.o)
 .debug_abbrev  0x0000441d      0x147 d:/mcuxpressoide_11.9.0_2144/ide/plugins/com.nxp.mcuxpresso.tools.win32_11.9.0.202307121226/tools/bin/../lib/gcc/arm-none-eabi/12.3.1/../../../../arm-none-eabi/lib/thumb/v6-m/nofp\libcr_c.a(_deferredlazyseek.o)
 .debug_abbrev  0x00004564      0x391 d:/mcuxpressoide_11.9.0_2144/ide/plugins/com.nxp.mcuxpresso.tools.win32_11.9.0.202307121226/tools/bin/../lib/gcc/arm-none-eabi/12.3.1/thumb/v6-m/nofp\libcr_eabihelpers.a(double.o)
 .debug_abbrev  0x000048f5      0x37c d:/mcuxpressoide_11.9.0_2144/ide/plugins/com.nxp.mcuxpresso.tools.win32_11.9.0.202307121226/tools/bin/../lib/gcc/arm-none-eabi/12.3.1/thumb/v6-m/nofp\libcr_eabihelpers.a(float.o)
 .debug_abbrev  0x00004c71       0xb5 d:/mcuxpressoide_11.9.0_2144/ide/plugins/com.nxp.mcuxpresso.tools.win32_11.9.0.202307121226/tools/bin/../lib/gcc/arm-none-eabi/12.3.1/../../../../arm-none-eabi/lib/thumb/v6-m/nofp\libcr_nohost_nf.a(__ciob.o)
 .debug_abbrev  0x00004d26       0x51 d:/mcuxpressoide_11.9.0_2144/ide/plugins/com.nxp.mcuxpresso.tools.win32_11.9.0.202307121226/tools/bin/../lib/gcc/arm-none-eabi/12.3.1/../../../../arm-none-eabi/lib/thumb/v6-m/nofp\libcr_nohost_nf.a(__sys_close.o)
 .debug_abbrev  0x00004d77       0x51 d:/mcuxpressoide_11.9.0_2144/ide/plugins/com.nxp.mcuxpresso.tools.win32_11.9.0.202307121226/tools/bin/../lib/gcc/arm-none-eabi/12.3.1/../../../../arm-none-eabi/lib/thumb/v6-m/nofp\libcr_nohost_nf.a(__sys_flen.o)
 .debug_abbrev  0x00004dc8       0x51 d:/mcuxpressoide_11.9.0_2144/ide/plugins/com.nxp.mcuxpresso.tools.win32_11.9.0.202307121226/tools/bin/../lib/gcc/arm-none-eabi/12.3.1/../../../../arm-none-eabi/lib/thumb/v6-m/nofp\libcr_nohost_nf.a(__sys_istty.o)
 .debug_abbrev  0x00004e19       0x7d d:/mcuxpressoide_11.9.0_2144/ide/plugins/com.nxp.mcuxpresso.tools.win32_11.9.0.202307121226/tools/bin/../lib/gcc/arm-none-eabi/12.3.1/../../../../arm-none-eabi/lib/thumb/v6-m/nofp\libcr_nohost_nf.a(__sys_remove.o)
 .debug_abbrev  0x00004e96       0x62 d:/mcuxpressoide_11.9.0_2144/ide/plugins/com.nxp.mcuxpresso.tools.win32_11.9.0.202307121226/tools/bin/../lib/gcc/arm-none-eabi/12.3.1/../../../../arm-none-eabi/lib/thumb/v6-m/nofp\libcr_nohost_nf.a(__sys_seek.o)
 .debug_abbrev  0x00004ef8       0x76 d:/mcuxpressoide_11.9.0_2144/ide/plugins/com.nxp.mcuxpresso.tools.win32_11.9.0.202307121226/tools/bin/../lib/gcc/arm-none-eabi/12.3.1/../../../../arm-none-eabi/lib/thumb/v6-m/nofp\libcr_nohost_nf.a(__sys_tmpnam.o)
 .debug_abbrev  0x00004f6e       0x76 d:/mcuxpressoide_11.9.0_2144/ide/plugins/com.nxp.mcuxpresso.tools.win32_11.9.0.202307121226/tools/bin/../lib/gcc/arm-none-eabi/12.3.1/../../../../arm-none-eabi/lib/thumb/v6-m/nofp\libcr_nohost_nf.a(__sys_write.o)

.debug_aranges  0x00000000     0x1618
 .debug_aranges
                0x00000000       0x90 ./utilities/fsl_debug_console.o
 .debug_aranges
                0x00000090      0x160 ./startup/startup_mkl25z4.o
 .debug_aranges
                0x000001f0      0x1f8 ./source/HyperDisplay_ILI9163C.o
 .debug_aranges
                0x000003e8       0x78 ./source/HyperDisplay_KWH018ST01_4WSPI.o
 .debug_aranges
                0x00000460       0xe0 ./source/MKL25Z4_Project_SparkfunTFTHyperDisplayConfigure.o
 .debug_aranges
                0x00000540       0xb0 ./source/compass.o
 .debug_aranges
                0x000005f0      0x1c0 ./source/hyperdisplay.o
 .debug_aranges
                0x000007b0       0x18 ./source/mtb.o
 .debug_aranges
                0x000007c8       0x20 ./source/semihost_hardfault.o
 .debug_aranges
                0x000007e8      0x1d8 ./drivers/fsl_clock.o
 .debug_aranges
                0x000009c0       0x38 ./drivers/fsl_common.o
 .debug_aranges
                0x000009f8       0x40 ./drivers/fsl_gpio.o
 .debug_aranges
                0x00000a38      0x178 ./drivers/fsl_i2c.o
 .debug_aranges
                0x00000bb0      0x118 ./drivers/fsl_lpsci.o
 .debug_aranges
                0x00000cc8      0x130 ./drivers/fsl_spi.o
 .debug_aranges
                0x00000df8      0x130 ./drivers/fsl_uart.o
 .debug_aranges
                0x00000f28       0x28 ./board/board.o
 .debug_aranges
                0x00000f50       0x58 ./board/clock_config.o
 .debug_aranges
                0x00000fa8       0x38 ./board/pin_mux.o
 .debug_aranges
                0x00000fe0       0x28 ./CMSIS/system_MKL25Z4.o
 .debug_aranges
                0x00001008       0x20 d:/mcuxpressoide_11.9.0_2144/ide/plugins/com.nxp.mcuxpresso.tools.win32_11.9.0.202307121226/tools/bin/../lib/gcc/arm-none-eabi/12.3.1/../../../../arm-none-eabi/lib/thumb/v6-m/nofp\libcr_nohost_nf.a(_cr__main.o)
 .debug_aranges
                0x00001028       0x20 d:/mcuxpressoide_11.9.0_2144/ide/plugins/com.nxp.mcuxpresso.tools.win32_11.9.0.202307121226/tools/bin/../lib/gcc/arm-none-eabi/12.3.1/../../../../arm-none-eabi/lib/thumb/v6-m/nofp\libcr_c.a(atan2f.o)
 .debug_aranges
                0x00001048       0x20 d:/mcuxpressoide_11.9.0_2144/ide/plugins/com.nxp.mcuxpresso.tools.win32_11.9.0.202307121226/tools/bin/../lib/gcc/arm-none-eabi/12.3.1/../../../../arm-none-eabi/lib/thumb/v6-m/nofp\libcr_c.a(atanf.o)
 .debug_aranges
                0x00001068       0x20 d:/mcuxpressoide_11.9.0_2144/ide/plugins/com.nxp.mcuxpresso.tools.win32_11.9.0.202307121226/tools/bin/../lib/gcc/arm-none-eabi/12.3.1/../../../../arm-none-eabi/lib/thumb/v6-m/nofp\libcr_c.a(fabsf.o)
 .debug_aranges
                0x00001088       0x20 d:/mcuxpressoide_11.9.0_2144/ide/plugins/com.nxp.mcuxpresso.tools.win32_11.9.0.202307121226/tools/bin/../lib/gcc/arm-none-eabi/12.3.1/../../../../arm-none-eabi/lib/thumb/v6-m/nofp\libcr_c.a(memcpy.o)
 .debug_aranges
                0x000010a8       0x20 d:/mcuxpressoide_11.9.0_2144/ide/plugins/com.nxp.mcuxpresso.tools.win32_11.9.0.202307121226/tools/bin/../lib/gcc/arm-none-eabi/12.3.1/../../../../arm-none-eabi/lib/thumb/v6-m/nofp\libcr_c.a(memset.o)
 .debug_aranges
                0x000010c8       0x40 d:/mcuxpressoide_11.9.0_2144/ide/plugins/com.nxp.mcuxpresso.tools.win32_11.9.0.202307121226/tools/bin/../lib/gcc/arm-none-eabi/12.3.1/../../../../arm-none-eabi/lib/thumb/v6-m/nofp\libcr_c.a(alloc.o)
 .debug_aranges
                0x00001108       0x18 d:/mcuxpressoide_11.9.0_2144/ide/plugins/com.nxp.mcuxpresso.tools.win32_11.9.0.202307121226/tools/bin/../lib/gcc/arm-none-eabi/12.3.1/../../../../arm-none-eabi/lib/thumb/v6-m/nofp\libcr_c.a(errno.o)
 .debug_aranges
                0x00001120       0x28 d:/mcuxpressoide_11.9.0_2144/ide/plugins/com.nxp.mcuxpresso.tools.win32_11.9.0.202307121226/tools/bin/../lib/gcc/arm-none-eabi/12.3.1/../../../../arm-none-eabi/lib/thumb/v6-m/nofp\libcr_c.a(initio.o)
 .debug_aranges