Archive member included to satisfy reference by file (symbol)

d:/mcuxpressoide_11.9.0_2144/ide/plugins/com.nxp.mcuxpresso.tools.win32_11.9.0.202307121226/tools/bin/../lib/gcc/arm-none-eabi/12.3.1/../../../../arm-none-eabi/lib/thumb/v6-m/nofp\libcr_nohost_nf.a(_cr__main.o)
                              ./startup/startup_mkl25z4.o (__main)
d:/mcuxpressoide_11.9.0_2144/ide/plugins/com.nxp.mcuxpresso.tools.win32_11.9.0.202307121226/tools/bin/../lib/gcc/arm-none-eabi/12.3.1/../../../../arm-none-eabi/lib/thumb/v6-m/nofp\libcr_c.a(memcpy.o)
                              ./drivers/fsl_flash.o (memcpy)
d:/mcuxpressoide_11.9.0_2144/ide/plugins/com.nxp.mcuxpresso.tools.win32_11.9.0.202307121226/tools/bin/../lib/gcc/arm-none-eabi/12.3.1/../../../../arm-none-eabi/lib/thumb/v6-m/nofp\libcr_c.a(memset.o)
                              ./source/MKL25Z4_Project_LockdoorSingleServo.o (memset)
d:/mcuxpressoide_11.9.0_2144/ide/plugins/com.nxp.mcuxpresso.tools.win32_11.9.0.202307121226/tools/bin/../lib/gcc/arm-none-eabi/12.3.1/../../../../arm-none-eabi/lib/thumb/v6-m/nofp\libcr_c.a(initio.o)
                              d:/mcuxpressoide_11.9.0_2144/ide/plugins/com.nxp.mcuxpresso.tools.win32_11.9.0.202307121226/tools/bin/../lib/gcc/arm-none-eabi/12.3.1/../../../../arm-none-eabi/lib/thumb/v6-m/nofp\libcr_nohost_nf.a(_cr__main.o) (_initio)
d:/mcuxpressoide_11.9.0_2144/ide/plugins/com.nxp.mcuxpresso.tools.win32_11.9.0.202307121226/tools/bin/../lib/gcc/arm-none-eabi/12.3.1/../../../../arm-none-eabi/lib/thumb/v6-m/nofp\libcr_c.a(setvbuf.o)
                              d:/mcuxpressoide_11.9.0_2144/ide/plugins/com.nxp.mcuxpresso.tools.win32_11.9.0.202307121226/tools/bin/../lib/gcc/arm-none-eabi/12.3.1/../../../../arm-none-eabi/lib/thumb/v6-m/nofp\libcr_c.a(initio.o) (setvbuf)
d:/mcuxpressoide_11.9.0_2144/ide/plugins/com.nxp.mcuxpresso.tools.win32_11.9.0.202307121226/tools/bin/../lib/gcc/arm-none-eabi/12.3.1/../../../../arm-none-eabi/lib/thumb/v6-m/nofp\libcr_c.a(strlen.o)
                              ./utilities/fsl_debug_console.o (strlen)
d:/mcuxpressoide_11.9.0_2144/ide/plugins/com.nxp.mcuxpresso.tools.win32_11.9.0.202307121226/tools/bin/../lib/gcc/arm-none-eabi/12.3.1/../../../../arm-none-eabi/lib/thumb/v6-m/nofp\libcr_c.a(_fdopen.o)
                              d:/mcuxpressoide_11.9.0_2144/ide/plugins/com.nxp.mcuxpresso.tools.win32_11.9.0.202307121226/tools/bin/../lib/gcc/arm-none-eabi/12.3.1/../../../../arm-none-eabi/lib/thumb/v6-m/nofp\libcr_c.a(initio.o) (_fdopen)
d:/mcuxpressoide_11.9.0_2144/ide/plugins/com.nxp.mcuxpresso.tools.win32_11.9.0.202307121226/tools/bin/../lib/gcc/arm-none-eabi/12.3.1/../../../../arm-none-eabi/lib/thumb/v6-m/nofp\libcr_c.a(fclose.o)
                              d:/mcuxpressoide_11.9.0_2144/ide/plugins/com.nxp.mcuxpresso.tools.win32_11.9.0.202307121226/tools/bin/../lib/gcc/arm-none-eabi/12.3.1/../../../../arm-none-eabi/lib/thumb/v6-m/nofp\libcr_c.a(initio.o) (fclose)
d:/mcuxpressoide_11.9.0_2144/ide/plugins/com.nxp.mcuxpresso.tools.win32_11.9.0.202307121226/tools/bin/../lib/gcc/arm-none-eabi/12.3.1/../../../../arm-none-eabi/lib/thumb/v6-m/nofp\libcr_c.a(fflush.o)
                              d:/mcuxpressoide_11.9.0_2144/ide/plugins/com.nxp.mcuxpresso.tools.win32_11.9.0.202307121226/tools/bin/../lib/gcc/arm-none-eabi/12.3.1/../../../../arm-none-eabi/lib/thumb/v6-m/nofp\libcr_c.a(fclose.o) (fflush)
d:/mcuxpressoide_11.9.0_2144/ide/plugins/com.nxp.mcuxpresso.tools.win32_11.9.0.202307121226/tools/bin/../lib/gcc/arm-none-eabi/12.3.1/../../../../arm-none-eabi/lib/thumb/v6-m/nofp\libcr_c.a(fseek.o)
                              d:/mcuxpressoide_11.9.0_2144/ide/plugins/com.nxp.mcuxpresso.tools.win32_11.9.0.202307121226/tools/bin/../lib/gcc/arm-none-eabi/12.3.1/../../../../arm-none-eabi/lib/thumb/v6-m/nofp\libcr_c.a(_fdopen.o) (fseek)
d:/mcuxpressoide_11.9.0_2144/ide/plugins/com.nxp.mcuxpresso.tools.win32_11.9.0.202307121226/tools/bin/../lib/gcc/arm-none-eabi/12.3.1/../../../../arm-none-eabi/lib/thumb/v6-m/nofp\libcr_c.a(ftell.o)
                              d:/mcuxpressoide_11.9.0_2144/ide/plugins/com.nxp.mcuxpresso.tools.win32_11.9.0.202307121226/tools/bin/../lib/gcc/arm-none-eabi/12.3.1/../../../../arm-none-eabi/lib/thumb/v6-m/nofp\libcr_c.a(fseek.o) (ftell)
d:/mcuxpressoide_11.9.0_2144/ide/plugins/com.nxp.mcuxpresso.tools.win32_11.9.0.202307121226/tools/bin/../lib/gcc/arm-none-eabi/12.3.1/../../../../arm-none-eabi/lib/thumb/v6-m/nofp\libcr_c.a(remove.o)
                              d:/mcuxpressoide_11.9.0_2144/ide/plugins/com.nxp.mcuxpresso.tools.win32_11.9.0.202307121226/tools/bin/../lib/gcc/arm-none-eabi/12.3.1/../../../../arm-none-eabi/lib/thumb/v6-m/nofp\libcr_c.a(fclose.o) (remove)
d:/mcuxpressoide_11.9.0_2144/ide/plugins/com.nxp.mcuxpresso.tools.win32_11.9.0.202307121226/tools/bin/../lib/gcc/arm-none-eabi/12.3.1/../../../../arm-none-eabi/lib/thumb/v6-m/nofp\libcr_c.a(_do_fflush.o)
[...]
Memory Configuration

Name             Origin             Length             Attributes
PROGRAM_FLASH    0x00000000         0x00020000         xr
SRAM             0x1ffff000         0x00004000         xrw
*default*        0x00000000         0xffffffff

Linker script and memory map

LOAD ./utilities/fsl_debug_console.o
LOAD ./startup/startup_mkl25z4.o
LOAD ./source/MKL25Z4_Project_LockdoorSingleServo.o
LOAD ./source/mtb.o
LOAD ./source/semihost_hardfault.o
LOAD ./drivers/fsl_clock.o
LOAD ./drivers/fsl_common.o
LOAD ./drivers/fsl_flash.o
LOAD ./drivers/fsl_gpio.o
LOAD ./drivers/fsl_i2c.o
LOAD ./drivers/fsl_lpsci.o
LOAD ./drivers/fsl_lptmr.o
LOAD ./drivers/fsl_smc.o
LOAD ./drivers/fsl_tpm.o
LOAD ./drivers/fsl_tsi_v4.o
LOAD ./drivers/fsl_uart.o
LOAD ./board/board.o
LOAD ./board/clock_config.o
LOAD ./board/peripherals.o
LOAD ./board/pin_mux.o
LOAD ./CMSIS/system_MKL25Z4.o
START GROUP
LOAD d:/mcuxpressoide_11.9.0_2144/ide/plugins/com.nxp.mcuxpresso.tools.win32_11.9.0.202307121226/tools/bin/../lib/gcc/arm-none-eabi/12.3.1/../../../../arm-none-eabi/lib/thumb/v6-m/nofp\libcr_nohost_nf.a
LOAD d:/mcuxpressoide_11.9.0_2144/ide/plugins/com.nxp.mcuxpresso.tools.win32_11.9.0.202307121226/tools/bin/../lib/gcc/arm-none-eabi/12.3.1/../../../../arm-none-eabi/lib/thumb/v6-m/nofp\libcr_c.a
LOAD d:/mcuxpressoide_11.9.0_2144/ide/plugins/com.nxp.mcuxpresso.tools.win32_11.9.0.202307121226/tools/bin/../lib/gcc/arm-none-eabi/12.3.1/thumb/v6-m/nofp\libcr_eabihelpers.a
LOAD d:/mcuxpressoide_11.9.0_2144/ide/plugins/com.nxp.mcuxpresso.tools.win32_11.9.0.202307121226/tools/bin/../lib/gcc/arm-none-eabi/12.3.1/thumb/v6-m/nofp\libgcc.a
END GROUP
                0x00000000                        __base_PROGRAM_FLASH = 0x0
                0x00000000                        __base_Flash = 0x0
                0x00020000                        __top_PROGRAM_FLASH = 0x20000
                0x00020000                        __top_Flash = 0x20000
                0x1ffff000                        __base_SRAM = 0x1ffff000
                0x1ffff000                        __base_RAM = 0x1ffff000
                0x20003000                        __top_SRAM = 0x20003000
                0x20003000                        __top_RAM = 0x20003000

.text           0x00000000     0x4f14
 FILL mask 0xff
                0x00000000                        __vectors_start__ = ABSOLUTE (.)
 *(SORT_BY_ALIGNMENT(.isr_vector))
 .isr_vector    0x00000000       0xc0 ./startup/startup_mkl25z4.o
                0x00000000                g_pfnVectors
                0x00000000                __Vectors
                0x000000c0                        . = ALIGN (0x4)
                0x000000c0                        __section_table_start = .
                0x000000c0                        __data_section_table = .
                0x000000c0        0x4 LONG 0x4f14 LOADADDR (.data)
                0x000000c4        0x4 LONG 0x1ffff080 ADDR (.data)
                0x000000c8        0x4 LONG 0xc SIZEOF (.data)
                0x000000cc                        __data_section_table_end = .
                0x000000cc                        __bss_section_table = .
                0x000000cc        0x4 LONG 0x1ffff08c ADDR (.bss)
                0x000000d0        0x4 LONG 0x120 SIZEOF (.bss)
                0x000000d4                        __bss_section_table_end = .
                0x000000d4                        __section_table_end = .
 *(SORT_BY_ALIGNMENT(.after_vectors*))
 .after_vectors.reset
                0x000000d4       0x4c ./startup/startup_mkl25z4.o
                0x000000d4                ResetISR
 .after_vectors.init_data
                0x00000120       0x12 ./startup/startup_mkl25z4.o
                0x00000120                data_init
 .after_vectors.init_bss
                0x00000132       0x10 ./startup/startup_mkl25z4.o
                0x00000132                bss_init
 .after_vectors
                0x00000142      0x10c ./startup/startup_mkl25z4.o
                0x00000142                NMI_Handler
                0x00000146                SVC_Handler
                0x00000148                PendSV_Handler
                0x0000014a                SysTick_Handler
                0x0000014c                LPTMR0_DriverIRQHandler
                0x0000014c                Reserved39_DriverIRQHandler
                0x0000014c                DMA0_DriverIRQHandler
                0x0000014c                SPI1_DriverIRQHandler
                0x0000014c                PORTD_DriverIRQHandler
                0x0000014c                DMA2_DriverIRQHandler
                0x0000014c                CMP0_DriverIRQHandler
                0x0000014c                ADC0_DriverIRQHandler
                0x0000014c                TPM2_DriverIRQHandler
                0x0000014c                SPI0_DriverIRQHandler
                0x0000014c                Reserved20_DriverIRQHandler
                0x0000014c                TSI0_DriverIRQHandler
                0x0000014c                RTC_Seconds_DriverIRQHandler
                0x0000014c                DMA1_DriverIRQHandler
                0x0000014c                LLWU_DriverIRQHandler
                0x0000014c                MCG_DriverIRQHandler
                0x0000014c                PIT_DriverIRQHandler
                0x0000014c                RTC_DriverIRQHandler
                0x0000014c                TPM1_DriverIRQHandler
                0x0000014c                FTFA_DriverIRQHandler
                0x0000014c                IntDefaultHandler
                0x0000014c                USB0_DriverIRQHandler
                0x0000014c                DAC0_DriverIRQHandler
                0x0000014c                PORTA_DriverIRQHandler
                0x0000014c                LVD_LVW_DriverIRQHandler
                0x0000014c                TPM0_DriverIRQHandler
                0x0000014c                Reserved45_DriverIRQHandler
                0x0000014c                DMA3_DriverIRQHandler
                0x0000014e                DMA0_IRQHandler
                0x00000156                DMA1_IRQHandler
                0x0000015e                DMA2_IRQHandler
                0x00000166                DMA3_IRQHandler
                0x0000016e                Reserved20_IRQHandler
                0x00000176                FTFA_IRQHandler
                0x0000017e                LVD_LVW_IRQHandler
                0x00000186                LLWU_IRQHandler
                0x0000018e                I2C0_IRQHandler
                0x00000196                I2C1_IRQHandler
                0x0000019e                SPI0_IRQHandler
                0x000001a6                SPI1_IRQHandler
                0x000001ae                UART0_IRQHandler
                0x000001b6                UART1_IRQHandler
                0x000001be                UART2_IRQHandler
                0x000001c6                ADC0_IRQHandler
                0x000001ce                CMP0_IRQHandler
                0x000001d6                TPM0_IRQHandler
                0x000001de                TPM1_IRQHandler
                0x000001e6                TPM2_IRQHandler
                0x000001ee                RTC_IRQHandler
                0x000001f6                RTC_Seconds_IRQHandler
                0x000001fe                PIT_IRQHandler
                0x00000206                Reserved39_IRQHandler
                0x0000020e                USB0_IRQHandler
                0x00000216                DAC0_IRQHandler
                0x00000226                MCG_IRQHandler
                0x0000022e                LPTMR0_IRQHandler
                0x00000236                Reserved45_IRQHandler
                0x0000023e                PORTA_IRQHandler
                0x00000246                PORTD_IRQHandler
                0x00000400                        . = 0x400
 *fill*         0x0000024e      0x1b2 ff
                0x00000400                        PROVIDE (__FLASH_CONFIG_START__ = .)
 *(SORT_BY_ALIGNMENT(.FlashConfig))
 .FlashConfig   0x00000400       0x10 ./startup/startup_mkl25z4.o
                0x00000400                Flash_Config
                0x00000410                        PROVIDE (__FLASH_CONFIG_END__ = .)
                0x00000001                        ASSERT (! ((__FLASH_CONFIG_START__ == __FLASH_CONFIG_END__)), Linker Flash Config Support Enabled, but no .FlashConfig section provided within application)
 *(SORT_BY_ALIGNMENT(.text*))
 .text.DbgConsole_Init
                0x00000410       0xf4 ./utilities/fsl_debug_console.o
                0x00000410                DbgConsole_Init
 .text.DbgConsole_Printf
                0x00000504       0x44 ./utilities/fsl_debug_console.o
                0x00000504                DbgConsole_Printf
 .text.DbgConsole_Putchar
                0x00000548       0x34 ./utilities/fsl_debug_console.o
                0x00000548                DbgConsole_Putchar
 .text.NVIC_EnableIRQ
                0x0000057c       0x2c ./source/MKL25Z4_Project_LockdoorSingleServo.o
 .text.TSI_EnableModule
                0x000005a8       0x40 ./source/MKL25Z4_Project_LockdoorSingleServo.o
 .text.TSI_EnableHardwareTriggerScan
                0x000005e8       0x40 ./source/MKL25Z4_Project_LockdoorSingleServo.o
 .text.TSI_SetMeasuredChannelNumber
                0x00000628       0x40 ./source/MKL25Z4_Project_LockdoorSingleServo.o
 .text.LPTMR_SetTimerPeriod
                0x00000668       0x2c ./source/MKL25Z4_Project_LockdoorSingleServo.o
 .text.delay_us
                0x00000694       0x4c ./source/MKL25Z4_Project_LockdoorSingleServo.o
 .text.pca9685_memWrite
                0x000006e0       0x74 ./source/MKL25Z4_Project_LockdoorSingleServo.o
 .text.pca9685_memRead
                0x00000754       0x74 ./source/MKL25Z4_Project_LockdoorSingleServo.o
 .text.pca9685_init
                0x000007c8       0x6c ./source/MKL25Z4_Project_LockdoorSingleServo.o
 .text.pca9685_setPWMFreq
                0x00000834       0xfc ./source/MKL25Z4_Project_LockdoorSingleServo.o
 .text.TSI0_IRQHandler
                0x00000930       0xb0 ./source/MKL25Z4_Project_LockdoorSingleServo.o
                0x00000930                TSI0_IRQHandler
 .text.main     0x000009e0      0x380 ./source/MKL25Z4_Project_LockdoorSingleServo.o
                0x000009e0                main
 .text.HardFault_Handler
                0x00000d60       0x38 ./source/semihost_hardfault.o
                0x00000d60                HardFault_Handler
 .text.CLOCK_SetEr32kClock
                0x00000d98       0x34 ./drivers/fsl_clock.o
 .text.CLOCK_SetPllFllSelClock
                0x00000dcc       0x38 ./drivers/fsl_clock.o
 .text.CLOCK_GetMcgExtClkFreq
                0x00000e04       0x28 ./drivers/fsl_clock.o
 .text.CLOCK_GetFllExtRefClkFreq
                0x00000e2c       0xa8 ./drivers/fsl_clock.o
 .text.CLOCK_GetInternalRefClkSelectFreq
                0x00000ed4       0x40 ./drivers/fsl_clock.o
 .text.CLOCK_GetFllRefClkFreq
                0x00000f14       0x2c ./drivers/fsl_clock.o
 .text.CLOCK_GetOscRangeFromFreq
                0x00000f40       0x4c ./drivers/fsl_clock.o
 .text.CLOCK_GetOsc0ErClkFreq
                0x00000f8c       0x3c ./drivers/fsl_clock.o
                0x00000f8c                CLOCK_GetOsc0ErClkFreq
 .text.CLOCK_GetEr32kClkFreq
                0x00000fc8       0x78 ./drivers/fsl_clock.o
                0x00000fc8                CLOCK_GetEr32kClkFreq
 .text.CLOCK_GetPllFllSelClkFreq
                0x00001040       0x4c ./drivers/fsl_clock.o
                0x00001040                CLOCK_GetPllFllSelClkFreq
 .text.CLOCK_GetFreq
                0x0000108c       0xe0 ./drivers/fsl_clock.o
                0x0000108c                CLOCK_GetFreq
 .text.CLOCK_SetSimConfig
                0x0000116c       0x38 ./drivers/fsl_clock.o
                0x0000116c                CLOCK_SetSimConfig
 .text.CLOCK_GetOutClkFreq
                0x000011a4       0x78 ./drivers/fsl_clock.o
                0x000011a4                CLOCK_GetOutClkFreq
 .text.CLOCK_GetFllFreq
                0x0000121c       0x84 ./drivers/fsl_clock.o
                0x0000121c                CLOCK_GetFllFreq
 .text.CLOCK_GetInternalRefClkFreq
                0x000012a0       0x28 ./drivers/fsl_clock.o
                0x000012a0                CLOCK_GetInternalRefClkFreq
 .text.CLOCK_GetPll0Freq
                0x000012c8       0x70 ./drivers/fsl_clock.o
                0x000012c8                CLOCK_GetPll0Freq
 .text.CLOCK_SetInternalRefClkConfig
                0x00001338      0x124 ./drivers/fsl_clock.o
                0x00001338                CLOCK_SetInternalRefClkConfig
 .text.CLOCK_EnablePll0
                0x0000145c       0x94 ./drivers/fsl_clock.o
                0x0000145c                CLOCK_EnablePll0
 .text.CLOCK_InitOsc0
                0x000014f0       0x94 ./drivers/fsl_clock.o
                0x000014f0                CLOCK_InitOsc0
 .text.CLOCK_SetPbeMode
                0x00001584       0xb0 ./drivers/fsl_clock.o
                0x00001584                CLOCK_SetPbeMode
 .text.CLOCK_BootToPeeMode
                0x00001634       0x70 ./drivers/fsl_clock.o
                0x00001634                CLOCK_BootToPeeMode
 .text.__assertion_failed
                0x000016a4       0x1c ./drivers/fsl_common.o
                0x000016a4                __assertion_failed
 .text.CLOCK_EnableClock
                0x000016c0       0x34 ./drivers/fsl_i2c.o
 .text.I2C_GetInstance
                0x000016f4       0x4c ./drivers/fsl_i2c.o
                0x000016f4                I2C_GetInstance
 .text.I2C_CheckAndClearError
                0x00001740       0x40 ./drivers/fsl_i2c.o
 .text.I2C_TransferCommonIRQHandler
                0x00001780       0x58 ./drivers/fsl_i2c.o
 .text.I2C_MasterInit
                0x000017d8       0xfc ./drivers/fsl_i2c.o
                0x000017d8                I2C_MasterInit
 .text.I2C_MasterGetDefaultConfig
                0x000018d4       0x40 ./drivers/fsl_i2c.o
                0x000018d4                I2C_MasterGetDefaultConfig
 .text.I2C_MasterSetBaudRate
                0x00001914       0xf0 ./drivers/fsl_i2c.o
                0x00001914                I2C_MasterSetBaudRate
 .text.I2C_MasterStart
                0x00001a04       0x74 ./drivers/fsl_i2c.o
                0x00001a04                I2C_MasterStart
 .text.I2C_MasterRepeatedStart
                0x00001a78       0xc0 ./drivers/fsl_i2c.o
                0x00001a78                I2C_MasterRepeatedStart
 .text.I2C_MasterWriteBlocking
                0x00001b38       0xec ./drivers/fsl_i2c.o
                0x00001b38                I2C_MasterWriteBlocking
 .text.I2C_MasterTransferBlocking
                0x00001c24      0x230 ./drivers/fsl_i2c.o
                0x00001c24                I2C_MasterTransferBlocking
 .text.I2C0_DriverIRQHandler
                0x00001e54       0x20 ./drivers/fsl_i2c.o
                0x00001e54                I2C0_DriverIRQHandler
 .text.I2C1_DriverIRQHandler
                0x00001e74       0x20 ./drivers/fsl_i2c.o
                0x00001e74                I2C1_DriverIRQHandler
 .text.CLOCK_EnableClock
                0x00001e94       0x34 ./drivers/fsl_lpsci.o
 .text.LPSCI_GetInstance
                0x00001ec8       0x48 ./drivers/fsl_lpsci.o
                0x00001ec8                LPSCI_GetInstance
 .text.LPSCI_Init
                0x00001f10      0x258 ./drivers/fsl_lpsci.o
                0x00001f10                LPSCI_Init
 .text.LPSCI_GetDefaultConfig
                0x00002168       0x44 ./drivers/fsl_lpsci.o
                0x00002168                LPSCI_GetDefaultConfig
 .text.LPSCI_ClearStatusFlags
                0x000021ac       0x94 ./drivers/fsl_lpsci.o
                0x000021ac                LPSCI_ClearStatusFlags
 .text.LPSCI_WriteBlocking
                0x00002240       0x4c ./drivers/fsl_lpsci.o
                0x00002240                LPSCI_WriteBlocking
 .text.LPSCI_ReadBlocking
                0x0000228c       0xc0 ./drivers/fsl_lpsci.o
                0x0000228c                LPSCI_ReadBlocking
 .text.UART0_DriverIRQHandler
                0x0000234c       0x24 ./drivers/fsl_lpsci.o
                0x0000234c                UART0_DriverIRQHandler
 .text.CLOCK_EnableClock
                0x00002370       0x34 ./drivers/fsl_lptmr.o
 .text.LPTMR_GetInstance
                0x000023a4       0x48 ./drivers/fsl_lptmr.o
 .text.LPTMR_Init
                0x000023ec       0x94 ./drivers/fsl_lptmr.o
                0x000023ec                LPTMR_Init
 .text.LPTMR_GetDefaultConfig
                0x00002480       0x4c ./drivers/fsl_lptmr.o
                0x00002480                LPTMR_GetDefaultConfig
 .text.CLOCK_EnableClock
                0x000024cc       0x34 ./drivers/fsl_tsi_v4.o
 .text.TSI_GetStatusFlags
                0x00002500       0x1c ./drivers/fsl_tsi_v4.o
 .text.TSI_SetElectrodeOSCPrescaler
                0x0000251c       0x34 ./drivers/fsl_tsi_v4.o
 .text.TSI_SetNumberOfScans
                0x00002550       0x34 ./drivers/fsl_tsi_v4.o
 .text.TSI_EnableModule
                0x00002584       0x40 ./drivers/fsl_tsi_v4.o
 .text.TSI_SetMeasuredChannelNumber
                0x000025c4       0x40 ./drivers/fsl_tsi_v4.o
 .text.TSI_SetLowThreshold
                0x00002604       0x44 ./drivers/fsl_tsi_v4.o
 .text.TSI_SetHighThreshold
                0x00002648       0x44 ./drivers/fsl_tsi_v4.o
 .text.TSI_SetAnalogMode
                0x0000268c       0x34 ./drivers/fsl_tsi_v4.o
 .text.TSI_SetReferenceChargeCurrent
                0x000026c0       0x34 ./drivers/fsl_tsi_v4.o
 .text.TSI_SetElectrodeChargeCurrent
                0x000026f4       0x34 ./drivers/fsl_tsi_v4.o
 .text.TSI_SetOscVoltageRails
                0x00002728       0x34 ./drivers/fsl_tsi_v4.o
 .text.TSI_SetElectrodeSeriesResistor
                0x0000275c       0x34 ./drivers/fsl_tsi_v4.o
 .text.TSI_SetFilterBits
                0x00002790       0x30 ./drivers/fsl_tsi_v4.o
 .text.TSI_Init
                0x000027c0      0x198 ./drivers/fsl_tsi_v4.o
                0x000027c0                TSI_Init
 .text.TSI_Calibrate
                0x00002958       0xcc ./drivers/fsl_tsi_v4.o
                0x00002958                TSI_Calibrate
 .text.TSI_EnableInterrupts
                0x00002a24       0x5c ./drivers/fsl_tsi_v4.o
                0x00002a24                TSI_EnableInterrupts
 .text.TSI_DisableInterrupts
                0x00002a80       0x5c ./drivers/fsl_tsi_v4.o
                0x00002a80                TSI_DisableInterrupts
 .text.TSI_ClearStatusFlags
                0x00002adc       0x48 ./drivers/fsl_tsi_v4.o
                0x00002adc                TSI_ClearStatusFlags
 .text.CLOCK_EnableClock
                0x00002b24       0x34 ./drivers/fsl_uart.o
 .text.UART_GetInstance
                0x00002b58       0x54 ./drivers/fsl_uart.o
                0x00002b58                UART_GetInstance
 .text.UART_Init
                0x00002bac      0x1e0 ./drivers/fsl_uart.o
                0x00002bac                UART_Init
 .text.UART_GetDefaultConfig
                0x00002d8c       0x44 ./drivers/fsl_uart.o
                0x00002d8c                UART_GetDefaultConfig
 .text.UART_ReadBlocking
                0x00002dd0       0x98 ./drivers/fsl_uart.o
                0x00002dd0                UART_ReadBlocking
 .text.UART1_DriverIRQHandler
                0x00002e68       0x24 ./drivers/fsl_uart.o
                0x00002e68                UART1_DriverIRQHandler
 .text.UART2_DriverIRQHandler
                0x00002e8c       0x24 ./drivers/fsl_uart.o
                0x00002e8c                UART2_DriverIRQHandler
 .text.CLOCK_SetLpsci0Clock
                0x00002eb0       0x38 ./board/board.o
 .text.BOARD_InitDebugConsole
                0x00002ee8       0x30 ./board/board.o
                0x00002ee8                BOARD_InitDebugConsole
 .text.CLOCK_SetSimSafeDivs
                0x00002f18       0x20 ./board/clock_config.o
 .text.CLOCK_SetXtal0Freq
                0x00002f38       0x1c ./board/clock_config.o
 .text.CLOCK_CONFIG_SetFllExtRefDiv
                0x00002f54       0x3c ./board/clock_config.o
 .text.BOARD_BootClockRUN
                0x00002f90       0x64 ./board/clock_config.o
                0x00002f90                BOARD_BootClockRUN
 .text.CLOCK_EnableClock
                0x00002ff4       0x34 ./board/pin_mux.o
 .text.PORT_SetPinMux
                0x00003028       0x40 ./board/pin_mux.o
 .text.BOARD_InitPins
                0x00003068       0xc0 ./board/pin_mux.o
                0x00003068                BOARD_InitPins
 .text.SystemInit
                0x00003128       0x18 ./CMSIS/system_MKL25Z4.o
                0x00003128                SystemInit
 .text._initio  0x00003140       0x7c d:/mcuxpressoide_11.9.0_2144/ide/plugins/com.nxp.mcuxpresso.tools.win32_11.9.0.202307121226/tools/bin/../lib/gcc/arm-none-eabi/12.3.1/../../../../arm-none-eabi/lib/thumb/v6-m/nofp\libcr_c.a(initio.o)
                0x00003140                _initio
 .text.setvbuf  0x000031bc       0x4c d:/mcuxpressoide_11.9.0_2144/ide/plugins/com.nxp.mcuxpresso.tools.win32_11.9.0.202307121226/tools/bin/../lib/gcc/arm-none-eabi/12.3.1/../../../../arm-none-eabi/lib/thumb/v6-m/nofp\libcr_c.a(setvbuf.o)
                0x000031bc                setvbuf
 .text.strlen   0x00003208       0x5c d:/mcuxpressoide_11.9.0_2144/ide/plugins/com.nxp.mcuxpresso.tools.win32_11.9.0.202307121226/tools/bin/../lib/gcc/arm-none-eabi/12.3.1/../../../../arm-none-eabi/lib/thumb/v6-m/nofp\libcr_c.a(strlen.o)
                0x00003208                strlen
 .text._fdopen  0x00003264       0x74 d:/mcuxpressoide_11.9.0_2144/ide/plugins/com.nxp.mcuxpresso.tools.win32_11.9.0.202307121226/tools/bin/../lib/gcc/arm-none-eabi/12.3.1/../../../../arm-none-eabi/lib/thumb/v6-m/nofp\libcr_c.a(_fdopen.o)
                0x00003264                _fdopen
 .text.fclose   0x000032d8       0x5c d:/mcuxpressoide_11.9.0_2144/ide/plugins/com.nxp.mcuxpresso.tools.win32_11.9.0.202307121226/tools/bin/../lib/gcc/arm-none-eabi/12.3.1/../../../../arm-none-eabi/lib/thumb/v6-m/nofp\libcr_c.a(fclose.o)
                0x000032d8                fclose
 .text.fflush   0x00003334       0x40 d:/mcuxpressoide_11.9.0_2144/ide/plugins/com.nxp.mcuxpresso.tools.win32_11.9.0.202307121226/tools/bin/../lib/gcc/arm-none-eabi/12.3.1/../../../../arm-none-eabi/lib/thumb/v6-m/nofp\libcr_c.a(fflush.o)
                0x00003334                fflush
 .text.fseek    0x00003374       0xec d:/mcuxpressoide_11.9.0_2144/ide/plugins/com.nxp.mcuxpresso.tools.win32_11.9.0.202307121226/tools/bin/../lib/gcc/arm-none-eabi/12.3.1/../../../../arm-none-eabi/lib/thumb/v6-m/nofp\libcr_c.a(fseek.o)
                0x00003374                fseek
 .text.ftell    0x00003460       0x4c d:/mcuxpressoide_11.9.0_2144/ide/plugins/com.nxp.mcuxpresso.tools.win32_11.9.0.202307121226/tools/bin/../lib/gcc/arm-none-eabi/12.3.1/../../../../arm-none-eabi/lib/thumb/v6-m/nofp\libcr_c.a(ftell.o)
                0x00003460                ftell
 .text._do_fflush
                0x000034ac       0x48 d:/mcuxpressoide_11.9.0_2144/ide/plugins/com.nxp.mcuxpresso.tools.win32_11.9.0.202307121226/tools/bin/../lib/gcc/arm-none-eabi/12.3.1/../../../../arm-none-eabi/lib/thumb/v6-m/nofp\libcr_c.a(_do_fflush.o)
                0x000034ac                _do_fflush
 .text._fflush  0x000034f4       0x5c d:/mcuxpressoide_11.9.0_2144/ide/plugins/com.nxp.mcuxpresso.tools.win32_11.9.0.202307121226/tools/bin/../lib/gcc/arm-none-eabi/12.3.1/../../../../arm-none-eabi/lib/thumb/v6-m/nofp\libcr_c.a(_fflush.o)
                0x000034f4                _fflush
 .text._Cwritebuf
                0x00003550       0x68 d:/mcuxpressoide_11.9.0_2144/ide/plugins/com.nxp.mcuxpresso.tools.win32_11.9.0.202307121226/tools/bin/../lib/gcc/arm-none-eabi/12.3.1/../../../../arm-none-eabi/lib/thumb/v6-m/nofp\libcr_c.a(_writebuf.o)
                0x00003550                _Cwritebuf
 .text._deferredlazyseek
                0x000035b8       0x40 d:/mcuxpressoide_11.9.0_2144/ide/plugins/com.nxp.mcuxpresso.tools.win32_11.9.0.202307121226/tools/bin/../lib/gcc/arm-none-eabi/12.3.1/../../../../arm-none-eabi/lib/thumb/v6-m/nofp\libcr_c.a(_deferredlazyseek.o)
                0x000035b8                _deferredlazyseek
 .text.__aeabi_fmul
                0x000035f8       0xd0 d:/mcuxpressoide_11.9.0_2144/ide/plugins/com.nxp.mcuxpresso.tools.win32_11.9.0.202307121226/tools/bin/../lib/gcc/arm-none-eabi/12.3.1/thumb/v6-m/nofp\libcr_eabihelpers.a(float.o)
                0x000035f8                __aeabi_fmul
 .text.__aeabi_fdiv
                0x000036c8       0xe4 d:/mcuxpressoide_11.9.0_2144/ide/plugins/com.nxp.mcuxpresso.tools.win32_11.9.0.202307121226/tools/bin/../lib/gcc/arm-none-eabi/12.3.1/thumb/v6-m/nofp\libcr_eabihelpers.a(float.o)
                0x000036c8                __aeabi_fdiv
 .text.__aeabi_fsub
                0x000037ac      0x12c d:/mcuxpressoide_11.9.0_2144/ide/plugins/com.nxp.mcuxpresso.tools.win32_11.9.0.202307121226/tools/bin/../lib/gcc/arm-none-eabi/12.3.1/thumb/v6-m/nofp\libcr_eabihelpers.a(float.o)
                0x000037ac                __aeabi_fsub
 .text.__aeabi_fadd
                0x000038d8       0xac d:/mcuxpressoide_11.9.0_2144/ide/plugins/com.nxp.mcuxpresso.tools.win32_11.9.0.202307121226/tools/bin/../lib/gcc/arm-none-eabi/12.3.1/thumb/v6-m/nofp\libcr_eabihelpers.a(float.o)
                0x000038d8                __aeabi_fadd
 .text.UART_EnableTx
                0x00003984       0x40 ./utilities/fsl_debug_console.o
 .text.UART_EnableRx
                0x000039c4       0x40 ./utilities/fsl_debug_console.o
 .text.LPSCI_EnableTx
                0x00003a04       0x40 ./utilities/fsl_debug_console.o
 .text.LPSCI_EnableRx
                0x00003a44       0x40 ./utilities/fsl_debug_console.o
 .text.DbgConsole_PrintfPaddingCharacter
                0x00003a84       0x48 ./utilities/fsl_debug_console.o
 .text.DbgConsole_ConvertRadixNumToString
                0x00003acc      0x114 ./utilities/fsl_debug_console.o
 .text.DbgConsole_PrintfFormattedData
                0x00003be0      0x33a ./utilities/fsl_debug_console.o
 .text.GPIO_WritePinOutput
                0x00003f1a       0x34 ./source/MKL25Z4_Project_LockdoorSingleServo.o
 .text.GPIO_SetPinsOutput
                0x00003f4e       0x18 ./source/MKL25Z4_Project_LockdoorSingleServo.o
 .text.GPIO_ClearPinsOutput
                0x00003f66       0x18 ./source/MKL25Z4_Project_LockdoorSingleServo.o
 .text.TSI_GetMeasuredChannelNumber
                0x00003f7e       0x1e ./source/MKL25Z4_Project_LockdoorSingleServo.o
 .text.TSI_GetCounter
                0x00003f9c       0x16 ./source/MKL25Z4_Project_LockdoorSingleServo.o
 .text.LPTMR_StartTimer
                0x00003fb2       0x2c ./source/MKL25Z4_Project_LockdoorSingleServo.o
 .text.pca9685_write8
                0x00003fde       0x2a ./source/MKL25Z4_Project_LockdoorSingleServo.o
 .text.pca9685_read8
                0x00004008       0x26 ./source/MKL25Z4_Project_LockdoorSingleServo.o
 .text.pca9685_setPWM
                0x0000402e       0x90 ./source/MKL25Z4_Project_LockdoorSingleServo.o
 .text.setAllServos
                0x000040be       0x56 ./source/MKL25Z4_Project_LockdoorSingleServo.o
 .text.lockAllServos
                0x00004114       0x12 ./source/MKL25Z4_Project_LockdoorSingleServo.o
 .text.unlockAllServos
                0x00004126       0x16 ./source/MKL25Z4_Project_LockdoorSingleServo.o
 .text.OSC_SetExtRefClkConfig
                0x0000413c       0x3e ./drivers/fsl_clock.o
 .text.OSC_SetCapLoad
                0x0000417a       0x42 ./drivers/fsl_clock.o
 .text.CLOCK_GetPll0RefFreq
                0x000041bc       0x10 ./drivers/fsl_clock.o
 .text.CLOCK_GetFixedFreqClkFreq
                0x000041cc       0x30 ./drivers/fsl_clock.o
                0x000041cc                CLOCK_GetFixedFreqClkFreq
 .text.CLOCK_SetExternalRefClkConfig
                0x000041fc       0x16 ./drivers/fsl_clock.o
                0x000041fc                CLOCK_SetExternalRefClkConfig
 .text.I2C_MasterClearStatusFlags
                0x00004212       0x38 ./drivers/fsl_i2c.o
 .text.I2C_MasterStop
                0x0000424a       0x64 ./drivers/fsl_i2c.o
                0x0000424a                I2C_MasterStop
 .text.I2C_MasterGetStatusFlags
                0x000042ae       0x32 ./drivers/fsl_i2c.o
                0x000042ae                I2C_MasterGetStatusFlags
 .text.I2C_MasterReadBlocking
                0x000042e0       0xea ./drivers/fsl_i2c.o
                0x000042e0                I2C_MasterReadBlocking
 .text.LPSCI_GetStatusFlags
                0x000043ca       0x26 ./drivers/fsl_lpsci.o
                0x000043ca                LPSCI_GetStatusFlags
 .text.TSI_StartSoftwareTrigger
                0x000043f0       0x1e ./drivers/fsl_tsi_v4.o
 .text.TSI_GetCounter
                0x0000440e       0x16 ./drivers/fsl_tsi_v4.o
 .text.TSI_GetNormalModeDefaultConfig
                0x00004424       0x40 ./drivers/fsl_tsi_v4.o
                0x00004424                TSI_GetNormalModeDefaultConfig
 .text.UART_GetStatusFlags
                0x00004464       0x26 ./drivers/fsl_uart.o
                0x00004464                UART_GetStatusFlags
 .text.UART_WriteBlocking
                0x0000448a       0x3c ./drivers/fsl_uart.o
                0x0000448a                UART_WriteBlocking
 .text.__main   0x000044c6        0xc d:/mcuxpressoide_11.9.0_2144/ide/plugins/com.nxp.mcuxpresso.tools.win32_11.9.0.202307121226/tools/bin/../lib/gcc/arm-none-eabi/12.3.1/../../../../arm-none-eabi/lib/thumb/v6-m/nofp\libcr_nohost_nf.a(_cr__main.o)
                0x000044c6                __main
 .text.memset   0x000044d2        0x8 d:/mcuxpressoide_11.9.0_2144/ide/plugins/com.nxp.mcuxpresso.tools.win32_11.9.0.202307121226/tools/bin/../lib/gcc/arm-none-eabi/12.3.1/../../../../arm-none-eabi/lib/thumb/v6-m/nofp\libcr_c.a(memset.o)
                0x000044d2                memset
 .text.remove   0x000044da       0x12 d:/mcuxpressoide_11.9.0_2144/ide/plugins/com.nxp.mcuxpresso.tools.win32_11.9.0.202307121226/tools/bin/../lib/gcc/arm-none-eabi/12.3.1/../../../../arm-none-eabi/lib/thumb/v6-m/nofp\libcr_c.a(remove.o)
                0x000044da                remove
 .text.free     0x000044ec       0x2c d:/mcuxpressoide_11.9.0_2144/ide/plugins/com.nxp.mcuxpresso.tools.win32_11.9.0.202307121226/tools/bin/../lib/gcc/arm-none-eabi/12.3.1/../../../../arm-none-eabi/lib/thumb/v6-m/nofp\libcr_c.a(alloc.o)
                0x000044ec                free
 .text.__aeabi_division_idivmod
                0x00004518       0x78 d:/mcuxpressoide_11.9.0_2144/ide/plugins/com.nxp.mcuxpresso.tools.win32_11.9.0.202307121226/tools/bin/../lib/gcc/arm-none-eabi/12.3.1/thumb/v6-m/nofp\libcr_eabihelpers.a(division_32.o)
                0x00004518                __aeabi_idivmod
                0x00004518                __aeabi_idiv
                0x0000451e                __aeabi_uidivmod
                0x0000451e                __aeabi_uidiv
 .text.__aeabi_division_uldivmod
                0x00004590       0x5a d:/mcuxpressoide_11.9.0_2144/ide/plugins/com.nxp.mcuxpresso.tools.win32_11.9.0.202307121226/tools/bin/../lib/gcc/arm-none-eabi/12.3.1/thumb/v6-m/nofp\libcr_eabihelpers.a(division_64.o)
                0x00004590                __aeabi_uldivmod
 .text.__aeabi_division_idiv0
                0x000045ea        0x2 d:/mcuxpressoide_11.9.0_2144/ide/plugins/com.nxp.mcuxpresso.tools.win32_11.9.0.202307121226/tools/bin/../lib/gcc/arm-none-eabi/12.3.1/thumb/v6-m/nofp\libcr_eabihelpers.a(division_idiv0.o)
                0x000045ea                __aeabi_idiv0
 .text.__aeabi_f2uiz
                0x000045ec       0x2a d:/mcuxpressoide_11.9.0_2144/ide/plugins/com.nxp.mcuxpresso.tools.win32_11.9.0.202307121226/tools/bin/../lib/gcc/arm-none-eabi/12.3.1/thumb/v6-m/nofp\libcr_eabihelpers.a(float.o)
                0x000045ec                __aeabi_f2uiz
 .text.__aeabi_llong_lmul
                0x00004616       0x2e d:/mcuxpressoide_11.9.0_2144/ide/plugins/com.nxp.mcuxpresso.tools.win32_11.9.0.202307121226/tools/bin/../lib/gcc/arm-none-eabi/12.3.1/thumb/v6-m/nofp\libcr_eabihelpers.a(llong.o)
                0x00004616                __aeabi_lmul
 .text.__aeabi_memset_lowlevel
                0x00004644       0x2a d:/mcuxpressoide_11.9.0_2144/ide/plugins/com.nxp.mcuxpresso.tools.win32_11.9.0.202307121226/tools/bin/../lib/gcc/arm-none-eabi/12.3.1/thumb/v6-m/nofp\libcr_eabihelpers.a(memcpy.o)
                0x00004644                __aeabi_lowlevel_memset
 .text.__sys_close
                0x0000466e        0x6 d:/mcuxpressoide_11.9.0_2144/ide/plugins/com.nxp.mcuxpresso.tools.win32_11.9.0.202307121226/tools/bin/../lib/gcc/arm-none-eabi/12.3.1/../../../../arm-none-eabi/lib/thumb/v6-m/nofp\libcr_nohost_nf.a(__sys_close.o)
                0x0000466e                __sys_close
 .text.__sys_flen
                0x00004674        0x6 d:/mcuxpressoide_11.9.0_2144/ide/plugins/com.nxp.mcuxpresso.tools.win32_11.9.0.202307121226/tools/bin/../lib/gcc/arm-none-eabi/12.3.1/../../../../arm-none-eabi/lib/thumb/v6-m/nofp\libcr_nohost_nf.a(__sys_flen.o)
                0x00004674                __sys_flen
 .text.__sys_istty
                0x0000467a        0x6 d:/mcuxpressoide_11.9.0_2144/ide/plugins/com.nxp.mcuxpresso.tools.win32_11.9.0.202307121226/tools/bin/../lib/gcc/arm-none-eabi/12.3.1/../../../../arm-none-eabi/lib/thumb/v6-m/nofp\libcr_nohost_nf.a(__sys_istty.o)
                0x0000467a                __sys_istty
 .text.__sys_remove
                0x00004680        0x6 d:/mcuxpressoide_11.9.0_2144/ide/plugins/com.nxp.mcuxpresso.tools.win32_11.9.0.202307121226/tools/bin/../lib/gcc/arm-none-eabi/12.3.1/../../../../arm-none-eabi/lib/thumb/v6-m/nofp\libcr_nohost_nf.a(__sys_remove.o)
                0x00004680                __sys_remove
 .text.__sys_seek
                0x00004686        0x6 d:/mcuxpressoide_11.9.0_2144/ide/plugins/com.nxp.mcuxpresso.tools.win32_11.9.0.202307121226/tools/bin/../lib/gcc/arm-none-eabi/12.3.1/../../../../arm-none-eabi/lib/thumb/v6-m/nofp\libcr_nohost_nf.a(__sys_seek.o)
                0x00004686                __sys_seek
 .text.__sys_tmpnam
                0x0000468c        0x6 d:/mcuxpressoide_11.9.0_2144/ide/plugins/com.nxp.mcuxpresso.tools.win32_11.9.0.202307121226/tools/bin/../lib/gcc/arm-none-eabi/12.3.1/../../../../arm-none-eabi/lib/thumb/v6-m/nofp\libcr_nohost_nf.a(__sys_tmpnam.o)
                0x0000468c                __sys_tmpnam
 .text.__sys_write
                0x00004692        0x4 d:/mcuxpressoide_11.9.0_2144/ide/plugins/com.nxp.mcuxpresso.tools.win32_11.9.0.202307121226/tools/bin/../lib/gcc/arm-none-eabi/12.3.1/../../../../arm-none-eabi/lib/thumb/v6-m/nofp\libcr_nohost_nf.a(__sys_write.o)
                0x00004692                __sys_write
 *(SORT_BY_ALIGNMENT(.rodata) SORT_BY_ALIGNMENT(.rodata.*) SORT_BY_ALIGNMENT(.constdata) SORT_BY_ALIGNMENT(.constdata.*))
 *fill*         0x00004696        0x2 ff
 .rodata.TSI_SetMeasuredChannelNumber.str1.4
                0x00004698       0xa1 ./source/MKL25Z4_Project_LockdoorSingleServo.o
 *fill*         0x00004739        0x3 ff
 .rodata.LPTMR_SetTimerPeriod.str1.4
                0x0000473c       0x82 ./source/MKL25Z4_Project_LockdoorSingleServo.o
 *fill*         0x000047be        0x2 ff
 .rodata.main.str1.4
                0x000047c0      0x222 ./source/MKL25Z4_Project_LockdoorSingleServo.o
 *fill*         0x000049e2        0x2 ff
 .rodata.CLOCK_GetMcgExtClkFreq.str1.4
                0x000049e4       0x1e ./drivers/fsl_clock.o
 *fill*         0x00004a02        0x2 ff
 .rodata.CLOCK_GetOsc0ErClkFreq.str1.4
                0x00004a04       0x1e ./drivers/fsl_clock.o
 *fill*         0x00004a22        0x2 ff
 .rodata.CLOCK_GetEr32kClkFreq.str1.4
                0x00004a24       0x1f ./drivers/fsl_clock.o
 *fill*         0x00004a43        0x1 ff
 .rodata.CLOCK_GetFreq
                0x00004a44       0x38 ./drivers/fsl_clock.o
 .rodata.CLOCK_GetPll0Freq.str1.4
                0x00004a7c       0x1d ./drivers/fsl_clock.o
 *fill*         0x00004a99        0x3 ff
 .rodata.CLOCK_EnablePll0.str1.4
                0x00004a9c       0x19 ./drivers/fsl_clock.o
 *fill*         0x00004ab5        0x3 ff
 .rodata.CLOCK_SetPbeMode.str1.4
                0x00004ab8       0x1a ./drivers/fsl_clock.o
 *fill*         0x00004ad2        0x2 ff
 .rodata.CLOCK_BootToPeeMode.str1.4
                0x00004ad4       0x1a ./drivers/fsl_clock.o
 *fill*         0x00004aee        0x2 ff
 .rodata.fllFactorTable.1
                0x00004af0       0x10 ./drivers/fsl_clock.o
 .rodata.__assertion_failed.str1.4
                0x00004b00        0x4 ./drivers/fsl_common.o
 .rodata.s_i2cDividerTable
                0x00004b04       0x80 ./drivers/fsl_i2c.o
 .rodata.s_i2cBases
                0x00004b84        0x8 ./drivers/fsl_i2c.o
 .rodata.s_i2cClocks
                0x00004b8c        0x8 ./drivers/fsl_i2c.o
 .rodata.I2C_GetInstance.str1.4
                0x00004b94       0x32 ./drivers/fsl_i2c.o
 *fill*         0x00004bc6        0x2 ff
 .rodata.I2C_MasterInit.str1.4
                0x00004bc8       0x2c ./drivers/fsl_i2c.o
 .rodata.I2C_MasterGetDefaultConfig.str1.4
                0x00004bf4       0x1d ./drivers/fsl_i2c.o
 *fill*         0x00004c11        0x3 ff
 .rodata.I2C_MasterTransferBlocking.str1.4
                0x00004c14       0x15 ./drivers/fsl_i2c.o
 *fill*         0x00004c29        0x3 ff
 .rodata.LPSCI_GetInstance.str1.4
                0x00004c2c       0x36 ./drivers/fsl_lpsci.o
 *fill*         0x00004c62        0x2 ff
 .rodata.LPSCI_Init.str1.4
                0x00004c64       0x43 ./drivers/fsl_lpsci.o
 *fill*         0x00004ca7        0x1 ff
 .rodata.LPSCI_GetDefaultConfig.str1.4
                0x00004ca8       0x19 ./drivers/fsl_lpsci.o
 *fill*         0x00004cc1        0x3 ff
 .rodata.LPSCI_WriteBlocking.str1.4
                0x00004cc4       0x17 ./drivers/fsl_lpsci.o
 *fill*         0x00004cdb        0x1 ff
 .rodata.LPSCI_ReadBlocking.str1.4
                0x00004cdc       0x17 ./drivers/fsl_lpsci.o
 *fill*         0x00004cf3        0x1 ff
 .rodata.LPTMR_GetInstance.str1.4
                0x00004cf4       0x35 ./drivers/fsl_lptmr.o
 *fill*         0x00004d29        0x3 ff
 .rodata.LPTMR_Init.str1.4
                0x00004d2c       0x18 ./drivers/fsl_lptmr.o
 .rodata.LPTMR_GetDefaultConfig.str1.4
                0x00004d44       0x19 ./drivers/fsl_lptmr.o
 *fill*         0x00004d5d        0x3 ff
 .rodata.TSI_SetMeasuredChannelNumber.str1.4
                0x00004d60       0x3b ./drivers/fsl_tsi_v4.o
 *fill*         0x00004d9b        0x1 ff
 .rodata.TSI_SetLowThreshold.str1.4
                0x00004d9c       0x2b ./drivers/fsl_tsi_v4.o
 *fill*         0x00004dc7        0x1 ff
 .rodata.TSI_SetHighThreshold.str1.4
                0x00004dc8       0x2c ./drivers/fsl_tsi_v4.o
 .rodata.TSI_Init.str1.4
                0x00004df4       0x21 ./drivers/fsl_tsi_v4.o
 *fill*         0x00004e15        0x3 ff
 .rodata.TSI_Calibrate.str1.4
                0x00004e18       0x23 ./drivers/fsl_tsi_v4.o
 *fill*         0x00004e3b        0x1 ff
 .rodata.s_uartBases
                0x00004e3c        0xc ./drivers/fsl_uart.o
 .rodata.s_uartClock
                0x00004e48        0xc ./drivers/fsl_uart.o
 .rodata.UART_GetInstance.str1.4
                0x00004e54       0x2b ./drivers/fsl_uart.o
 *fill*         0x00004e7f        0x1 ff
 .rodata.UART_Init.str1.4
                0x00004e80       0x3e ./drivers/fsl_uart.o
 *fill*         0x00004ebe        0x2 ff
 .rodata.UART_GetDefaultConfig.str1.4
                0x00004ec0       0x18 ./drivers/fsl_uart.o
 .rodata.UART_ReadBlocking.str1.4
                0x00004ed8       0x16 ./drivers/fsl_uart.o
 *fill*         0x00004eee        0x2 ff
 .rodata.mcgConfig_BOARD_BootClockRUN
                0x00004ef0        0xa ./board/clock_config.o
                0x00004ef0                mcgConfig_BOARD_BootClockRUN
 *fill*         0x00004efa        0x2 ff
 .rodata.simConfig_BOARD_BootClockRUN
                0x00004efc        0x8 ./board/clock_config.o
                0x00004efc                simConfig_BOARD_BootClockRUN
 .rodata.oscConfig_BOARD_BootClockRUN
                0x00004f04        0x8 ./board/clock_config.o
                0x00004f04                oscConfig_BOARD_BootClockRUN
 .rodata.__num_Ciob_streams
                0x00004f0c        0x4 d:/mcuxpressoide_11.9.0_2144/ide/plugins/com.nxp.mcuxpresso.tools.win32_11.9.0.202307121226/tools/bin/../lib/gcc/arm-none-eabi/12.3.1/../../../../arm-none-eabi/lib/thumb/v6-m/nofp\libcr_nohost_nf.a(__ciob.o)
                0x00004f0c                __num_Ciob_streams
 .rodata._initio.str1.1
                0x00004f10        0x4 d:/mcuxpressoide_11.9.0_2144/ide/plugins/com.nxp.mcuxpresso.tools.win32_11.9.0.202307121226/tools/bin/../lib/gcc/arm-none-eabi/12.3.1/../../../../arm-none-eabi/lib/thumb/v6-m/nofp\libcr_c.a(initio.o)
                0x00004f14                        . = ALIGN (0x4)

.glue_7         0x00004f14        0x0
 .glue_7        0x00004f14        0x0 linker stubs

.glue_7t        0x00004f14        0x0
 .glue_7t       0x00004f14        0x0 linker stubs

.vfp11_veneer   0x00004f14        0x0
 .vfp11_veneer  0x00004f14        0x0 linker stubs

.v4_bx          0x00004f14        0x0
 .v4_bx         0x00004f14        0x0 linker stubs

.iplt           0x00004f14        0x0
 .iplt          0x00004f14        0x0 ./utilities/fsl_debug_console.o

.rel.dyn        0x00004f14        0x0
 .rel.iplt      0x00004f14        0x0 ./utilities/fsl_debug_console.o

.ARM.extab
 *(SORT_BY_ALIGNMENT(.ARM.extab*) SORT_BY_ALIGNMENT(.gnu.linkonce.armextab.*))

.ARM.exidx      0x00004f14        0x0
                0x00004f14                        __exidx_start = .
 *(SORT_BY_ALIGNMENT(.ARM.exidx*) SORT_BY_ALIGNMENT(.gnu.linkonce.armexidx.*))
                0x00004f14                        __exidx_end = .
                0x00004f14                        _etext = .

.m_usb_data
 *(SORT_BY_ALIGNMENT(m_usb_bdt))

.mtb_buffer_default
                0x1ffff000       0x80
 *(SORT_BY_ALIGNMENT(.mtb*))
 .mtb.$RAM1     0x1ffff000       0x80 ./source/mtb.o
                0x1ffff000                __mtb_buffer__

.uninit_RESERVED
                0x1ffff080        0x0
                0x1ffff080                        _start_uninit_RESERVED = .
 *(SORT_BY_ALIGNMENT(.bss.$RESERVED*))
                0x1ffff080                        . = ALIGN (0x4)
                0x1ffff080                        _end_uninit_RESERVED = .

.data           0x1ffff080        0xc load address 0x00004f14
 FILL mask 0xff
                0x1ffff080                        _data = .
                [!provide]                        PROVIDE (__start_data_RAM = .)
                [!provide]                        PROVIDE (__start_data_SRAM = .)
 *(SORT_BY_ALIGNMENT(vtable))
 *(SORT_BY_ALIGNMENT(.ramfunc*))
 *(SORT_BY_ALIGNMENT(CodeQuickAccess))
 *(SORT_BY_ALIGNMENT(DataQuickAccess))
 *(SORT_BY_ALIGNMENT(RamFunction))
 *(SORT_BY_ALIGNMENT(.data*))
 .data.s_slowIrcFreq
                0x1ffff080        0x4 ./drivers/fsl_clock.o
 .data.s_fastIrcFreq
                0x1ffff084        0x4 ./drivers/fsl_clock.o
 .data.SystemCoreClock
                0x1ffff088        0x4 ./CMSIS/system_MKL25Z4.o
                0x1ffff088                SystemCoreClock
                0x1ffff08c                        . = ALIGN (0x4)
                0x1ffff08c                        _edata = .
                [!provide]                        PROVIDE (__end_data_RAM = .)
                [!provide]                        PROVIDE (__end_data_SRAM = .)

.igot.plt       0x1ffff08c        0x0 load address 0x00004f20
 .igot.plt      0x1ffff08c        0x0 ./utilities/fsl_debug_console.o

.bss            0x1ffff08c      0x120
                0x1ffff08c                        _bss = .
                [!provide]                        PROVIDE (__start_bss_RAM = .)
                [!provide]                        PROVIDE (__start_bss_SRAM = .)
 *(SORT_BY_ALIGNMENT(.bss*))
 .bss.s_debugConsole
                0x1ffff08c       0x10 ./utilities/fsl_debug_console.o
 .bss.buffer    0x1ffff09c       0x20 ./source/MKL25Z4_Project_LockdoorSingleServo.o
                0x1ffff09c                buffer
 .bss._i2c_base
                0x1ffff0bc        0x4 ./source/MKL25Z4_Project_LockdoorSingleServo.o
 .bss.g_xtal0Freq
                0x1ffff0c0        0x4 ./drivers/fsl_clock.o
                0x1ffff0c0                g_xtal0Freq
 .bss.g_xtal32Freq
                0x1ffff0c4        0x4 ./drivers/fsl_clock.o
                0x1ffff0c4                g_xtal32Freq
 .bss.s_i2cHandle
                0x1ffff0c8        0x8 ./drivers/fsl_i2c.o
 .bss.s_i2cMasterIsr
                0x1ffff0d0        0x4 ./drivers/fsl_i2c.o
 .bss.s_i2cSlaveIsr
                0x1ffff0d4        0x4 ./drivers/fsl_i2c.o
 .bss.s_lpsciHandle
                0x1ffff0d8        0x4 ./drivers/fsl_lpsci.o
 .bss.s_lpsciIsr
                0x1ffff0dc        0x4 ./drivers/fsl_lpsci.o
 .bss.s_uartHandle
                0x1ffff0e0        0xc ./drivers/fsl_uart.o
 .bss.s_uartIsr
                0x1ffff0ec        0x4 ./drivers/fsl_uart.o
 .bss.errno     0x1ffff0f0        0x4 d:/mcuxpressoide_11.9.0_2144/ide/plugins/com.nxp.mcuxpresso.tools.win32_11.9.0.202307121226/tools/bin/../lib/gcc/arm-none-eabi/12.3.1/../../../../arm-none-eabi/lib/thumb/v6-m/nofp\libcr_c.a(errno.o)
                0x1ffff0f0                errno
 .bss.__Ciob    0x1ffff0f4       0xb4 d:/mcuxpressoide_11.9.0_2144/ide/plugins/com.nxp.mcuxpresso.tools.win32_11.9.0.202307121226/tools/bin/../lib/gcc/arm-none-eabi/12.3.1/../../../../arm-none-eabi/lib/thumb/v6-m/nofp\libcr_nohost_nf.a(__ciob.o)
                0x1ffff0f4                __Ciob
 .bss.isLocked  0x1ffff1a8        0x1 ./source/MKL25Z4_Project_LockdoorSingleServo.o
                0x1ffff1a8                isLocked
 .bss.wasTouched
                0x1ffff1a9        0x1 ./source/MKL25Z4_Project_LockdoorSingleServo.o
                0x1ffff1a9                wasTouched
 .bss.lockChangeRequested
                0x1ffff1aa        0x1 ./source/MKL25Z4_Project_LockdoorSingleServo.o
                0x1ffff1aa                lockChangeRequested
 .bss._addr     0x1ffff1ab        0x1 ./source/MKL25Z4_Project_LockdoorSingleServo.o
 *(SORT_BY_ALIGNMENT(COMMON))
                0x1ffff1ac                        . = ALIGN (0x4)
                0x1ffff1ac                        _ebss = .
                [!provide]                        PROVIDE (__end_bss_RAM = .)
                [!provide]                        PROVIDE (__end_bss_SRAM = .)
                [!provide]                        PROVIDE (end = .)

.noinit         0x1ffff1ac        0x0
                0x1ffff1ac                        _noinit = .
                [!provide]                        PROVIDE (__start_noinit_RAM = .)
                [!provide]                        PROVIDE (__start_noinit_SRAM = .)
 *(SORT_BY_ALIGNMENT(.noinit*))
                0x1ffff1ac                        . = ALIGN (0x4)
                0x1ffff1ac                        _end_noinit = .
                [!provide]                        PROVIDE (__end_noinit_RAM = .)
                [!provide]                        PROVIDE (__end_noinit_SRAM = .)
                0x00000400                        _HeapSize = 0x400

.heap           0x1ffff1ac      0x400
                0x1ffff1ac                        _pvHeapStart = .
                0x1ffff5ac                        . = (. + _HeapSize)
 *fill*         0x1ffff1ac      0x400 
                0x1ffff5ac                        . = ALIGN (0x4)
                0x1ffff5ac                        _pvHeapLimit = .
                0x00000400                        _StackSize = 0x400

.heap2stackfill
                0x1ffff5ac      0x400
                0x1ffff9ac                        . = (. + _StackSize)
 *fill*         0x1ffff5ac      0x400 

.stack          0x20002c00        0x0
                0x20002c00                        _vStackBase = .
                0x20002c00                        . = ALIGN (0x4)
                0x20003000                        _vStackTop = (. + _StackSize)
                0x00000000                        _image_start = LOADADDR (.text)
                0x00004f20                        _image_end = (LOADADDR (.data) + SIZEOF (.data))
                0x00004f20                        _image_size = (_image_end - _image_start)
OUTPUT(MKL25Z4_Project_LockdoorSingleServo.axf elf32-littlearm)
LOAD linker stubs

.debug_info     0x00000000     0xfe8d
 .debug_info    0x00000000      0xf55 ./utilities/fsl_debug_console.o
 .debug_info    0x00000f55      0x68b ./startup/startup_mkl25z4.o
 .debug_info    0x000015e0     0x1821 ./source/MKL25Z4_Project_LockdoorSingleServo.o
 .debug_info    0x00002e01       0x53 ./source/mtb.o
 .debug_info    0x00002e54       0x3c ./source/semihost_hardfault.o
 .debug_info    0x00002e90     0x1a79 ./drivers/fsl_clock.o
 .debug_info    0x00004909      0x40a ./drivers/fsl_common.o
 .debug_info    0x00004d13     0x1a7d ./drivers/fsl_i2c.o
 .debug_info    0x00006790     0x144c ./drivers/fsl_lpsci.o
 .debug_info    0x00007bdc      0x6d6 ./drivers/fsl_lptmr.o
 .debug_info    0x000082b2      0xb53 ./drivers/fsl_tsi_v4.o
 .debug_info    0x00008e05     0x13ed ./drivers/fsl_uart.o
 .debug_info    0x0000a1f2      0x3de ./board/board.o
 .debug_info    0x0000a5d0      0xba3 ./board/clock_config.o
 .debug_info    0x0000b173      0x547 ./board/pin_mux.o
 .debug_info    0x0000b6ba      0x401 ./CMSIS/system_MKL25Z4.o
 .debug_info    0x0000babb       0x85 d:/mcuxpressoide_11.9.0_2144/ide/plugins/com.nxp.mcuxpresso.tools.win32_11.9.0.202307121226/tools/bin/../lib/gcc/arm-none-eabi/12.3.1/../../../../arm-none-eabi/lib/thumb/v6-m/nofp\libcr_nohost_nf.a(_cr__main.o)
 .debug_info    0x0000bb40       0xe3 d:/mcuxpressoide_11.9.0_2144/ide/plugins/com.nxp.mcuxpresso.tools.win32_11.9.0.202307121226/tools/bin/../lib/gcc/arm-none-eabi/12.3.1/../../../../arm-none-eabi/lib/thumb/v6-m/nofp\libcr_c.a(memset.o)
 .debug_info    0x0000bc23      0x353 d:/mcuxpressoide_11.9.0_2144/ide/plugins/com.nxp.mcuxpresso.tools.win32_11.9.0.202307121226/tools/bin/../lib/gcc/arm-none-eabi/12.3.1/../../../../arm-none-eabi/lib/thumb/v6-m/nofp\libcr_c.a(initio.o)
 .debug_info    0x0000bf76      0x1f6 d:/mcuxpressoide_11.9.0_2144/ide/plugins/com.nxp.mcuxpresso.tools.win32_11.9.0.202307121226/tools/bin/../lib/gcc/arm-none-eabi/12.3.1/../../../../arm-none-eabi/lib/thumb/v6-m/nofp\libcr_c.a(setvbuf.o)
 .debug_info    0x0000c16c       0xd6 d:/mcuxpressoide_11.9.0_2144/ide/plugins/com.nxp.mcuxpresso.tools.win32_11.9.0.202307121226/tools/bin/../lib/gcc/arm-none-eabi/12.3.1/../../../../arm-none-eabi/lib/thumb/v6-m/nofp\libcr_c.a(strlen.o)
 .debug_info    0x0000c242      0x244 d:/mcuxpressoide_11.9.0_2144/ide/plugins/com.nxp.mcuxpresso.tools.win32_11.9.0.202307121226/tools/bin/../lib/gcc/arm-none-eabi/12.3.1/../../../../arm-none-eabi/lib/thumb/v6-m/nofp\libcr_c.a(_fdopen.o)
 .debug_info    0x0000c486      0x31e d:/mcuxpressoide_11.9.0_2144/ide/plugins/com.nxp.mcuxpresso.tools.win32_11.9.0.202307121226/tools/bin/../lib/gcc/arm-none-eabi/12.3.1/../../../../arm-none-eabi/lib/thumb/v6-m/nofp\libcr_c.a(fclose.o)
 .debug_info    0x0000c7a4      0x203 d:/mcuxpressoide_11.9.0_2144/ide/plugins/com.nxp.mcuxpresso.tools.win32_11.9.0.202307121226/tools/bin/../lib/gcc/arm-none-eabi/12.3.1/../../../../arm-none-eabi/lib/thumb/v6-m/nofp\libcr_c.a(fflush.o)
 .debug_info    0x0000c9a7      0x278 d:/mcuxpressoide_11.9.0_2144/ide/plugins/com.nxp.mcuxpresso.tools.win32_11.9.0.202307121226/tools/bin/../lib/gcc/arm-none-eabi/12.3.1/../../../../arm-none-eabi/lib/thumb/v6-m/nofp\libcr_c.a(fseek.o)
 .debug_info    0x0000cc1f      0x190 d:/mcuxpressoide_11.9.0_2144/ide/plugins/com.nxp.mcuxpresso.tools.win32_11.9.0.202307121226/tools/bin/../lib/gcc/arm-none-eabi/12.3.1/../../../../arm-none-eabi/lib/thumb/v6-m/nofp\libcr_c.a(ftell.o)
 .debug_info    0x0000cdaf      0x1c9 d:/mcuxpressoide_11.9.0_2144/ide/plugins/com.nxp.mcuxpresso.tools.win32_11.9.0.202307121226/tools/bin/../lib/gcc/arm-none-eabi/12.3.1/../../../../arm-none-eabi/lib/thumb/v6-m/nofp\libcr_c.a(remove.o)
 .debug_info    0x0000cf78      0x23a d:/mcuxpressoide_11.9.0_2144/ide/plugins/com.nxp.mcuxpresso.tools.win32_11.9.0.202307121226/tools/bin/../lib/gcc/arm-none-eabi/12.3.1/../../../../arm-none-eabi/lib/thumb/v6-m/nofp\libcr_c.a(_do_fflush.o)
 .debug_info    0x0000d1b2      0x1e3 d:/mcuxpressoide_11.9.0_2144/ide/plugins/com.nxp.mcuxpresso.tools.win32_11.9.0.202307121226/tools/bin/../lib/gcc/arm-none-eabi/12.3.1/../../../../arm-none-eabi/lib/thumb/v6-m/nofp\libcr_c.a(_fflush.o)
 .debug_info    0x0000d395      0x283 d:/mcuxpressoide_11.9.0_2144/ide/plugins/com.nxp.mcuxpresso.tools.win32_11.9.0.202307121226/tools/bin/../lib/gcc/arm-none-eabi/12.3.1/../../../../arm-none-eabi/lib/thumb/v6-m/nofp\libcr_c.a(_writebuf.o)
 .debug_info    0x0000d618      0x50c d:/mcuxpressoide_11.9.0_2144/ide/plugins/com.nxp.mcuxpresso.tools.win32_11.9.0.202307121226/tools/bin/../lib/gcc/arm-none-eabi/12.3.1/../../../../arm-none-eabi/lib/thumb/v6-m/nofp\libcr_c.a(alloc.o)
 .debug_info    0x0000db24       0x44 d:/mcuxpressoide_11.9.0_2144/ide/plugins/com.nxp.mcuxpresso.tools.win32_11.9.0.202307121226/tools/bin/../lib/gcc/arm-none-eabi/12.3.1/../../../../arm-none-eabi/lib/thumb/v6-m/nofp\libcr_c.a(errno.o)
 .debug_info    0x0000db68      0x35d d:/mcuxpressoide_11.9.0_2144/ide/plugins/com.nxp.mcuxpresso.tools.win32_11.9.0.202307121226/tools/bin/../lib/gcc/arm-none-eabi/12.3.1/../../../../arm-none-eabi/lib/thumb/v6-m/nofp\libcr_c.a(_deferredlazyseek.o)
 .debug_info    0x0000dec5     0x1b39 d:/mcuxpressoide_11.9.0_2144/ide/plugins/com.nxp.mcuxpresso.tools.win32_11.9.0.202307121226/tools/bin/../lib/gcc/arm-none-eabi/12.3.1/thumb/v6-m/nofp\libcr_eabihelpers.a(float.o)
 .debug_info    0x0000f9fe      0x18b d:/mcuxpressoide_11.9.0_2144/ide/plugins/com.nxp.mcuxpresso.tools.win32_11.9.0.202307121226/tools/bin/../lib/gcc/arm-none-eabi/12.3.1/../../../../arm-none-eabi/lib/thumb/v6-m/nofp\libcr_nohost_nf.a(__ciob.o)
 .debug_info    0x0000fb89       0x5c d:/mcuxpressoide_11.9.0_2144/ide/plugins/com.nxp.mcuxpresso.tools.win32_11.9.0.202307121226/tools/bin/../lib/gcc/arm-none-eabi/12.3.1/../../../../arm-none-eabi/lib/thumb/v6-m/nofp\libcr_nohost_nf.a(__sys_close.o)
 .debug_info    0x0000fbe5       0x5c d:/mcuxpressoide_11.9.0_2144/ide/plugins/com.nxp.mcuxpresso.tools.win32_11.9.0.202307121226/tools/bin/../lib/gcc/arm-none-eabi/12.3.1/../../../../arm-none-eabi/lib/thumb/v6-m/nofp\libcr_nohost_nf.a(__sys_flen.o)
 .debug_info    0x0000fc41       0x5c d:/mcuxpressoide_11.9.0_2144/ide/plugins/com.nxp.mcuxpresso.tools.win32_11.9.0.202307121226/tools/bin/../lib/gcc/arm-none-eabi/12.3.1/../../../../arm-none-eabi/lib/thumb/v6-m/nofp\libcr_nohost_nf.a(__sys_istty.o)
 .debug_info    0x0000fc9d       0x7c d:/mcuxpressoide_11.9.0_2144/ide/plugins/com.nxp.mcuxpresso.tools.win32_11.9.0.202307121226/tools/bin/../lib/gcc/arm-none-eabi/12.3.1/../../../../arm-none-eabi/lib/thumb/v6-m/nofp\libcr_nohost_nf.a(__sys_remove.o)
 .debug_info    0x0000fd19       0x6a d:/mcuxpressoide_11.9.0_2144/ide/plugins/com.nxp.mcuxpresso.tools.win32_11.9.0.202307121226/tools/bin/../lib/gcc/arm-none-eabi/12.3.1/../../../../arm-none-eabi/lib/thumb/v6-m/nofp\libcr_nohost_nf.a(__sys_seek.o)
 .debug_info    0x0000fd83       0x85 d:/mcuxpressoide_11.9.0_2144/ide/plugins/com.nxp.mcuxpresso.tools.win32_11.9.0.202307121226/tools/bin/../lib/gcc/arm-none-eabi/12.3.1/../../../../arm-none-eabi/lib/thumb/v6-m/nofp\libcr_nohost_nf.a(__sys_tmpnam.o)
 .debug_info    0x0000fe08       0x85 d:/mcuxpressoide_11.9.0_2144/ide/plugins/com.nxp.mcuxpresso.tools.win32_11.9.0.202307121226/tools/bin/../lib/gcc/arm-none-eabi/12.3.1/../../../../arm-none-eabi/lib/thumb/v6-m/nofp\libcr_nohost_nf.a(__sys_write.o)

.debug_abbrev   0x00000000     0x3a65
 .debug_abbrev  0x00000000      0x2fd ./utilities/fsl_debug_console.o
 .debug_abbrev  0x000002fd      0x17a ./startup/startup_mkl25z4.o
 .debug_abbrev  0x00000477      0x396 ./source/MKL25Z4_Project_LockdoorSingleServo.o
 .debug_abbrev  0x0000080d       0x46 ./source/mtb.o
 .debug_abbrev  0x00000853       0x31 ./source/semihost_hardfault.o
 .debug_abbrev  0x00000884      0x376 ./drivers/fsl_clock.o
 .debug_abbrev  0x00000bfa      0x27e ./drivers/fsl_common.o
 .debug_abbrev  0x00000e78      0x36b ./drivers/fsl_i2c.o
 .debug_abbrev  0x000011e3      0x306 ./drivers/fsl_lpsci.o
 .debug_abbrev  0x000014e9      0x1bf ./drivers/fsl_lptmr.o
 .debug_abbrev  0x000016a8      0x206 ./drivers/fsl_tsi_v4.o
 .debug_abbrev  0x000018ae      0x320 ./drivers/fsl_uart.o
 .debug_abbrev  0x00001bce      0x14e ./board/board.o
 .debug_abbrev  0x00001d1c      0x225 ./board/clock_config.o
 .debug_abbrev  0x00001f41      0x189 ./board/pin_mux.o
 .debug_abbrev  0x000020ca      0x12e ./CMSIS/system_MKL25Z4.o
 .debug_abbrev  0x000021f8       0x62 d:/mcuxpressoide_11.9.0_2144/ide/plugins/com.nxp.mcuxpresso.tools.win32_11.9.0.202307121226/tools/bin/../lib/gcc/arm-none-eabi/12.3.1/../../../../arm-none-eabi/lib/thumb/v6-m/nofp\libcr_nohost_nf.a(_cr__main.o)
 .debug_abbrev  0x0000225a       0xa5 d:/mcuxpressoide_11.9.0_2144/ide/plugins/com.nxp.mcuxpresso.tools.win32_11.9.0.202307121226/tools/bin/../lib/gcc/arm-none-eabi/12.3.1/../../../../arm-none-eabi/lib/thumb/v6-m/nofp\libcr_c.a(memset.o)
 .debug_abbrev  0x000022ff      0x14b d:/mcuxpressoide_11.9.0_2144/ide/plugins/com.nxp.mcuxpresso.tools.win32_11.9.0.202307121226/tools/bin/../lib/gcc/arm-none-eabi/12.3.1/../../../../arm-none-eabi/lib/thumb/v6-m/nofp\libcr_c.a(initio.o)
 .debug_abbrev  0x0000244a       0xe1 d:/mcuxpressoide_11.9.0_2144/ide/plugins/com.nxp.mcuxpresso.tools.win32_11.9.0.202307121226/tools/bin/../lib/gcc/arm-none-eabi/12.3.1/../../../../arm-none-eabi/lib/thumb/v6-m/nofp\libcr_c.a(setvbuf.o)
 .debug_abbrev  0x0000252b       0xa5 d:/mcuxpressoide_11.9.0_2144/ide/plugins/com.nxp.mcuxpresso.tools.win32_11.9.0.202307121226/tools/bin/../lib/gcc/arm-none-eabi/12.3.1/../../../../arm-none-eabi/lib/thumb/v6-m/nofp\libcr_c.a(strlen.o)
 .debug_abbrev  0x000025d0      0x119 d:/mcuxpressoide_11.9.0_2144/ide/plugins/com.nxp.mcuxpresso.tools.win32_11.9.0.202307121226/tools/bin/../lib/gcc/arm-none-eabi/12.3.1/../../../../arm-none-eabi/lib/thumb/v6-m/nofp\libcr_c.a(_fdopen.o)
 .debug_abbrev  0x000026e9      0x158 d:/mcuxpressoide_11.9.0_2144/ide/plugins/com.nxp.mcuxpresso.tools.win32_11.9.0.202307121226/tools/bin/../lib/gcc/arm-none-eabi/12.3.1/../../../../arm-none-eabi/lib/thumb/v6-m/nofp\libcr_c.a(fclose.o)
 .debug_abbrev  0x00002841      0x122 d:/mcuxpressoide_11.9.0_2144/ide/plugins/com.nxp.mcuxpresso.tools.win32_11.9.0.202307121226/tools/bin/../lib/gcc/arm-none-eabi/12.3.1/../../../../arm-none-eabi/lib/thumb/v6-m/nofp\libcr_c.a(fflush.o)
 .debug_abbrev  0x00002963      0x11b d:/mcuxpressoide_11.9.0_2144/ide/plugins/com.nxp.mcuxpresso.tools.win32_11.9.0.202307121226/tools/bin/../lib/gcc/arm-none-eabi/12.3.1/../../../../arm-none-eabi/lib/thumb/v6-m/nofp\libcr_c.a(fseek.o)
 .debug_abbrev  0x00002a7e       0xc2 d:/mcuxpressoide_11.9.0_2144/ide/plugins/com.nxp.mcuxpresso.tools.win32_11.9.0.202307121226/tools/bin/../lib/gcc/arm-none-eabi/12.3.1/../../../../arm-none-eabi/lib/thumb/v6-m/nofp\libcr_c.a(ftell.o)
 .debug_abbrev  0x00002b40       0xed d:/mcuxpressoide_11.9.0_2144/ide/plugins/com.nxp.mcuxpresso.tools.win32_11.9.0.202307121226/tools/bin/../lib/gcc/arm-none-eabi/12.3.1/../../../../arm-none-eabi/lib/thumb/v6-m/nofp\libcr_c.a(remove.o)
 .debug_abbrev  0x00002c2d      0x12c d:/mcuxpressoide_11.9.0_2144/ide/plugins/com.nxp.mcuxpresso.tools.win32_11.9.0.202307121226/tools/bin/../lib/gcc/arm-none-eabi/12.3.1/../../../../arm-none-eabi/lib/thumb/v6-m/nofp\libcr_c.a(_do_fflush.o)
 .debug_abbrev  0x00002d59       0xf1 d:/mcuxpressoide_11.9.0_2144/ide/plugins/com.nxp.mcuxpresso.tools.win32_11.9.0.202307121226/tools/bin/../lib/gcc/arm-none-eabi/12.3.1/../../../../arm-none-eabi/lib/thumb/v6-m/nofp\libcr_c.a(_fflush.o)
 .debug_abbrev  0x00002e4a      0x126 d:/mcuxpressoide_11.9.0_2144/ide/plugins/com.nxp.mcuxpresso.tools.win32_11.9.0.202307121226/tools/bin/../lib/gcc/arm-none-eabi/12.3.1/../../../../arm-none-eabi/lib/thumb/v6-m/nofp\libcr_c.a(_writebuf.o)
 .debug_abbrev  0x00002f70      0x27b d:/mcuxpressoide_11.9.0_2144/ide/plugins/com.nxp.mcuxpresso.tools.win32_11.9.0.202307121226/tools/bin/../lib/gcc/arm-none-eabi/12.3.1/../../../../arm-none-eabi/lib/thumb/v6-m/nofp\libcr_c.a(alloc.o)
 .debug_abbrev  0x000031eb       0x44 d:/mcuxpressoide_11.9.0_2144/ide/plugins/com.nxp.mcuxpresso.tools.win32_11.9.0.202307121226/tools/bin/../lib/gcc/arm-none-eabi/12.3.1/../../../../arm-none-eabi/lib/thumb/v6-m/nofp\libcr_c.a(errno.o)
 .debug_abbrev  0x0000322f      0x147 d:/mcuxpressoide_11.9.0_2144/ide/plugins/com.nxp.mcuxpresso.tools.win32_11.9.0.202307121226/tools/bin/../lib/gcc/arm-none-eabi/12.3.1/../../../../arm-none-eabi/lib/thumb/v6-m/nofp\libcr_c.a(_deferredlazyseek.o)
 .debug_abbrev  0x00003376      0x37c d:/mcuxpressoide_11.9.0_2144/ide/plugins/com.nxp.mcuxpresso.tools.win32_11.9.0.202307121226/tools/bin/../lib/gcc/arm-none-eabi/12.3.1/thumb/v6-m/nofp\libcr_eabihelpers.a(float.o)
 .debug_abbrev  0x000036f2       0xb5 d:/mcuxpressoide_11.9.0_2144/ide/plugins/com.nxp.mcuxpresso.tools.win32_11.9.0.202307121226/tools/bin/../lib/gcc/arm-none-eabi/12.3.1/../../../../arm-none-eabi/lib/thumb/v6-m/nofp\libcr_nohost_nf.a(__ciob.o)
 .debug_abbrev  0x000037a7       0x51 d:/mcuxpressoide_11.9.0_2144/ide/plugins/com.nxp.mcuxpresso.tools.win32_11.9.0.202307121226/tools/bin/../lib/gcc/arm-none-eabi/12.3.1/../../../../arm-none-eabi/lib/thumb/v6-m/nofp\libcr_nohost_nf.a(__sys_close.o)
 .debug_abbrev  0x000037f8       0x51 d:/mcuxpressoide_11.9.0_2144/ide/plugins/com.nxp.mcuxpresso.tools.win32_11.9.0.202307121226/tools/bin/../lib/gcc/arm-none-eabi/12.3.1/../../../../arm-none-eabi/lib/thumb/v6-m/nofp\libcr_nohost_nf.a(__sys_flen.o)
 .debug_abbrev  0x00003849       0x51 d:/mcuxpressoide_11.9.0_2144/ide/plugins/com.nxp.mcuxpresso.tools.win32_11.9.0.202307121226/tools/bin/../lib/gcc/arm-none-eabi/12.3.1/../../../../arm-none-eabi/lib/thumb/v6-m/nofp\libcr_nohost_nf.a(__sys_istty.o)
 .debug_abbrev  0x0000389a       0x7d d:/mcuxpressoide_11.9.0_2144/ide/plugins/com.nxp.mcuxpresso.tools.win32_11.9.0.202307121226/tools/bin/../lib/gcc/arm-none-eabi/12.3.1/../../../../arm-none-eabi/lib/thumb/v6-m/nofp\libcr_nohost_nf.a(__sys_remove.o)
 .debug_abbrev  0x00003917       0x62 d:/mcuxpressoide_11.9.0_2144/ide/plugins/com.nxp.mcuxpresso.tools.win32_11.9.0.202307121226/tools/bin/../lib/gcc/arm-none-eabi/12.3.1/../../../../arm-none-eabi/lib/thumb/v6-m/nofp\libcr_nohost_nf.a(__sys_seek.o)
 .debug_abbrev  0x00003979       0x76 d:/mcuxpressoide_11.9.0_2144/ide/plugins/com.nxp.mcuxpresso.tools.win32_11.9.0.202307121226/tools/bin/../lib/gcc/arm-none-eabi/12.3.1/../../../../arm-none-eabi/lib/thumb/v6-m/nofp\libcr_nohost_nf.a(__sys_tmpnam.o)
 .debug_abbrev  0x000039ef       0x76 d:/mcuxpressoide_11.9.0_2144/ide/plugins/com.nxp.mcuxpresso.tools.win32_11.9.0.202307121226/tools/bin/../lib/gcc/arm-none-eabi/12.3.1/../../../../arm-none-eabi/lib/thumb/v6-m/nofp\libcr_nohost_nf.a(__sys_write.o)

.debug_aranges  0x00000000      0xf00
 .debug_aranges
                0x00000000       0x90 ./utilities/fsl_debug_console.o
 .debug_aranges
                0x00000090      0x160 ./startup/startup_mkl25z4.o
 .debug_aranges
                0x000001f0       0xd8 ./source/MKL25Z4_Project_LockdoorSingleServo.o
 .debug_aranges
                0x000002c8       0x18 ./source/mtb.o
 .debug_aranges
                0x000002e0       0x20 ./source/semihost_hardfault.o
 .debug_aranges
                0x00000300      0x1d8 ./drivers/fsl_clock.o
 .debug_aranges
                0x000004d8       0x38 ./drivers/fsl_common.o
 .debug_aranges
                0x00000510      0x178 ./drivers/fsl_i2c.o
 .debug_aranges
                0x00000688      0x118 ./drivers/fsl_lpsci.o
 .debug_aranges
                0x000007a0       0x48 ./drivers/fsl_lptmr.o
 .debug_aranges
                0x000007e8       0xe0 ./drivers/fsl_tsi_v4.o
 .debug_aranges
                0x000008c8      0x130 ./drivers/fsl_uart.o
 .debug_aranges
                0x000009f8       0x28 ./board/board.o
 .debug_aranges
                0x00000a20       0x58 ./board/clock_config.o
 .debug_aranges
                0x00000a78       0x38 ./board/pin_mux.o
 .debug_aranges
                0x00000ab0       0x28 ./CMSIS/system_MKL25Z4.o
 .debug_aranges
                0x00000ad8       0x20 d:/mcuxpressoide_11.9.0_2144/ide/plugins/com.nxp.mcuxpresso.tools.win32_11.9.0.202307121226/tools/bin/../lib/gcc/arm-none-eabi/12.3.1/../../../../arm-none-eabi/lib/thumb/v6-m/nofp\libcr_nohost_nf.a(_cr__main.o)
 .debug_aranges
                0x00000af8       0x20 d:/mcuxpressoide_11.9.0_2144/ide/plugins/com.nxp.mcuxpresso.tools.win32_11.9.0.202307121226/tools/bin/../lib/gcc/arm-none-eabi/12.3.1/../../../../arm-none-eabi/lib/thumb/v6-m/nofp\libcr_c.a(memset.o)
 .debug_aranges
                0x00000b18       0x28 d:/mcuxpressoide_11.9.0_2144/ide/plugins/com.nxp.mcuxpresso.tools.win32_11.9.0.202307121226/tools/bin/../lib/gcc/arm-none-eabi/12.3.1/../../../../arm-none-eabi/lib/thumb/v6-m/nofp\libcr_c.a(initio.o)
 .debug_aranges
                0x00000b40       0x20 d:/mcuxpressoide_11.9.0_2144/ide/plugins/com.nxp.mcuxpresso.tools.win32_11.9.0.202307121226/tools/bin/../lib/gcc/arm-none-eabi/12.3.1/../../../../arm-none-eabi/lib/thumb/v6-m/nofp\libcr_c.a(setvbuf.o)
 .debug_aranges
                0x00000b60       0x20 d:/mcuxpressoide_11.9.0_2144/ide/plugins/com.nxp.mcuxpresso.tools.win32_11.9.0.202307121226/tools/bin/../lib/gcc/arm-none-eabi/12.3.1/../../../../arm-none-eabi/lib/thumb/v6-m/nofp\libcr_c.a(strlen.o)
 .debug_aranges
                0x00000b80       0x20 d:/mcuxpressoide_11.9.0_2144/ide/plugins/com.nxp.mcuxpresso.tools.win32_11.9.0.202307121226/tools/bin/../lib/gcc/arm-none-eabi/12.3.1/../../../../arm-none-eabi/lib/thumb/v6-m/nofp\libcr_c.a(_fdopen.o)
 .debug_aranges
                0x00000ba0       0x20 d:/mcuxpressoide_11.9.0_2144/ide/plugins/com.nxp.mcuxpresso.tools.win32_11.9.0.202307121226/tools/bin/../lib/gcc/arm-none-eabi/12.3.1/../../../../arm-none-eabi/lib/thumb/v6-m/nofp\libcr_c.a(fclose.o)
 .debug_aranges
                0x00000bc0       0x20 d:/mcuxpressoide_11.9.0_2144/ide/plugins/com.nxp.mcuxpresso.tools.win32_11.9.0.202307121226/tools/bin/../lib/gcc/arm-none-eabi/12.3.1/../../../../arm-none-eabi/lib/thumb/v6-m/nofp\libcr_c.a(fflush.o)
 .debug_aranges
                0x00000be0       0x20 d:/mcuxpressoide_11.9.0_2144/ide/plugins/com.nxp.mcuxpresso.tools.win32_11.9.0.202307121226/tools/bin/../lib/gcc/arm-none-eabi/12.3.1/../../../../arm-none-eabi/lib/thumb/v6-m/nofp\libcr_c.a(fseek.o)
 .debug_aranges
                0x00000c00       0x20 d:/mcuxpressoide_11.9.0_2144/ide/plugins/com.nxp.mcuxpresso.tools.win32_11.9.0.202307121226/tools/bin/../lib/gcc/arm-none-eabi/12.3.1/../../../../arm-none-eabi/lib/thumb/v6-m/nofp\libcr_c.a(ftell.o)
 .debug_aranges
                0x00000c20       0x28 d:/mcuxpressoide_11.9.0_2144/ide/plugins/com.nxp.mcuxpresso.tools.win32_11.9.0.202307121226/tools/bin/../lib/gcc/arm-none-eabi/12.3.1/../../../../arm-none-eabi/lib/thumb/v6-m/nofp\libcr_c.a(remove.o)
 .debug_aranges
                0x00000c48       0x20 d:/mcuxpressoide_11.9.0_2144/ide/plugins/com.nxp.mcuxpresso.tools.win32_11.9.0.202307121226/tools/bin/../lib/gcc/arm-none-eabi/12.3.1/../../../../arm-none-eabi/lib/thumb/v6-m/nofp\libcr_c.a(_do_fflush.o)
 .debug_aranges
                0x00000c68       0x20 d:/mcuxpressoide_11.9.0_2144/ide/plugins/com.nxp.mcuxpresso.tools.win32_11.9.0.202307121226/tools/bin/../lib/gcc/arm-none-eabi/12.3.1/../../../../arm-none-eabi/lib/thumb/v6-m/nofp\libcr_c.a(_fflush.o)
 .debug_aranges
                0x00000c88       0x20 d:/mcuxpressoide_11.9.0_2144/ide/plugins/com.nxp.mcuxpresso.tools.win32_11.9.0.202307121226/tools/bin/../lib/gcc/arm-none-eabi/12.3.1/../../../../arm-none-eabi/lib/thumb/v6-m/nofp\libcr_c.a(_writebuf.o)
 .debug_aranges
                0x00000ca8       0x40 d:/mcuxpressoide_11.9.0_2144/ide/plugins/com.nxp.mcuxpresso.tools.win32_11.9.0.202307121226/tools/bin/../lib/gcc/arm-none-eabi/12.3.1/../../../../arm-none-eabi/lib/thumb/v6-m/nofp\libcr_c.a(alloc.o)
 .debug_aranges
                0x00000ce8       0x18 d:/mcuxpressoide_11.9.0_2144/ide/plugins/com.nxp.mcuxpresso.tools.win32_11.9.0.202307121226/tools/bin/../lib/gcc/arm-none-eabi/12.3.1/../../../../arm-none-eabi/lib/thumb/v6-m/nofp\libcr_c.a(errno.o)
 .debug_aranges
                0x00000d00       0x28 d:/mcuxpressoide_11.9.0_2144/ide/plugins/com.nxp.mcuxpresso.tools.win32_11.9.0.202307121226/tools/bin/../lib/gcc/arm-none-eabi/12.3.1/../../../../arm-none-eabi/lib/thumb/v6-m/nofp\libcr_c.a(_deferredlazyseek.o)
 .debug_aranges
                0x00000d28       0xe0 d:/mcuxpressoide_11.9.0_2144/ide/plugins/com.nxp.mcuxpresso.tools.win32_11.9.0.202307121226/tools/bin/../lib/gcc/arm-none-eabi/12.3.1/thumb/v6-m/nofp\libcr_eabihelpers.a(float.o)
 .debug_aranges
                0x00000e08       0x18 d:/mcuxpressoide_11.9.0_2144/ide/plugins/com.nxp.mcuxpresso.tools.win32_11.9.0.202307121226/tools/bin/../lib/gcc/arm-none-eabi/12.3.1/../../../../arm-none-eabi/lib/thumb/v6-m/nofp\libcr_nohost_nf.a(__ciob.o)
 .debug_aranges
                0x00000e20       0x20 d:/mcuxpressoide_11.9.0_2144/ide/plugins/com.nxp.mcuxpresso.tools.win32_11.9.0.202307121226/tools/bin/../lib/gcc/arm-none-eabi/12.3.1/../../../../arm-none-eabi/lib/thumb/v6-m/nofp\libcr_nohost_nf.a(__sys_close.o)
 .debug_aranges
                0x00000e40       0x20 d:/mcuxpressoide_11.9.0_2144/ide/plugins/com.nxp.mcuxpresso.tools.win32_11.9.0.202307121226/tools/bin/../lib/gcc/arm-none-eabi/12.3.1/../../../../arm-none-eabi/lib/thumb/v6-m/nofp\libcr_nohost_nf.a(__sys_flen.o)
 .debug_aranges
                0x00000e60       0x20 d:/mcuxpressoide_11.9.0_2144/ide/plugins/com.nxp.mcuxpresso.tools.win32_11.9.0.202307121226/tools/bin/../lib/gcc/arm-none-eabi/12.3.1/../../../../arm-none-eabi/lib/thumb/v6-m/nofp\libcr_nohost_nf.a(__sys_istty.o)
 .debug_aranges
                0x00000e80       0x20 d:/mcuxpressoide_11.9.0_2144/ide/plugins/com.nxp.mcuxpresso.tools.win32_11.9.0.202307121226/tools/bin/../lib/gcc/arm-none-eabi/12.3.1/../../../../arm-none-eabi/lib/thumb/v6-m/nofp\libcr_nohost_nf.a(__sys_remove.o)
 .debug_aranges
                0x00000ea0       0x20 d:/mcuxpressoide_11.9.0_2144/ide/plugins/com.nxp.mcuxpresso.tools.win32_11.9.0.202307121226/tools/bin/../lib/gcc/arm-none-eabi/12.3.1/../../../../arm-none-eabi/lib/thumb/v6-m/nofp\libcr_nohost_nf.a(__sys_seek.o)
 .debug_aranges
                0x00000ec0       0x20 d:/mcuxpressoide_11.9.0_2144/ide/plugins/com.nxp.mcuxpresso.tools.win32_11.9.0.202307121226/tools/bin/../lib/gcc/arm-none-eabi/12.3.1/../../../../arm-none-eabi/lib/thumb/v6-m/nofp\libcr_nohost_nf.a(__sys_tmpnam.o)
 .debug_aranges
                0x00000ee0       0x20 d:/mcuxpressoide_11.9.0_2144/ide/plugins/com.nxp.mcuxpresso.tools.win32_11.9.0.202307121226/tools/bin/../lib/gcc/arm-none-eabi/12.3.1/../../../../arm-none-eabi/lib/thumb/v6-m/nofp\libcr_nohost_nf.a(__sys_write.o)

.debug_ranges   0x00000000      0xeb8
 .debug_ranges  0x00000000       0x80 ./utilities/fsl_debug_console.o
 .debug_ranges  0x00000080      0x150 ./startup/startup_mkl25z4.o
 .debug_ranges  0x000001d0       0xc8 ./source/MKL25Z4_Project_LockdoorSingleServo.o
 .debug_ranges  0x00000298       0x10 ./source/semihost_hardfault.o
 .debug_ranges  0x000002a8      0x1c8 ./drivers/fsl_clock.o
 .debug_ranges  0x00000470       0x28 ./drivers/fsl_common.o
 .debug_ranges  0x00000498      0x168 ./drivers/fsl_i2c.o
 .debug_ranges  0x00000600      0x108 ./drivers/fsl_lpsci.o
 .debug_ranges  0x00000708       0x38 ./drivers/fsl_lptmr.o
 .debug_ranges  0x00000740       0xd0 ./drivers/fsl_tsi_v4.o
 .debug_ranges  0x00000810      0x120 ./drivers/fsl_uart.o
 .debug_ranges  0x00000930       0x18 ./board/board.o
 .debug_ranges  0x00000948       0x48 ./board/clock_config.o
 .debug_ranges  0x00000990       0x28 ./board/pin_mux.o
 .debug_ranges  0x000009b8       0x18 ./CMSIS/system_MKL25Z4.o
 .debug_ranges  0x000009d0       0x10 d:/mcuxpressoide_11.9.0_2144/ide/plugins/com.nxp.mcuxpresso.tools.win32_11.9.0.202307121226/tools/bin/../lib/gcc/arm-none-eabi/12.3.1/../../../../arm-none-eabi/lib/thumb/v6-m/nofp\libcr_nohost_nf.a(_cr__main.o)
 .debug_ranges  0x000009e0       0x10 d:/mcuxpressoide_11.9.0_2144/ide/plugins/com.nxp.mcuxpresso.tools.win32_11.9.0.202307121226/tools/bin/../lib/gcc/arm-none-eabi/12.3.1/../../../../arm-none-eabi/lib/thumb/v6-m/nofp\libcr_c.a(memset.o)
 .debug_ranges  0x000009f0       0x38 d:/mcuxpressoide_11.9.0_2144/ide/plugins/com.nxp.mcuxpresso.tools.win32_11.9.0.202307121226/tools/bin/../lib/gcc/arm-none-eabi/12.3.1/../../../../arm-none-eabi/lib/thumb/v6-m/nofp\libcr_c.a(initio.o)
 .debug_ranges  0x00000a28       0x10 d:/mcuxpressoide_11.9.0_2144/ide/plugins/com.nxp.mcuxpresso.tools.win32_11.9.0.202307121226/tools/bin/../lib/gcc/arm-none-eabi/12.3.1/../../../../arm-none-eabi/lib/thumb/v6-m/nofp\libcr_c.a(setvbuf.o)
 .debug_ranges  0x00000a38       0x28 d:/mcuxpressoide_11.9.0_2144/ide/plugins/com.nxp.mcuxpresso.tools.win32_11.9.0.202307121226/tools/bin/../lib/gcc/arm-none-eabi/12.3.1/../../../../arm-none-eabi/lib/thumb/v6-m/nofp\libcr_c.a(strlen.o)
 .debug_ranges  0x00000a60       0x10 d:/mcuxpressoide_11.9.0_2144/ide/plugins/com.nxp.mcuxpresso.tools.win32_11.9.0.202307121226/tools/bin/../lib/gcc/arm-none-eabi/12.3.1/../../../../arm-none-eabi/lib/thumb/v6-m/nofp\libcr_c.a(_fdopen.o)
 .debug_ranges  0x00000a70       0x10 d:/mcuxpressoide_11.9.0_2144/ide/plugins/com.nxp.mcuxpresso.tools.win32_11.9.0.202307121226/tools/bin/../lib/gcc/arm-none-eabi/12.3.1/../../../../arm-none-eabi/lib/thumb/v6-m/nofp\libcr_c.a(fclose.o)
 .debug_ranges  0x00000a80       0x28 d:/mcuxpressoide_11.9.0_2144/ide/plugins/com.nxp.mcuxpresso.tools.win32_11.9.0.202307121226/tools/bin/../lib/gcc/arm-none-eabi/12.3.1/../../../../arm-none-eabi/lib/thumb/v6-m/nofp\libcr_c.a(fflush.o)
 .debug_ranges  0x00000aa8       0x10 d:/mcuxpressoide_11.9.0_2144/ide/plugins/com.nxp.mcuxpresso.tools.win32_11.9.0.202307121226/tools/bin/../lib/gcc/arm-none-eabi/12.3.1/../../../../arm-none-eabi/lib/thumb/v6-m/nofp\libcr_c.a(fseek.o)
 .debug_ranges  0x00000ab8       0x10 d:/mcuxpressoide_11.9.0_2144/ide/plugins/com.nxp.mcuxpresso.tools.win32_11.9.0.202307121226/tools/bin/../lib/gcc/arm-none-eabi/12.3.1/../../../../arm-none-eabi/lib/thumb/v6-m/nofp\libcr_c.a(ftell.o)
 .debug_ranges  0x00000ac8       0x18 d:/mcuxpressoide_11.9.0_2144/ide/plugins/com.nxp.mcuxpresso.tools.win32_11.9.0.202307121226/tools/bin/../lib/gcc/arm-none-eabi/12.3.1/../../../../arm-none-eabi/lib/thumb/v6-m/nofp\libcr_c.a(remove.o)
 .debug_ranges  0x00000ae0       0x28 d:/mcuxpressoide_11.9.0_2144/ide/plugins/com.nxp.mcuxpresso.tools.win32_11.9.0.202307121226/tools/bin/../lib/gcc/arm-none-eabi/12.3.1/../../../../arm-none-eabi/lib/thumb/v6-m/nofp\libcr_c.a(_do_fflush.o)
 .debug_ranges  0x00000b08       0x10 d:/mcuxpressoide_11.9.0_2144/ide/plugins/com.nxp.mcuxpresso.tools.win32_11.9.0.202307121226/tools/bin/../lib/gcc/arm-none-eabi/12.3.1/../../../../arm-none-eabi/lib/thumb/v6-m/nofp\libcr_c.a(_fflush.o)
 .debug_ranges  0x00000b18       0x10 d:/mcuxpressoide_11.9.0_2144/ide/plugins/com.nxp.mcuxpresso.tools.win32_11.9.0.202307121226/tools/bin/../lib/gcc/arm-none-eabi/12.3.1/../../../../arm-none-eabi/lib/thumb/v6-m/nofp\libcr_c.a(_writebuf.o)
 .debug_ranges  0x00000b28       0x50 d:/mcuxpressoide_11.9.0_2144/ide/plugins/com.nxp.mcuxpresso.tools.win32_11.9.0.202307121226/tools/bin/../lib/gcc/arm-none-eabi/12.3.1/../../../../arm-none-eabi/lib/thumb/v6-m/nofp\libcr_c.a(alloc.o)
 .debug_ranges  0x00000b78       0x50 d:/mcuxpressoide_11.9.0_2144/ide/plugins/com.nxp.mcuxpresso.tools.win32_11.9.0.202307121226/tools/bin/../lib/gcc/arm-none-eabi/12.3.1/../../../../arm-none-eabi/lib/thumb/v6-m/nofp\libcr_c.a(_deferredlazyseek.o)
 .debug_ranges  0x00000bc8      0x280 d:/mcuxpressoide_11.9.0_2144/ide/plugins/com.nxp.mcuxpresso.tools.win32_11.9.0.202307121226/tools/bin/../lib/gcc/arm-none-eabi/12.3.1/thumb/v6-m/nofp\libcr_eabihelpers.a(float.o)
 .debug_ranges  0x00000e48       0x10 d:/mcuxpressoide_11.9.0_2144/ide/plugins/com.nxp.mcuxpresso.tools.win32_11.9.0.202307121226/tools/bin/../lib/gcc/arm-none-eabi/12.3.1/../../../../arm-none-eabi/lib/thumb/v6-m/nofp\libcr_nohost_nf.a(__sys_close.o)
 .debug_ranges  0x00000e58       0x10 d:/mcuxpressoide_11.9.0_2144/ide/plugins/com.nxp.mcuxpresso.tools.win32_11.9.0.202307121226/tools/bin/../lib/gcc/arm-none-eabi/12.3.1/../../../../arm-none-eabi/lib/thumb/v6-m/nofp\libcr_nohost_nf.a(__sys_flen.o)
 .debug_ranges  0x00000e68       0x10 d:/mcuxpressoide_11.9.0_2144/ide/plugins/com.nxp.mcuxpresso.tools.win32_11.9.0.202307121226/tools/bin/../lib/gcc/arm-none-eabi/12.3.1/../../../../arm-none-eabi/lib/thumb/v6-m/nofp\libcr_nohost_nf.a(__sys_istty.o)
 .debug_ranges  0x00000e78       0x10 d:/mcuxpressoide_11.9.0_2144/ide/plugins/com.nxp.mcuxpresso.tools.win32_11.9.0.202307121226/tools/bin/../lib/gcc/arm-none-eabi/12.3.1/../../../../arm-none-eabi/lib/thumb/v6-m/nofp\libcr_nohost_nf.a(__sys_remove.o)
 .debug_ranges  0x00000e88       0x10 d:/mcuxpressoide_11.9.0_2144/ide/plugins/com.nxp.mcuxpresso.tools.win32_11.9.0.202307121226/tools/bin/../lib/gcc/arm-none-eabi/12.3.1/../../../../arm-none-eabi/lib/thumb/v6-m/nofp\libcr_nohost_nf.a(__sys_seek.o)
 .debug_ranges  0x00000e98       0x10 d:/mcuxpressoide_11.9.0_2144/ide/plugins/com.nxp.mcuxpresso.tools.win32_11.9.0.202307121226/tools/bin/../lib/gcc/arm-none-eabi/12.3.1/../../../../arm-none-eabi/lib/thumb/v6-m/nofp\libcr_nohost_nf.a(__sys_tmpnam.o)
 .debug_ranges  0x00000ea8       0x10 d:/mcuxpressoide_11.9.0_2144/ide/plugins/com.nxp.mcuxpresso.tools.win32_11.9.0.202307121226/tools/bin/../lib/gcc/arm-none-eabi/12.3.1/../../../../arm-none-eabi/lib/thumb/v6-m/nofp\libcr_nohost_nf.a(__sys_write.o)

.debug_macro    0x00000000     0x8fa4
 .debug_macro   0x00000000      0x127 ./utilities/fsl_debug_console.o
 .debug_macro   0x00000127      0xac0 ./utilities/fsl_debug_console.o
 .debug_macro   0x00000be7       0x10 ./utilities/fsl_debug_console.o
 .debug_macro   0x00000bf7       0x16 ./utilities/fsl_debug_console.o
 .debug_macro   0x00000c0d       0x10 ./utilities/fsl_debug_console.o
 .debug_macro   0x00000c1d      0x12e ./utilities/fsl_debug_console.o
 .debug_macro   0x00000d4b       0x28 ./utilities/fsl_debug_console.o
 .debug_macro   0x00000d73       0xc4 ./utilities/fsl_debug_console.o
 .debug_macro   0x00000e37       0x16 ./utilities/fsl_debug_console.o
 .debug_macro   0x00000e4d       0x22 ./utilities/fsl_debug_console.o
 .debug_macro   0x00000e6f      0x5b3 ./utilities/fsl_debug_console.o
 .debug_macro   0x00001422       0x10 ./utilities/fsl_debug_console.o
 .debug_macro   0x00001432       0x3f ./utilities/fsl_debug_console.o
 .debug_macro   0x00001471       0x3a ./utilities/fsl_debug_console.o
 .debug_macro   0x000014ab       0x26 ./utilities/fsl_debug_console.o
 .debug_macro   0x000014d1      0x329 ./utilities/fsl_debug_console.o
 .debug_macro   0x000017fa       0x30 ./utilities/fsl_debug_console.o
 .debug_macro   0x0000182a     0x51e2 ./utilities/fsl_debug_console.o
 .debug_macro   0x00006a0c     0x1352 ./utilities/fsl_debug_console.o
 .debug_macro   0x00007d5e       0x3a ./utilities/fsl_debug_console.o
 .debug_macro   0x00007d98       0xf4 ./utilities/fsl_debug_console.o
 .debug_macro   0x00007e8c       0x35 ./utilities/fsl_debug_console.o
 .debug_macro   0x00007ec1       0x2e ./utilities/fsl_debug_console.o
 .debug_macro   0x00007eef       0x10 ./utilities/fsl_debug_console.o
 .debug_macro   0x00007eff       0x10 ./utilities/fsl_debug_console.o
 .debug_macro   0x00007f0f       0x29 ./startup/startup_mkl25z4.o
 .debug_macro   0x00007f38      0x1f4 ./source/MKL25Z4_Project_LockdoorSingleServo.o
 .debug_macro   0x0000812c       0x1c ./source/MKL25Z4_Project_LockdoorSingleServo.o
 .debug_macro   0x00008148       0x16 ./source/MKL25Z4_Project_LockdoorSingleServo.o
 .debug_macro   0x0000815e       0x10 ./source/MKL25Z4_Project_LockdoorSingleServo.o
 .debug_macro   0x0000816e      0x112 ./source/MKL25Z4_Project_LockdoorSingleServo.o
 .debug_macro   0x00008280       0x2e ./source/MKL25Z4_Project_LockdoorSingleServo.o
 .debug_macro   0x000082ae       0x34 ./source/MKL25Z4_Project_LockdoorSingleServo.o
 .debug_macro   0x000082e2       0x10 ./source/MKL25Z4_Project_LockdoorSingleServo.o
 .debug_macro   0x000082f2       0x16 ./source/MKL25Z4_Project_LockdoorSingleServo.o
 .debug_macro   0x00008308       0xa6 ./source/MKL25Z4_Project_LockdoorSingleServo.o
 .debug_macro   0x000083ae       0x2f ./source/mtb.o
 .debug_macro   0x000083dd       0x82 ./source/mtb.o
 .debug_macro   0x0000845f       0x10 ./source/mtb.o
 .debug_macro   0x0000846f       0x11 ./source/semihost_hardfault.o
 .debug_macro   0x00008480      0x196 ./drivers/fsl_clock.o
 .debug_macro   0x00008616       0xef ./drivers/fsl_common.o
 .debug_macro   0x00008705       0xeb ./drivers/fsl_i2c.o
 .debug_macro   0x000087f0       0x10 ./drivers/fsl_i2c.o
 .debug_macro   0x00008800       0xec ./drivers/fsl_lpsci.o
 .debug_macro   0x000088ec       0xec ./drivers/fsl_lptmr.o
 .debug_macro   0x000089d8       0xeb ./drivers/fsl_tsi_v4.o
 .debug_macro   0x00008ac3       0x28 ./drivers/fsl_tsi_v4.o
 .debug_macro   0x00008aeb       0xf2 ./drivers/fsl_uart.o
 .debug_macro   0x00008bdd      0x112 ./board/board.o
 .debug_macro   0x00008cef      0x123 ./board/clock_config.o
 .debug_macro   0x00008e12       0xee ./board/pin_mux.o
 .debug_macro   0x00008f00       0x10 ./board/pin_mux.o
 .debug_macro   0x00008f10       0x94 ./CMSIS/system_MKL25Z4.o

.debug_line     0x00000000     0xaae2
 .debug_line    0x00000000      0xcc0 ./utilities/fsl_debug_console.o
 .debug_line    0x00000cc0      0x310 ./startup/startup_mkl25z4.o
 .debug_line    0x00000fd0      0x920 ./source/MKL25Z4_Project_LockdoorSingleServo.o
 .debug_line    0x000018f0       0xcd ./source/mtb.o
 .debug_line    0x000019bd       0x59 ./source/semihost_hardfault.o
 .debug_line    0x00001a16     0x132d ./drivers/fsl_clock.o
 .debug_line    0x00002d43      0x478 ./drivers/fsl_common.o
 .debug_line    0x000031bb     0x12f1 ./drivers/fsl_i2c.o
 .debug_line    0x000044ac      0xd81 ./drivers/fsl_lpsci.o
 .debug_line    0x0000522d      0x3ed ./drivers/fsl_lptmr.o
 .debug_line    0x0000561a      0x79c ./drivers/fsl_tsi_v4.o
 .debug_line    0x00005db6      0xd5d ./drivers/fsl_uart.o
 .debug_line    0x00006b13      0x3ec ./board/board.o
 .debug_line    0x00006eff      0x435 ./board/clock_config.o
 .debug_line    0x00007334      0x3b4 ./board/pin_mux.o
 .debug_line    0x000076e8      0x32b ./CMSIS/system_MKL25Z4.o
 .debug_line    0x00007a13       0xcd d:/mcuxpressoide_11.9.0_2144/ide/plugins/com.nxp.mcuxpresso.tools.win32_11.9.0.202307121226/tools/bin/../lib/gcc/arm-none-eabi/12.3.1/../../../../arm-none-eabi/lib/thumb/v6-m/nofp\libcr_nohost_nf.a(_cr__main.o)
 .debug_line    0x00007ae0       0x82 d:/mcuxpressoide_11.9.0_2144/ide/plugins/com.nxp.mcuxpresso.tools.win32_11.9.0.202307121226/tools/bin/../lib/gcc/arm-none-eabi/12.3.1/../../../../arm-none-eabi/lib/thumb/v6-m/nofp\libcr_c.a(memset.o)
 .debug_line    0x00007b62      0x126 d:/mcuxpressoide_11.9.0_2144/ide/plugins/com.nxp.mcuxpresso.tools.win32_11.9.0.202307121226/tools/bin/../lib/gcc/arm-none-eabi/12.3.1/../../../../arm-none-eabi/lib/thumb/v6-m/nofp\libcr_c.a(initio.o)
 .debug_line    0x00007c88       0xf7 d:/mcuxpressoide_11.9.0_2144/ide/plugins/com.nxp.mcuxpresso.tools.win32_11.9.0.202307121226/tools/bin/../lib/gcc/arm-none-eabi/12.3.1/../../../../arm-none-eabi/lib/thumb/v6-m/nofp\libcr_c.a(setvbuf.o)
 .debug_line    0x00007d7f      0x11b d:/mcuxpressoide_11.9.0_2144/ide/plugins/com.nxp.mcuxpresso.tools.win32_11.9.0.202307121226/tools/bin/../lib/gcc/arm-none-eabi/12.3.1/../../../../arm-none-eabi/lib/thumb/v6-m/nofp\libcr_c.a(strlen.o)
 .debug_line    0x00007e9a      0x15f d:/mcuxpressoide_11.9.0_2144/ide/plugins/com.nxp.mcuxpresso.tools.win32_11.9.0.202307121226/tools/bin/../lib/gcc/arm-none-eabi/12.3.1/../../../../arm-none-eabi/lib/thumb/v6-m/nofp\libcr_c.a(_fdopen.o)
 .debug_line    0x00007ff9      0x107 d:/mcuxpressoide_11.9.0_2144/ide/plugins/com.nxp.mcuxpresso.tools.win32_11.9.0.202307121226/tools/bin/../lib/gcc/arm-none-eabi/12.3.1/../../../../arm-none-eabi/lib/thumb/v6-m/nofp\libcr_c.a(fclose.o)
 .debug_line    0x00008100       0xcf d:/mcuxpressoide_11.9.0_2144/ide/plugins/com.nxp.mcuxpresso.tools.win32_11.9.0.202307121226/tools/bin/../lib/gcc/arm-none-eabi/12.3.1/../../../../arm-none-eabi/lib/thumb/v6-m/nofp\libcr_c.a(fflush.o)
 .debug_line    0x000081cf      0x242 d:/mcuxpressoide_11.9.0_2144/ide/plugins/com.nxp.mcuxpresso.tools.win32_11.9.0.202307121226/tools/bin/../lib/gcc/arm-none-eabi/12.3.1/../../../../arm-none-eabi/lib/thumb/v6-m/nofp\libcr_c.a(fseek.o)
 .debug_line    0x00008411      0x10c d:/mcuxpressoide_11.9.0_2144/ide/plugins/com.nxp.mcuxpresso.tools.win32_11.9.0.202307121226/tools/bin/../lib/gcc/arm-none-eabi/12.3.1/../../../../arm-none-eabi/lib/thumb/v6-m/nofp\libcr_c.a(ftell.o)
 .debug_line    0x0000851d       0xe2 d:/mcuxpressoide_11.9.0_2144/ide/plugins/com.nxp.mcuxpresso.tools.win32_11.9.0.202307121226/tools/bin/../lib/gcc/arm-none-eabi/12.3.1/../../../../arm-none-eabi/lib/thumb/v6-m/nofp\libcr_c.a(remove.o)
 .debug_line    0x000085ff      0x118 d:/mcuxpressoide_11.9.0_2144/ide/plugins/com.nxp.mcuxpresso.tools.win32_11.9.0.202307121226/tools/bin/../lib/gcc/arm-none-eabi/12.3.1/../../../../arm-none-eabi/lib/thumb/v6-m/nofp\libcr_c.a(_do_fflush.o)
 .debug_line    0x00008717      0x11f d:/mcuxpressoide_11.9.0_2144/ide/plugins/com.nxp.mcuxpresso.tools.win32_11.9.0.202307121226/tools/bin/../lib/gcc/arm-none-eabi/12.3.1/../../../../arm-none-eabi/lib/thumb/v6-m/nofp\libcr_c.a(_fflush.o)
 .debug_line    0x00008836      0x139 d:/mcuxpressoide_11.9.0_2144/ide/plugins/com.nxp.mcuxpresso.tools.win32_11.9.0.202307121226/tools/bin/../lib/gcc/arm-none-eabi/12.3.1/../../../../arm-none-eabi/lib/thumb/v6-m/nofp\libcr_c.a(_writebuf.o)
 .debug_line    0x0000896f      0x3db d:/mcuxpressoide_11.9.0_2144/ide/plugins/com.nxp.mcuxpresso.tools.win32_11.9.0.202307121226/tools/bin/../lib/gcc/arm-none-eabi/12.3.1/../../../../arm-none-eabi/lib/thumb/v6-m/nofp\libcr_c.a(alloc.o)
 .debug_line    0x00008d4a       0x4e d:/mcuxpressoide_11.9.0_2144/ide/plugins/com.nxp.mcuxpresso.tools.win32_11.9.0.202307121226/tools/bin/../lib/gcc/arm-none-eabi/12.3.1/../../../../arm-none-eabi/lib/thumb/v6-m/nofp\libcr_c.a(errno.o)
 .debug_line    0x00008d98      0x305 d:/mcuxpressoide_11.9.0_2144/ide/plugins/com.nxp.mcuxpresso.tools.win32_11.9.0.202307121226/tools/bin/../lib/gcc/arm-none-eabi/12.3.1/../../../../arm-none-eabi/lib/thumb/v6-m/nofp\libcr_c.a(_deferredlazyseek.o)
 .debug_line    0x0000909d     0x1725 d:/mcuxpressoide_11.9.0_2144/ide/plugins/com.nxp.mcuxpresso.tools.win32_11.9.0.202307121226/tools/bin/../lib/gcc/arm-none-eabi/12.3.1/thumb/v6-m/nofp\libcr_eabihelpers.a(float.o)
 .debug_line    0x0000a7c2       0xf2 d:/mcuxpressoide_11.9.0_2144/ide/plugins/com.nxp.mcuxpresso.tools.win32_11.9.0.202307121226/tools/bin/../lib/gcc/arm-none-eabi/12.3.1/../../../../arm-none-eabi/lib/thumb/v6-m/nofp\libcr_nohost_nf.a(__ciob.o)
 .debug_line    0x0000a8b4       0x50 d:/mcuxpressoide_11.9.0_2144/ide/plugins/com.nxp.mcuxpresso.tools.win32_11.9.0.202307121226/tools/bin/../lib/gcc/arm-none-eabi/12.3.1/../../../../arm-none-eabi/lib/thumb/v6-m/nofp\libcr_nohost_nf.a(__sys_close.o)
 .debug_line    0x0000a904       0x4f d:/mcuxpressoide_11.9.0_2144/ide/plugins/com.nxp.mcuxpresso.tools.win32_11.9.0.202307121226/tools/bin/../lib/gcc/arm-none-eabi/12.3.1/../../../../arm-none-eabi/lib/thumb/v6-m/nofp\libcr_nohost_nf.a(__sys_flen.o)
 .debug_line    0x0000a953       0x50 d:/mcuxpressoide_11.9.0_2144/ide/plugins/com.nxp.mcuxpresso.tools.win32_11.9.0.202307121226/tools/bin/../lib/gcc/arm-none-eabi/12.3.1/../../../../arm-none-eabi/lib/thumb/v6-m/nofp\libcr_nohost_nf.a(__sys_istty.o)
 .debug_line    0x0000a9a3       0x51 d:/mcuxpressoide_11.9.0_2144/ide/plugins/com.nxp.mcuxpresso.tools.win32_11.9.0.202307121226/tools/bin/../lib/gcc/arm-none-eabi/12.3.1/../../../../arm-none-eabi/lib/thumb/v6-m/nofp\libcr_nohost_nf.a(__sys_remove.o)
 .debug_line    0x0000a9f4       0x4f d:/mcuxpressoide_11.9.0_2144/ide/plugins/com.nxp.mcuxpresso.tools.win32_11.9.0.202307121226/tools/bin/../lib/gcc/arm-none-eabi/12.3.1/../../../../arm-none-eabi/lib/thumb/v6-m/nofp\libcr_nohost_nf.a(__sys_seek.o)
 .debug_line    0x0000aa43       0x51 d:/mcuxpressoide_11.9.0_2144/ide/plugins/com.nxp.mcuxpresso.tools.win32_11.9.0.202307121226/tools/bin/../lib/gcc/arm-none-eabi/12.3.1/../../../../arm-none-eabi/lib/thumb/v6-m/nofp\libcr_nohost_nf.a(__sys_tmpnam.o)
 .debug_line    0x0000aa94       0x4e d:/mcuxpressoide_11.9.0_2144/ide/plugins/com.nxp.mcuxpresso.tools.win32_11.9.0.202307121226/tools/bin/../lib/gcc/arm-none-eabi/12.3.1/../../../../arm-none-eabi/lib/thumb/v6-m/nofp\libcr_nohost_nf.a(__sys_write.o)

.debug_str      0x00000000    0x38da5
 .debug_str     0x00000000    0x31565 ./utilities/fsl_debug_console.o
                              0x3180e (size before relaxing)
 .debug_str     0x00031565      0x3ea ./startup/startup_mkl25z4.o
                               0x321b (size before relaxing)
 .debug_str     0x0003194f     0x2c4b ./source/MKL25Z4_Project_LockdoorSingleServo.o
                              0x3382e (size before relaxing)
 .debug_str     0x0003459a      0x532 ./source/mtb.o
                               0x331e (size before relaxing)
 .debug_str     0x00034acc       0x1f ./source/semihost_hardfault.o
                               0x2e0b (size before relaxing)
 .debug_str     0x00034aeb     0x1695 ./drivers/fsl_clock.o
                              0x322eb (size before relaxing)
 .debug_str     0x00036180      0x12f ./drivers/fsl_common.o
                              0x308b3 (size before relaxing)
 .debug_str     0x000362af      0xa2b ./drivers/fsl_i2c.o
                              0x31ab3 (size before relaxing)
 .debug_str     0x00036cda      0x8cb ./drivers/fsl_lpsci.o
                              0x318e1 (size before relaxing)
 .debug_str     0x000375a5       0x51 ./drivers/fsl_lptmr.o
                              0x31006 (size before relaxing)
 .debug_str     0x000375f6      0x1d8 ./drivers/fsl_tsi_v4.o
                              0x316a5 (size before relaxing)
 .debug_str     0x000377ce      0x7e1 ./drivers/fsl_uart.o
                              0x31904 (size before relaxing)
 .debug_str     0x00037faf       0x35 ./board/board.o
                              0x310d5 (size before relaxing)
 .debug_str     0x00037fe4      0x3c6 ./board/clock_config.o
                              0x312b5 (size before relaxing)
 .debug_str     0x000383aa      0x17c ./board/pin_mux.o
                              0x30d0b (size before relaxing)
 .debug_str     0x00038526       0x44 ./CMSIS/system_MKL25Z4.o
                              0x2fc4d (size before relaxing)
 .debug_str     0x0003856a      0x129 d:/mcuxpressoide_11.9.0_2144/ide/plugins/com.nxp.mcuxpresso.tools.win32_11.9.0.202307121226/tools/bin/../lib/gcc/arm-none-eabi/12.3.1/../../../../arm-none-eabi/lib/thumb/v6-m/nofp\libcr_nohost_nf.a(_cr__main.o)
                                0x16e (size before relaxing)
 .debug_str     0x00038693       0x78 d:/mcuxpressoide_11.9.0_2144/ide/plugins/com.nxp.mcuxpresso.tools.win32_11.9.0.202307121226/tools/bin/../lib/gcc/arm-none-eabi/12.3.1/../../../../arm-none-eabi/lib/thumb/v6-m/nofp\libcr_c.a(memset.o)
                                0x16e (size before relaxing)
 .debug_str     0x0003870b       0xda d:/mcuxpressoide_11.9.0_2144/ide/plugins/com.nxp.mcuxpresso.tools.win32_11.9.0.202307121226/tools/bin/../lib/gcc/arm-none-eabi/12.3.1/../../../../arm-none-eabi/lib/thumb/v6-m/nofp\libcr_c.a(initio.o)
                                0x242 (size before relaxing)
 .debug_str     0x000387e5       0x1d d:/mcuxpressoide_11.9.0_2144/ide/plugins/com.nxp.mcuxpresso.tools.win32_11.9.0.202307121226/tools/bin/../lib/gcc/arm-none-eabi/12.3.1/../../../../arm-none-eabi/lib/thumb/v6-m/nofp\libcr_c.a(setvbuf.o)
                                0x221 (size before relaxing)
 .debug_str     0x00038802       0x26 d:/mcuxpressoide_11.9.0_2144/ide/plugins/com.nxp.mcuxpresso.tools.win32_11.9.0.202307121226/tools/bin/../lib/gcc/arm-none-eabi/12.3.1/../../../../arm-none-eabi/lib/thumb/v6-m/nofp\libcr_c.a(strlen.o)
                                0x168 (size before relaxing)
 .debug_str     0x00038828       0x20 d:/mcuxpressoide_11.9.0_2144/ide/plugins/com.nxp.mcuxpresso.tools.win32_11.9.0.202307121226/tools/bin/../lib/gcc/arm-none-eabi/12.3.1/../../../../arm-none-eabi/lib/thumb/v6-m/nofp\libcr_c.a(_fdopen.o)
                                0x21e (size before relaxing)
 .debug_str     0x00038848       0x33 d:/mcuxpressoide_11.9.0_2144/ide/plugins/com.nxp.mcuxpresso.tools.win32_11.9.0.202307121226/tools/bin/../lib/gcc/arm-none-eabi/12.3.1/../../../../arm-none-eabi/lib/thumb/v6-m/nofp\libcr_c.a(fclose.o)
                                0x24c (size before relaxing)
 .debug_str     0x0003887b       0x1b d:/mcuxpressoide_11.9.0_2144/ide/plugins/com.nxp.mcuxpresso.tools.win32_11.9.0.202307121226/tools/bin/../lib/gcc/arm-none-eabi/12.3.1/../../../../arm-none-eabi/lib/thumb/v6-m/nofp\libcr_c.a(fflush.o)
                                0x223 (size before relaxing)
 .debug_str     0x00038896       0x4a d:/mcuxpressoide_11.9.0_2144/ide/plugins/com.nxp.mcuxpresso.tools.win32_11.9.0.202307121226/tools/bin/../lib/gcc/arm-none-eabi/12.3.1/../../../../arm-none-eabi/lib/thumb/v6-m/nofp\libcr_c.a(fseek.o)
                                0x23c (size before relaxing)
 .debug_str     0x000388e0       0x15 d:/mcuxpressoide_11.9.0_2144/ide/plugins/com.nxp.mcuxpresso.tools.win32_11.9.0.202307121226/tools/bin/../lib/gcc/arm-none-eabi/12.3.1/../../../../arm-none-eabi/lib/thumb/v6-m/nofp\libcr_c.a(ftell.o)
                                0x202 (size before relaxing)
 .debug_str     0x000388f5       0x51 d:/mcuxpressoide_11.9.0_2144/ide/plugins/com.nxp.mcuxpresso.tools.win32_11.9.0.202307121226/tools/bin/../lib/gcc/arm-none-eabi/12.3.1/../../../../arm-none-eabi/lib/thumb/v6-m/nofp\libcr_c.a(remove.o)
                                0x1c1 (size before relaxing)
 .debug_str     0x00038946       0x26 d:/mcuxpressoide_11.9.0_2144/ide/plugins/com.nxp.mcuxpresso.tools.win32_11.9.0.202307121226/tools/bin/../lib/gcc/arm-none-eabi/12.3.1/../../../../arm-none-eabi/lib/thumb/v6-m/nofp\libcr_c.a(_do_fflush.o)
                                0x22d (size before relaxing)
 .debug_str     0x0003896c       0x1c d:/mcuxpressoide_11.9.0_2144/ide/plugins/com.nxp.mcuxpresso.tools.win32_11.9.0.202307121226/tools/bin/../lib/gcc/arm-none-eabi/12.3.1/../../../../arm-none-eabi/lib/thumb/v6-m/nofp\libcr_c.a(_fflush.o)